node_modules/next/dist/client/link.d.ts(1,8): error TS1259: Module '"C:/devops-learning-website-main/node_modules/@types/react/index"' can only be default-imported using the 'esModuleInterop' flag
src/app/sql/page.tsx(5,24): error TS2307: Cannot find module '@/components/layout/tech-layout' or its corresponding type declarations.
src/app/sql/page.tsx(6,26): error TS2307: Cannot find module '@/components/video/VideoSection' or its corresponding type declarations.
src/app/sql/page.tsx(7,55): error TS2307: Cannot find module '@/data/videoTutorials' or its corresponding type declarations.
src/app/sql/page.tsx(9,39): error TS2307: Cannot find module '@/config/authStatus' or its corresponding type declarations.
src/app/sql/page.tsx(90,11): error TS17004: Cannot use JSX unless the '--jsx' flag is provided.
src/app/sql/page.tsx(91,13): error TS17004: Cannot use JSX unless the '--jsx' flag is provided.
src/app/sql/page.tsx(92,15): error TS17004: Cannot use JSX unless the '--jsx' flag is provided.
src/app/sql/page.tsx(95,15): error TS17004: Cannot use JSX unless the '--jsx' flag is provided.
src/app/sql/page.tsx(98,15): error TS17004: Cannot use JSX unless the '--jsx' flag is provided.
src/app/sql/page.tsx(99,17): error TS17004: Cannot use JSX unless the '--jsx' flag is provided.
src/app/sql/page.tsx(100,17): error TS17004: Cannot use JSX unless the '--jsx' flag is provided.
src/app/sql/page.tsx(101,17): error TS17004: Cannot use JSX unless the '--jsx' flag is provided.
src/app/sql/page.tsx(102,17): error TS17004: Cannot use JSX unless the '--jsx' flag is provided.
src/app/sql/page.tsx(103,45): error TS17004: Cannot use JSX unless the '--jsx' flag is provided.
src/app/sql/page.tsx(103,186): error TS17004: Cannot use JSX unless the '--jsx' flag is provided.
src/app/sql/page.tsx(103,192): error TS17004: Cannot use JSX unless the '--jsx' flag is provided.
src/app/sql/page.tsx(104,225): error TS17004: Cannot use JSX unless the '--jsx' flag is provided.
src/app/sql/page.tsx(104,231): error TS17004: Cannot use JSX unless the '--jsx' flag is provided.
src/app/sql/page.tsx(105,165): error TS17004: Cannot use JSX unless the '--jsx' flag is provided.
src/app/sql/page.tsx(105,209): error TS17004: Cannot use JSX unless the '--jsx' flag is provided.
src/app/sql/page.tsx(105,282): error TS17004: Cannot use JSX unless the '--jsx' flag is provided.
src/app/sql/page.tsx(105,288): error TS17004: Cannot use JSX unless the '--jsx' flag is provided.
src/app/sql/page.tsx(106,221): error TS17004: Cannot use JSX unless the '--jsx' flag is provided.
src/app/sql/page.tsx(106,227): error TS17004: Cannot use JSX unless the '--jsx' flag is provided.
src/app/sql/page.tsx(108,21): error TS17004: Cannot use JSX unless the '--jsx' flag is provided.
src/app/sql/page.tsx(109,17): error TS17004: Cannot use JSX unless the '--jsx' flag is provided.
src/app/sql/page.tsx(110,17): error TS17004: Cannot use JSX unless the '--jsx' flag is provided.
src/app/sql/page.tsx(110,197): error TS17004: Cannot use JSX unless the '--jsx' flag is provided.
src/app/sql/page.tsx(110,327): error TS17004: Cannot use JSX unless the '--jsx' flag is provided.
src/app/sql/page.tsx(110,333): error TS17004: Cannot use JSX unless the '--jsx' flag is provided.
src/app/sql/page.tsx(111,188): error TS17004: Cannot use JSX unless the '--jsx' flag is provided.
src/app/sql/page.tsx(111,194): error TS17004: Cannot use JSX unless the '--jsx' flag is provided.
src/app/sql/page.tsx(112,67): error TS17004: Cannot use JSX unless the '--jsx' flag is provided.
src/app/sql/page.tsx(112,171): error TS17004: Cannot use JSX unless the '--jsx' flag is provided.
src/app/sql/page.tsx(112,298): error TS17004: Cannot use JSX unless the '--jsx' flag is provided.
src/app/sql/page.tsx(112,304): error TS17004: Cannot use JSX unless the '--jsx' flag is provided.
src/app/sql/page.tsx(114,21): error TS17004: Cannot use JSX unless the '--jsx' flag is provided.
src/app/sql/page.tsx(115,17): error TS17004: Cannot use JSX unless the '--jsx' flag is provided.
src/app/sql/page.tsx(116,17): error TS17004: Cannot use JSX unless the '--jsx' flag is provided.
src/app/sql/page.tsx(117,50): error TS17004: Cannot use JSX unless the '--jsx' flag is provided.
src/app/sql/page.tsx(117,241): error TS17004: Cannot use JSX unless the '--jsx' flag is provided.
src/app/sql/page.tsx(117,247): error TS17004: Cannot use JSX unless the '--jsx' flag is provided.
src/app/sql/page.tsx(118,19): error TS17004: Cannot use JSX unless the '--jsx' flag is provided.
src/app/sql/page.tsx(120,17): error TS17004: Cannot use JSX unless the '--jsx' flag is provided.
src/app/sql/page.tsx(121,19): error TS17004: Cannot use JSX unless the '--jsx' flag is provided.
src/app/sql/page.tsx(122,19): error TS17004: Cannot use JSX unless the '--jsx' flag is provided.
src/app/sql/page.tsx(123,19): error TS17004: Cannot use JSX unless the '--jsx' flag is provided.
src/app/sql/page.tsx(124,19): error TS17004: Cannot use JSX unless the '--jsx' flag is provided.
src/app/sql/page.tsx(126,17): error TS17004: Cannot use JSX unless the '--jsx' flag is provided.
src/app/sql/page.tsx(127,36): error TS17004: Cannot use JSX unless the '--jsx' flag is provided.
src/app/sql/page.tsx(130,17): error TS17004: Cannot use JSX unless the '--jsx' flag is provided.
src/app/sql/page.tsx(131,17): error TS17004: Cannot use JSX unless the '--jsx' flag is provided.
src/app/sql/page.tsx(134,17): error TS17004: Cannot use JSX unless the '--jsx' flag is provided.
src/app/sql/page.tsx(135,19): error TS17004: Cannot use JSX unless the '--jsx' flag is provided.
src/app/sql/page.tsx(135,23): error TS17004: Cannot use JSX unless the '--jsx' flag is provided.
src/app/sql/page.tsx(136,19): error TS17004: Cannot use JSX unless the '--jsx' flag is provided.
src/app/sql/page.tsx(136,23): error TS17004: Cannot use JSX unless the '--jsx' flag is provided.
src/app/sql/page.tsx(137,19): error TS17004: Cannot use JSX unless the '--jsx' flag is provided.
src/app/sql/page.tsx(137,23): error TS17004: Cannot use JSX unless the '--jsx' flag is provided.
src/app/sql/page.tsx(138,19): error TS17004: Cannot use JSX unless the '--jsx' flag is provided.
src/app/sql/page.tsx(138,23): error TS17004: Cannot use JSX unless the '--jsx' flag is provided.
src/app/sql/page.tsx(138,42): error TS17004: Cannot use JSX unless the '--jsx' flag is provided.
src/app/sql/page.tsx(139,19): error TS17004: Cannot use JSX unless the '--jsx' flag is provided.
src/app/sql/page.tsx(139,23): error TS17004: Cannot use JSX unless the '--jsx' flag is provided.
src/app/sql/page.tsx(141,17): error TS17004: Cannot use JSX unless the '--jsx' flag is provided.
src/app/sql/page.tsx(142,48): error TS17004: Cannot use JSX unless the '--jsx' flag is provided.
src/app/sql/page.tsx(145,17): error TS17004: Cannot use JSX unless the '--jsx' flag is provided.
src/app/sql/page.tsx(146,17): error TS17004: Cannot use JSX unless the '--jsx' flag is provided.
src/app/sql/page.tsx(147,65): error TS17004: Cannot use JSX unless the '--jsx' flag is provided.
src/app/sql/page.tsx(149,17): error TS17004: Cannot use JSX unless the '--jsx' flag is provided.
src/app/sql/page.tsx(149,23): error TS17004: Cannot use JSX unless the '--jsx' flag is provided.
src/app/sql/page.tsx(150,17): error TS17004: Cannot use JSX unless the '--jsx' flag is provided.
src/app/sql/page.tsx(151,19): error TS17004: Cannot use JSX unless the '--jsx' flag is provided.
src/app/sql/page.tsx(151,23): error TS17004: Cannot use JSX unless the '--jsx' flag is provided.
src/app/sql/page.tsx(152,19): error TS17004: Cannot use JSX unless the '--jsx' flag is provided.
src/app/sql/page.tsx(152,23): error TS17004: Cannot use JSX unless the '--jsx' flag is provided.
src/app/sql/page.tsx(153,19): error TS17004: Cannot use JSX unless the '--jsx' flag is provided.
src/app/sql/page.tsx(153,26): error TS17004: Cannot use JSX unless the '--jsx' flag is provided.
src/app/sql/page.tsx(154,19): error TS17004: Cannot use JSX unless the '--jsx' flag is provided.
src/app/sql/page.tsx(154,23): error TS17004: Cannot use JSX unless the '--jsx' flag is provided.
src/app/sql/page.tsx(155,19): error TS17004: Cannot use JSX unless the '--jsx' flag is provided.
src/app/sql/page.tsx(155,26): error TS17004: Cannot use JSX unless the '--jsx' flag is provided.
src/app/sql/page.tsx(156,19): error TS17004: Cannot use JSX unless the '--jsx' flag is provided.
src/app/sql/page.tsx(156,23): error TS17004: Cannot use JSX unless the '--jsx' flag is provided.
src/app/sql/page.tsx(157,19): error TS17004: Cannot use JSX unless the '--jsx' flag is provided.
src/app/sql/page.tsx(157,29): error TS17004: Cannot use JSX unless the '--jsx' flag is provided.
src/app/sql/page.tsx(179,11): error TS17004: Cannot use JSX unless the '--jsx' flag is provided.
src/app/sql/page.tsx(180,13): error TS17004: Cannot use JSX unless the '--jsx' flag is provided.
src/app/sql/page.tsx(181,15): error TS17004: Cannot use JSX unless the '--jsx' flag is provided.
src/app/sql/page.tsx(185,15): error TS17004: Cannot use JSX unless the '--jsx' flag is provided.
src/app/sql/page.tsx(187,17): error TS17004: Cannot use JSX unless the '--jsx' flag is provided.
src/app/sql/page.tsx(188,17): error TS17004: Cannot use JSX unless the '--jsx' flag is provided.
src/app/sql/page.tsx(188,87): error TS17004: Cannot use JSX unless the '--jsx' flag is provided.
src/app/sql/page.tsx(188,222): error TS17004: Cannot use JSX unless the '--jsx' flag is provided.
src/app/sql/page.tsx(188,228): error TS17004: Cannot use JSX unless the '--jsx' flag is provided.
src/app/sql/page.tsx(189,189): error TS17004: Cannot use JSX unless the '--jsx' flag is provided.
src/app/sql/page.tsx(189,195): error TS17004: Cannot use JSX unless the '--jsx' flag is provided.
src/app/sql/page.tsx(190,218): error TS17004: Cannot use JSX unless the '--jsx' flag is provided.
src/app/sql/page.tsx(190,224): error TS17004: Cannot use JSX unless the '--jsx' flag is provided.
src/app/sql/page.tsx(194,17): error TS17004: Cannot use JSX unless the '--jsx' flag is provided.
src/app/sql/page.tsx(195,17): error TS17004: Cannot use JSX unless the '--jsx' flag is provided.
src/app/sql/page.tsx(195,70): error TS17004: Cannot use JSX unless the '--jsx' flag is provided.
src/app/sql/page.tsx(195,100): error TS17004: Cannot use JSX unless the '--jsx' flag is provided.
src/app/sql/page.tsx(196,19): error TS17004: Cannot use JSX unless the '--jsx' flag is provided.
src/app/sql/page.tsx(197,21): error TS17004: Cannot use JSX unless the '--jsx' flag is provided.
src/app/sql/page.tsx(198,21): error TS17004: Cannot use JSX unless the '--jsx' flag is provided.
src/app/sql/page.tsx(199,21): error TS17004: Cannot use JSX unless the '--jsx' flag is provided.
src/app/sql/page.tsx(200,21): error TS17004: Cannot use JSX unless the '--jsx' flag is provided.
src/app/sql/page.tsx(201,21): error TS17004: Cannot use JSX unless the '--jsx' flag is provided.
src/app/sql/page.tsx(202,28): error TS17004: Cannot use JSX unless the '--jsx' flag is provided.
src/app/sql/page.tsx(203,17): error TS17004: Cannot use JSX unless the '--jsx' flag is provided.
src/app/sql/page.tsx(204,17): error TS17004: Cannot use JSX unless the '--jsx' flag is provided.
src/app/sql/page.tsx(205,19): error TS17004: Cannot use JSX unless the '--jsx' flag is provided.
src/app/sql/page.tsx(206,21): error TS17004: Cannot use JSX unless the '--jsx' flag is provided.
src/app/sql/page.tsx(207,21): error TS17004: Cannot use JSX unless the '--jsx' flag is provided.
src/app/sql/page.tsx(208,21): error TS17004: Cannot use JSX unless the '--jsx' flag is provided.
src/app/sql/page.tsx(209,21): error TS17004: Cannot use JSX unless the '--jsx' flag is provided.
src/app/sql/page.tsx(211,49): error TS17004: Cannot use JSX unless the '--jsx' flag is provided.
src/app/sql/page.tsx(211,112): error TS17004: Cannot use JSX unless the '--jsx' flag is provided.
src/app/sql/page.tsx(213,17): error TS17004: Cannot use JSX unless the '--jsx' flag is provided.
src/app/sql/page.tsx(214,17): error TS17004: Cannot use JSX unless the '--jsx' flag is provided.
src/app/sql/page.tsx(215,19): error TS17004: Cannot use JSX unless the '--jsx' flag is provided.
src/app/sql/page.tsx(215,53): error TS17004: Cannot use JSX unless the '--jsx' flag is provided.
src/app/sql/page.tsx(215,162): error TS17004: Cannot use JSX unless the '--jsx' flag is provided.
src/app/sql/page.tsx(215,215): error TS17004: Cannot use JSX unless the '--jsx' flag is provided.
src/app/sql/page.tsx(215,251): error TS17004: Cannot use JSX unless the '--jsx' flag is provided.
src/app/sql/page.tsx(215,285): error TS17004: Cannot use JSX unless the '--jsx' flag is provided.
src/app/sql/page.tsx(215,291): error TS17004: Cannot use JSX unless the '--jsx' flag is provided.
src/app/sql/page.tsx(216,57): error TS17004: Cannot use JSX unless the '--jsx' flag is provided.
src/app/sql/page.tsx(216,138): error TS17004: Cannot use JSX unless the '--jsx' flag is provided.
src/app/sql/page.tsx(216,173): error TS17004: Cannot use JSX unless the '--jsx' flag is provided.
src/app/sql/page.tsx(217,21): error TS17004: Cannot use JSX unless the '--jsx' flag is provided.
src/app/sql/page.tsx(218,17): error TS17004: Cannot use JSX unless the '--jsx' flag is provided.
src/app/sql/page.tsx(219,17): error TS17004: Cannot use JSX unless the '--jsx' flag is provided.
src/app/sql/page.tsx(219,48): error TS17004: Cannot use JSX unless the '--jsx' flag is provided.
src/app/sql/page.tsx(220,17): error TS17004: Cannot use JSX unless the '--jsx' flag is provided.
src/app/sql/page.tsx(221,19): error TS17004: Cannot use JSX unless the '--jsx' flag is provided.
src/app/sql/page.tsx(222,19): error TS17004: Cannot use JSX unless the '--jsx' flag is provided.
src/app/sql/page.tsx(223,19): error TS17004: Cannot use JSX unless the '--jsx' flag is provided.
src/app/sql/page.tsx(224,19): error TS17004: Cannot use JSX unless the '--jsx' flag is provided.
src/app/sql/page.tsx(225,19): error TS17004: Cannot use JSX unless the '--jsx' flag is provided.
src/app/sql/page.tsx(229,17): error TS17004: Cannot use JSX unless the '--jsx' flag is provided.
src/app/sql/page.tsx(230,17): error TS17004: Cannot use JSX unless the '--jsx' flag is provided.
src/app/sql/page.tsx(231,19): error TS17004: Cannot use JSX unless the '--jsx' flag is provided.
src/app/sql/page.tsx(232,19): error TS17004: Cannot use JSX unless the '--jsx' flag is provided.
src/app/sql/page.tsx(233,19): error TS17004: Cannot use JSX unless the '--jsx' flag is provided.
src/app/sql/page.tsx(234,19): error TS17004: Cannot use JSX unless the '--jsx' flag is provided.
src/app/sql/page.tsx(236,17): error TS17004: Cannot use JSX unless the '--jsx' flag is provided.
src/app/sql/page.tsx(236,102): error TS17004: Cannot use JSX unless the '--jsx' flag is provided.
src/app/sql/page.tsx(238,17): error TS17004: Cannot use JSX unless the '--jsx' flag is provided.
src/app/sql/page.tsx(238,23): error TS17004: Cannot use JSX unless the '--jsx' flag is provided.
src/app/sql/page.tsx(240,17): error TS17004: Cannot use JSX unless the '--jsx' flag is provided.
src/app/sql/page.tsx(241,19): error TS17004: Cannot use JSX unless the '--jsx' flag is provided.
src/app/sql/page.tsx(242,21): error TS17004: Cannot use JSX unless the '--jsx' flag is provided.
src/app/sql/page.tsx(244,19): error TS17004: Cannot use JSX unless the '--jsx' flag is provided.
src/app/sql/page.tsx(245,21): error TS17004: Cannot use JSX unless the '--jsx' flag is provided.
src/app/sql/page.tsx(246,23): error TS17004: Cannot use JSX unless the '--jsx' flag is provided.
src/app/sql/page.tsx(246,77): error TS17004: Cannot use JSX unless the '--jsx' flag is provided.
src/app/sql/page.tsx(247,23): error TS17004: Cannot use JSX unless the '--jsx' flag is provided.
src/app/sql/page.tsx(247,77): error TS17004: Cannot use JSX unless the '--jsx' flag is provided.
src/app/sql/page.tsx(250,19): error TS17004: Cannot use JSX unless the '--jsx' flag is provided.
src/app/sql/page.tsx(251,21): error TS17004: Cannot use JSX unless the '--jsx' flag is provided.
src/app/sql/page.tsx(252,23): error TS17004: Cannot use JSX unless the '--jsx' flag is provided.
src/app/sql/page.tsx(252,83): error TS17004: Cannot use JSX unless the '--jsx' flag is provided.
src/app/sql/page.tsx(253,23): error TS17004: Cannot use JSX unless the '--jsx' flag is provided.
src/app/sql/page.tsx(253,84): error TS17004: Cannot use JSX unless the '--jsx' flag is provided.
src/app/sql/page.tsx(255,21): error TS17004: Cannot use JSX unless the '--jsx' flag is provided.
src/app/sql/page.tsx(256,23): error TS17004: Cannot use JSX unless the '--jsx' flag is provided.
src/app/sql/page.tsx(256,82): error TS17004: Cannot use JSX unless the '--jsx' flag is provided.
src/app/sql/page.tsx(257,23): error TS17004: Cannot use JSX unless the '--jsx' flag is provided.
src/app/sql/page.tsx(257,87): error TS17004: Cannot use JSX unless the '--jsx' flag is provided.
src/app/sql/page.tsx(259,21): error TS17004: Cannot use JSX unless the '--jsx' flag is provided.
src/app/sql/page.tsx(260,23): error TS17004: Cannot use JSX unless the '--jsx' flag is provided.
src/app/sql/page.tsx(260,72): error TS17004: Cannot use JSX unless the '--jsx' flag is provided.
src/app/sql/page.tsx(261,23): error TS17004: Cannot use JSX unless the '--jsx' flag is provided.
src/app/sql/page.tsx(261,67): error TS17004: Cannot use JSX unless the '--jsx' flag is provided.
src/app/sql/page.tsx(263,21): error TS17004: Cannot use JSX unless the '--jsx' flag is provided.
src/app/sql/page.tsx(264,23): error TS17004: Cannot use JSX unless the '--jsx' flag is provided.
src/app/sql/page.tsx(264,100): error TS17004: Cannot use JSX unless the '--jsx' flag is provided.
src/app/sql/page.tsx(265,23): error TS17004: Cannot use JSX unless the '--jsx' flag is provided.
src/app/sql/page.tsx(265,86): error TS17004: Cannot use JSX unless the '--jsx' flag is provided.
src/app/sql/page.tsx(267,21): error TS17004: Cannot use JSX unless the '--jsx' flag is provided.
src/app/sql/page.tsx(268,23): error TS17004: Cannot use JSX unless the '--jsx' flag is provided.
src/app/sql/page.tsx(268,99): error TS17004: Cannot use JSX unless the '--jsx' flag is provided.
src/app/sql/page.tsx(269,23): error TS17004: Cannot use JSX unless the '--jsx' flag is provided.
src/app/sql/page.tsx(269,75): error TS17004: Cannot use JSX unless the '--jsx' flag is provided.
src/app/sql/page.tsx(271,21): error TS17004: Cannot use JSX unless the '--jsx' flag is provided.
src/app/sql/page.tsx(272,23): error TS17004: Cannot use JSX unless the '--jsx' flag is provided.
src/app/sql/page.tsx(272,80): error TS17004: Cannot use JSX unless the '--jsx' flag is provided.
src/app/sql/page.tsx(273,23): error TS17004: Cannot use JSX unless the '--jsx' flag is provided.
src/app/sql/page.tsx(273,80): error TS17004: Cannot use JSX unless the '--jsx' flag is provided.
src/app/sql/page.tsx(275,21): error TS17004: Cannot use JSX unless the '--jsx' flag is provided.
src/app/sql/page.tsx(276,23): error TS17004: Cannot use JSX unless the '--jsx' flag is provided.
src/app/sql/page.tsx(276,89): error TS17004: Cannot use JSX unless the '--jsx' flag is provided.
src/app/sql/page.tsx(277,23): error TS17004: Cannot use JSX unless the '--jsx' flag is provided.
src/app/sql/page.tsx(277,76): error TS17004: Cannot use JSX unless the '--jsx' flag is provided.
src/app/sql/page.tsx(279,21): error TS17004: Cannot use JSX unless the '--jsx' flag is provided.
src/app/sql/page.tsx(280,23): error TS17004: Cannot use JSX unless the '--jsx' flag is provided.
src/app/sql/page.tsx(280,67): error TS17004: Cannot use JSX unless the '--jsx' flag is provided.
src/app/sql/page.tsx(280,83): error TS17004: Cannot use JSX unless the '--jsx' flag is provided.
src/app/sql/page.tsx(281,23): error TS17004: Cannot use JSX unless the '--jsx' flag is provided.
src/app/sql/page.tsx(281,67): error TS17004: Cannot use JSX unless the '--jsx' flag is provided.
src/app/sql/page.tsx(281,83): error TS17004: Cannot use JSX unless the '--jsx' flag is provided.
src/app/sql/page.tsx(293,11): error TS17004: Cannot use JSX unless the '--jsx' flag is provided.
src/app/sql/page.tsx(295,13): error TS17004: Cannot use JSX unless the '--jsx' flag is provided.
src/app/sql/page.tsx(296,15): error TS17004: Cannot use JSX unless the '--jsx' flag is provided.
src/app/sql/page.tsx(303,15): error TS17004: Cannot use JSX unless the '--jsx' flag is provided.
src/app/sql/page.tsx(304,17): error TS17004: Cannot use JSX unless the '--jsx' flag is provided.
src/app/sql/page.tsx(305,19): error TS17004: Cannot use JSX unless the '--jsx' flag is provided.
src/app/sql/page.tsx(306,19): error TS17004: Cannot use JSX unless the '--jsx' flag is provided.
src/app/sql/page.tsx(306,111): error TS17004: Cannot use JSX unless the '--jsx' flag is provided.
src/app/sql/page.tsx(308,19): error TS17004: Cannot use JSX unless the '--jsx' flag is provided.
src/app/sql/page.tsx(309,19): error TS17004: Cannot use JSX unless the '--jsx' flag is provided.
src/app/sql/page.tsx(309,97): error TS17004: Cannot use JSX unless the '--jsx' flag is provided.
src/app/sql/page.tsx(310,19): error TS17004: Cannot use JSX unless the '--jsx' flag is provided.
src/app/sql/page.tsx(311,19): error TS17004: Cannot use JSX unless the '--jsx' flag is provided.
src/app/sql/page.tsx(312,21): error TS17004: Cannot use JSX unless the '--jsx' flag is provided.
src/app/sql/page.tsx(313,21): error TS17004: Cannot use JSX unless the '--jsx' flag is provided.
src/app/sql/page.tsx(315,19): error TS17004: Cannot use JSX unless the '--jsx' flag is provided.
src/app/sql/page.tsx(316,19): error TS17004: Cannot use JSX unless the '--jsx' flag is provided.
src/app/sql/page.tsx(317,21): error TS17004: Cannot use JSX unless the '--jsx' flag is provided.
src/app/sql/page.tsx(317,25): error TS17004: Cannot use JSX unless the '--jsx' flag is provided.
src/app/sql/page.tsx(318,21): error TS17004: Cannot use JSX unless the '--jsx' flag is provided.
src/app/sql/page.tsx(318,25): error TS17004: Cannot use JSX unless the '--jsx' flag is provided.
src/app/sql/page.tsx(319,21): error TS17004: Cannot use JSX unless the '--jsx' flag is provided.
src/app/sql/page.tsx(319,25): error TS17004: Cannot use JSX unless the '--jsx' flag is provided.
src/app/sql/page.tsx(320,21): error TS17004: Cannot use JSX unless the '--jsx' flag is provided.
src/app/sql/page.tsx(320,25): error TS17004: Cannot use JSX unless the '--jsx' flag is provided.
src/app/sql/page.tsx(321,21): error TS17004: Cannot use JSX unless the '--jsx' flag is provided.
src/app/sql/page.tsx(321,25): error TS17004: Cannot use JSX unless the '--jsx' flag is provided.
src/app/sql/page.tsx(324,19): error TS17004: Cannot use JSX unless the '--jsx' flag is provided.
src/app/sql/page.tsx(325,19): error TS17004: Cannot use JSX unless the '--jsx' flag is provided.
src/app/sql/page.tsx(326,19): error TS17004: Cannot use JSX unless the '--jsx' flag is provided.
src/app/sql/page.tsx(327,19): error TS17004: Cannot use JSX unless the '--jsx' flag is provided.
src/app/sql/page.tsx(328,21): error TS17004: Cannot use JSX unless the '--jsx' flag is provided.
src/app/sql/page.tsx(329,21): error TS17004: Cannot use JSX unless the '--jsx' flag is provided.
src/app/sql/page.tsx(331,19): error TS17004: Cannot use JSX unless the '--jsx' flag is provided.
src/app/sql/page.tsx(332,19): error TS17004: Cannot use JSX unless the '--jsx' flag is provided.
src/app/sql/page.tsx(333,21): error TS17004: Cannot use JSX unless the '--jsx' flag is provided.
src/app/sql/page.tsx(333,25): error TS17004: Cannot use JSX unless the '--jsx' flag is provided.
src/app/sql/page.tsx(336,19): error TS17004: Cannot use JSX unless the '--jsx' flag is provided.
src/app/sql/page.tsx(337,19): error TS17004: Cannot use JSX unless the '--jsx' flag is provided.
src/app/sql/page.tsx(337,97): error TS17004: Cannot use JSX unless the '--jsx' flag is provided.
src/app/sql/page.tsx(338,19): error TS17004: Cannot use JSX unless the '--jsx' flag is provided.
src/app/sql/page.tsx(339,19): error TS17004: Cannot use JSX unless the '--jsx' flag is provided.
src/app/sql/page.tsx(340,21): error TS17004: Cannot use JSX unless the '--jsx' flag is provided.
src/app/sql/page.tsx(341,21): error TS17004: Cannot use JSX unless the '--jsx' flag is provided.
src/app/sql/page.tsx(342,21): error TS17004: Cannot use JSX unless the '--jsx' flag is provided.
src/app/sql/page.tsx(344,19): error TS17004: Cannot use JSX unless the '--jsx' flag is provided.
src/app/sql/page.tsx(345,19): error TS17004: Cannot use JSX unless the '--jsx' flag is provided.
src/app/sql/page.tsx(346,21): error TS17004: Cannot use JSX unless the '--jsx' flag is provided.
src/app/sql/page.tsx(346,25): error TS17004: Cannot use JSX unless the '--jsx' flag is provided.
src/app/sql/page.tsx(347,21): error TS17004: Cannot use JSX unless the '--jsx' flag is provided.
src/app/sql/page.tsx(347,25): error TS17004: Cannot use JSX unless the '--jsx' flag is provided.
src/app/sql/page.tsx(348,21): error TS17004: Cannot use JSX unless the '--jsx' flag is provided.
src/app/sql/page.tsx(348,25): error TS17004: Cannot use JSX unless the '--jsx' flag is provided.
src/app/sql/page.tsx(349,21): error TS17004: Cannot use JSX unless the '--jsx' flag is provided.
src/app/sql/page.tsx(349,25): error TS17004: Cannot use JSX unless the '--jsx' flag is provided.
src/app/sql/page.tsx(350,21): error TS17004: Cannot use JSX unless the '--jsx' flag is provided.
src/app/sql/page.tsx(350,25): error TS17004: Cannot use JSX unless the '--jsx' flag is provided.
src/app/sql/page.tsx(353,19): error TS17004: Cannot use JSX unless the '--jsx' flag is provided.
src/app/sql/page.tsx(354,19): error TS17004: Cannot use JSX unless the '--jsx' flag is provided.
src/app/sql/page.tsx(354,92): error TS17004: Cannot use JSX unless the '--jsx' flag is provided.
src/app/sql/page.tsx(355,19): error TS17004: Cannot use JSX unless the '--jsx' flag is provided.
src/app/sql/page.tsx(356,19): error TS17004: Cannot use JSX unless the '--jsx' flag is provided.
src/app/sql/page.tsx(357,21): error TS17004: Cannot use JSX unless the '--jsx' flag is provided.
src/app/sql/page.tsx(358,21): error TS17004: Cannot use JSX unless the '--jsx' flag is provided.
src/app/sql/page.tsx(360,19): error TS17004: Cannot use JSX unless the '--jsx' flag is provided.
src/app/sql/page.tsx(361,19): error TS17004: Cannot use JSX unless the '--jsx' flag is provided.
src/app/sql/page.tsx(362,21): error TS17004: Cannot use JSX unless the '--jsx' flag is provided.
src/app/sql/page.tsx(362,25): error TS17004: Cannot use JSX unless the '--jsx' flag is provided.
src/app/sql/page.tsx(363,21): error TS17004: Cannot use JSX unless the '--jsx' flag is provided.
src/app/sql/page.tsx(363,25): error TS17004: Cannot use JSX unless the '--jsx' flag is provided.
src/app/sql/page.tsx(366,19): error TS17004: Cannot use JSX unless the '--jsx' flag is provided.
src/app/sql/page.tsx(367,19): error TS17004: Cannot use JSX unless the '--jsx' flag is provided.
src/app/sql/page.tsx(367,92): error TS17004: Cannot use JSX unless the '--jsx' flag is provided.
src/app/sql/page.tsx(368,19): error TS17004: Cannot use JSX unless the '--jsx' flag is provided.
src/app/sql/page.tsx(369,19): error TS17004: Cannot use JSX unless the '--jsx' flag is provided.
src/app/sql/page.tsx(370,21): error TS17004: Cannot use JSX unless the '--jsx' flag is provided.
src/app/sql/page.tsx(371,21): error TS17004: Cannot use JSX unless the '--jsx' flag is provided.
src/app/sql/page.tsx(372,21): error TS17004: Cannot use JSX unless the '--jsx' flag is provided.
src/app/sql/page.tsx(374,19): error TS17004: Cannot use JSX unless the '--jsx' flag is provided.
src/app/sql/page.tsx(375,19): error TS17004: Cannot use JSX unless the '--jsx' flag is provided.
src/app/sql/page.tsx(376,21): error TS17004: Cannot use JSX unless the '--jsx' flag is provided.
src/app/sql/page.tsx(376,25): error TS17004: Cannot use JSX unless the '--jsx' flag is provided.
src/app/sql/page.tsx(377,21): error TS17004: Cannot use JSX unless the '--jsx' flag is provided.
src/app/sql/page.tsx(377,25): error TS17004: Cannot use JSX unless the '--jsx' flag is provided.
src/app/sql/page.tsx(378,21): error TS17004: Cannot use JSX unless the '--jsx' flag is provided.
src/app/sql/page.tsx(378,25): error TS17004: Cannot use JSX unless the '--jsx' flag is provided.
src/app/sql/page.tsx(379,21): error TS17004: Cannot use JSX unless the '--jsx' flag is provided.
src/app/sql/page.tsx(379,25): error TS17004: Cannot use JSX unless the '--jsx' flag is provided.
src/app/sql/page.tsx(389,11): error TS17004: Cannot use JSX unless the '--jsx' flag is provided.
src/app/sql/page.tsx(390,13): error TS17004: Cannot use JSX unless the '--jsx' flag is provided.
src/app/sql/page.tsx(391,15): error TS17004: Cannot use JSX unless the '--jsx' flag is provided.
src/app/sql/page.tsx(392,15): error TS17004: Cannot use JSX unless the '--jsx' flag is provided.
src/app/sql/page.tsx(393,17): error TS17004: Cannot use JSX unless the '--jsx' flag is provided.
src/app/sql/page.tsx(394,19): error TS17004: Cannot use JSX unless the '--jsx' flag is provided.
src/app/sql/page.tsx(394,83): error TS17004: Cannot use JSX unless the '--jsx' flag is provided.
src/app/sql/page.tsx(395,19): error TS17004: Cannot use JSX unless the '--jsx' flag is provided.
src/app/sql/page.tsx(395,72): error TS17004: Cannot use JSX unless the '--jsx' flag is provided.
src/app/sql/page.tsx(395,100): error TS17004: Cannot use JSX unless the '--jsx' flag is provided.
src/app/sql/page.tsx(395,118): error TS17004: Cannot use JSX unless the '--jsx' flag is provided.
src/app/sql/page.tsx(395,142): error TS17004: Cannot use JSX unless the '--jsx' flag is provided.
src/app/sql/page.tsx(395,223): error TS17004: Cannot use JSX unless the '--jsx' flag is provided.
src/app/sql/page.tsx(396,44): error TS17004: Cannot use JSX unless the '--jsx' flag is provided.
src/app/sql/page.tsx(398,19): error TS17004: Cannot use JSX unless the '--jsx' flag is provided.
src/app/sql/page.tsx(399,19): error TS17004: Cannot use JSX unless the '--jsx' flag is provided.
src/app/sql/page.tsx(400,21): error TS17004: Cannot use JSX unless the '--jsx' flag is provided.
src/app/sql/page.tsx(401,23): error TS17004: Cannot use JSX unless the '--jsx' flag is provided.
src/app/sql/page.tsx(402,23): error TS17004: Cannot use JSX unless the '--jsx' flag is provided.
src/app/sql/page.tsx(403,41): error TS17004: Cannot use JSX unless the '--jsx' flag is provided.
src/app/sql/page.tsx(405,23): error TS17004: Cannot use JSX unless the '--jsx' flag is provided.
src/app/sql/page.tsx(406,25): error TS17004: Cannot use JSX unless the '--jsx' flag is provided.
src/app/sql/page.tsx(407,27): error TS17004: Cannot use JSX unless the '--jsx' flag is provided.
src/app/sql/page.tsx(408,29): error TS17004: Cannot use JSX unless the '--jsx' flag is provided.
src/app/sql/page.tsx(409,29): error TS17004: Cannot use JSX unless the '--jsx' flag is provided.
src/app/sql/page.tsx(410,29): error TS17004: Cannot use JSX unless the '--jsx' flag is provided.
src/app/sql/page.tsx(413,25): error TS17004: Cannot use JSX unless the '--jsx' flag is provided.
src/app/sql/page.tsx(414,27): error TS17004: Cannot use JSX unless the '--jsx' flag is provided.
src/app/sql/page.tsx(415,29): error TS17004: Cannot use JSX unless the '--jsx' flag is provided.
src/app/sql/page.tsx(416,29): error TS17004: Cannot use JSX unless the '--jsx' flag is provided.
src/app/sql/page.tsx(417,29): error TS17004: Cannot use JSX unless the '--jsx' flag is provided.
src/app/sql/page.tsx(420,27): error TS17004: Cannot use JSX unless the '--jsx' flag is provided.
src/app/sql/page.tsx(421,29): error TS17004: Cannot use JSX unless the '--jsx' flag is provided.
src/app/sql/page.tsx(422,29): error TS17004: Cannot use JSX unless the '--jsx' flag is provided.
src/app/sql/page.tsx(423,29): error TS17004: Cannot use JSX unless the '--jsx' flag is provided.
src/app/sql/page.tsx(425,27): error TS17004: Cannot use JSX unless the '--jsx' flag is provided.
src/app/sql/page.tsx(426,29): error TS17004: Cannot use JSX unless the '--jsx' flag is provided.
src/app/sql/page.tsx(427,29): error TS17004: Cannot use JSX unless the '--jsx' flag is provided.
src/app/sql/page.tsx(428,29): error TS17004: Cannot use JSX unless the '--jsx' flag is provided.
src/app/sql/page.tsx(430,27): error TS17004: Cannot use JSX unless the '--jsx' flag is provided.
src/app/sql/page.tsx(431,29): error TS17004: Cannot use JSX unless the '--jsx' flag is provided.
src/app/sql/page.tsx(432,29): error TS17004: Cannot use JSX unless the '--jsx' flag is provided.
src/app/sql/page.tsx(433,29): error TS17004: Cannot use JSX unless the '--jsx' flag is provided.
src/app/sql/page.tsx(435,27): error TS17004: Cannot use JSX unless the '--jsx' flag is provided.
src/app/sql/page.tsx(436,29): error TS17004: Cannot use JSX unless the '--jsx' flag is provided.
src/app/sql/page.tsx(437,29): error TS17004: Cannot use JSX unless the '--jsx' flag is provided.
src/app/sql/page.tsx(438,29): error TS17004: Cannot use JSX unless the '--jsx' flag is provided.
src/app/sql/page.tsx(443,21): error TS17004: Cannot use JSX unless the '--jsx' flag is provided.
src/app/sql/page.tsx(444,23): error TS17004: Cannot use JSX unless the '--jsx' flag is provided.
src/app/sql/page.tsx(445,23): error TS17004: Cannot use JSX unless the '--jsx' flag is provided.
src/app/sql/page.tsx(446,33): error TS17004: Cannot use JSX unless the '--jsx' flag is provided.
src/app/sql/page.tsx(449,23): error TS17004: Cannot use JSX unless the '--jsx' flag is provided.
src/app/sql/page.tsx(450,25): error TS17004: Cannot use JSX unless the '--jsx' flag is provided.
src/app/sql/page.tsx(451,27): error TS17004: Cannot use JSX unless the '--jsx' flag is provided.
src/app/sql/page.tsx(452,29): error TS17004: Cannot use JSX unless the '--jsx' flag is provided.
src/app/sql/page.tsx(453,29): error TS17004: Cannot use JSX unless the '--jsx' flag is provided.
src/app/sql/page.tsx(456,25): error TS17004: Cannot use JSX unless the '--jsx' flag is provided.
src/app/sql/page.tsx(457,27): error TS17004: Cannot use JSX unless the '--jsx' flag is provided.
src/app/sql/page.tsx(458,29): error TS17004: Cannot use JSX unless the '--jsx' flag is provided.
src/app/sql/page.tsx(459,29): error TS17004: Cannot use JSX unless the '--jsx' flag is provided.
src/app/sql/page.tsx(461,27): error TS17004: Cannot use JSX unless the '--jsx' flag is provided.
src/app/sql/page.tsx(462,29): error TS17004: Cannot use JSX unless the '--jsx' flag is provided.
src/app/sql/page.tsx(463,29): error TS17004: Cannot use JSX unless the '--jsx' flag is provided.
src/app/sql/page.tsx(465,27): error TS17004: Cannot use JSX unless the '--jsx' flag is provided.
src/app/sql/page.tsx(466,29): error TS17004: Cannot use JSX unless the '--jsx' flag is provided.
src/app/sql/page.tsx(467,29): error TS17004: Cannot use JSX unless the '--jsx' flag is provided.
src/app/sql/page.tsx(469,27): error TS17004: Cannot use JSX unless the '--jsx' flag is provided.
src/app/sql/page.tsx(470,29): error TS17004: Cannot use JSX unless the '--jsx' flag is provided.
src/app/sql/page.tsx(471,29): error TS17004: Cannot use JSX unless the '--jsx' flag is provided.
src/app/sql/page.tsx(473,27): error TS17004: Cannot use JSX unless the '--jsx' flag is provided.
src/app/sql/page.tsx(474,29): error TS17004: Cannot use JSX unless the '--jsx' flag is provided.
src/app/sql/page.tsx(475,29): error TS17004: Cannot use JSX unless the '--jsx' flag is provided.
src/app/sql/page.tsx(477,27): error TS17004: Cannot use JSX unless the '--jsx' flag is provided.
src/app/sql/page.tsx(478,29): error TS17004: Cannot use JSX unless the '--jsx' flag is provided.
src/app/sql/page.tsx(479,29): error TS17004: Cannot use JSX unless the '--jsx' flag is provided.
src/app/sql/page.tsx(484,21): error TS17004: Cannot use JSX unless the '--jsx' flag is provided.
src/app/sql/page.tsx(485,23): error TS17004: Cannot use JSX unless the '--jsx' flag is provided.
src/app/sql/page.tsx(486,23): error TS17004: Cannot use JSX unless the '--jsx' flag is provided.
src/app/sql/page.tsx(487,33): error TS17004: Cannot use JSX unless the '--jsx' flag is provided.
src/app/sql/page.tsx(489,23): error TS17004: Cannot use JSX unless the '--jsx' flag is provided.
src/app/sql/page.tsx(490,25): error TS17004: Cannot use JSX unless the '--jsx' flag is provided.
src/app/sql/page.tsx(491,27): error TS17004: Cannot use JSX unless the '--jsx' flag is provided.
src/app/sql/page.tsx(492,29): error TS17004: Cannot use JSX unless the '--jsx' flag is provided.
src/app/sql/page.tsx(493,29): error TS17004: Cannot use JSX unless the '--jsx' flag is provided.
src/app/sql/page.tsx(496,25): error TS17004: Cannot use JSX unless the '--jsx' flag is provided.
src/app/sql/page.tsx(497,27): error TS17004: Cannot use JSX unless the '--jsx' flag is provided.
src/app/sql/page.tsx(498,29): error TS17004: Cannot use JSX unless the '--jsx' flag is provided.
src/app/sql/page.tsx(499,29): error TS17004: Cannot use JSX unless the '--jsx' flag is provided.
src/app/sql/page.tsx(501,27): error TS17004: Cannot use JSX unless the '--jsx' flag is provided.
src/app/sql/page.tsx(502,29): error TS17004: Cannot use JSX unless the '--jsx' flag is provided.
src/app/sql/page.tsx(503,29): error TS17004: Cannot use JSX unless the '--jsx' flag is provided.
src/app/sql/page.tsx(505,27): error TS17004: Cannot use JSX unless the '--jsx' flag is provided.
src/app/sql/page.tsx(506,29): error TS17004: Cannot use JSX unless the '--jsx' flag is provided.
src/app/sql/page.tsx(507,29): error TS17004: Cannot use JSX unless the '--jsx' flag is provided.
src/app/sql/page.tsx(512,21): error TS17004: Cannot use JSX unless the '--jsx' flag is provided.
src/app/sql/page.tsx(513,23): error TS17004: Cannot use JSX unless the '--jsx' flag is provided.
src/app/sql/page.tsx(514,23): error TS17004: Cannot use JSX unless the '--jsx' flag is provided.
src/app/sql/page.tsx(515,33): error TS17004: Cannot use JSX unless the '--jsx' flag is provided.
src/app/sql/page.tsx(518,23): error TS17004: Cannot use JSX unless the '--jsx' flag is provided.
src/app/sql/page.tsx(519,25): error TS17004: Cannot use JSX unless the '--jsx' flag is provided.
src/app/sql/page.tsx(520,27): error TS17004: Cannot use JSX unless the '--jsx' flag is provided.
src/app/sql/page.tsx(521,29): error TS17004: Cannot use JSX unless the '--jsx' flag is provided.
src/app/sql/page.tsx(522,29): error TS17004: Cannot use JSX unless the '--jsx' flag is provided.
src/app/sql/page.tsx(525,25): error TS17004: Cannot use JSX unless the '--jsx' flag is provided.
src/app/sql/page.tsx(526,27): error TS17004: Cannot use JSX unless the '--jsx' flag is provided.
src/app/sql/page.tsx(527,29): error TS17004: Cannot use JSX unless the '--jsx' flag is provided.
src/app/sql/page.tsx(528,29): error TS17004: Cannot use JSX unless the '--jsx' flag is provided.
src/app/sql/page.tsx(533,21): error TS17004: Cannot use JSX unless the '--jsx' flag is provided.
src/app/sql/page.tsx(534,23): error TS17004: Cannot use JSX unless the '--jsx' flag is provided.
src/app/sql/page.tsx(535,23): error TS17004: Cannot use JSX unless the '--jsx' flag is provided.
src/app/sql/page.tsx(536,33): error TS17004: Cannot use JSX unless the '--jsx' flag is provided.
src/app/sql/page.tsx(538,23): error TS17004: Cannot use JSX unless the '--jsx' flag is provided.
src/app/sql/page.tsx(539,25): error TS17004: Cannot use JSX unless the '--jsx' flag is provided.
src/app/sql/page.tsx(540,27): error TS17004: Cannot use JSX unless the '--jsx' flag is provided.
src/app/sql/page.tsx(541,29): error TS17004: Cannot use JSX unless the '--jsx' flag is provided.
src/app/sql/page.tsx(542,29): error TS17004: Cannot use JSX unless the '--jsx' flag is provided.
src/app/sql/page.tsx(545,25): error TS17004: Cannot use JSX unless the '--jsx' flag is provided.
src/app/sql/page.tsx(546,27): error TS17004: Cannot use JSX unless the '--jsx' flag is provided.
src/app/sql/page.tsx(547,29): error TS17004: Cannot use JSX unless the '--jsx' flag is provided.
src/app/sql/page.tsx(548,29): error TS17004: Cannot use JSX unless the '--jsx' flag is provided.
src/app/sql/page.tsx(550,27): error TS17004: Cannot use JSX unless the '--jsx' flag is provided.
src/app/sql/page.tsx(551,29): error TS17004: Cannot use JSX unless the '--jsx' flag is provided.
src/app/sql/page.tsx(552,29): error TS17004: Cannot use JSX unless the '--jsx' flag is provided.
src/app/sql/page.tsx(557,21): error TS17004: Cannot use JSX unless the '--jsx' flag is provided.
src/app/sql/page.tsx(558,23): error TS17004: Cannot use JSX unless the '--jsx' flag is provided.
src/app/sql/page.tsx(559,23): error TS17004: Cannot use JSX unless the '--jsx' flag is provided.
src/app/sql/page.tsx(560,33): error TS17004: Cannot use JSX unless the '--jsx' flag is provided.
src/app/sql/page.tsx(562,23): error TS17004: Cannot use JSX unless the '--jsx' flag is provided.
src/app/sql/page.tsx(563,25): error TS17004: Cannot use JSX unless the '--jsx' flag is provided.
src/app/sql/page.tsx(564,27): error TS17004: Cannot use JSX unless the '--jsx' flag is provided.
src/app/sql/page.tsx(565,29): error TS17004: Cannot use JSX unless the '--jsx' flag is provided.
src/app/sql/page.tsx(566,29): error TS17004: Cannot use JSX unless the '--jsx' flag is provided.
src/app/sql/page.tsx(569,25): error TS17004: Cannot use JSX unless the '--jsx' flag is provided.
src/app/sql/page.tsx(570,27): error TS17004: Cannot use JSX unless the '--jsx' flag is provided.
src/app/sql/page.tsx(571,29): error TS17004: Cannot use JSX unless the '--jsx' flag is provided.
src/app/sql/page.tsx(572,29): error TS17004: Cannot use JSX unless the '--jsx' flag is provided.
src/app/sql/page.tsx(574,27): error TS17004: Cannot use JSX unless the '--jsx' flag is provided.
src/app/sql/page.tsx(575,29): error TS17004: Cannot use JSX unless the '--jsx' flag is provided.
src/app/sql/page.tsx(576,29): error TS17004: Cannot use JSX unless the '--jsx' flag is provided.
src/app/sql/page.tsx(578,27): error TS17004: Cannot use JSX unless the '--jsx' flag is provided.
src/app/sql/page.tsx(579,29): error TS17004: Cannot use JSX unless the '--jsx' flag is provided.
src/app/sql/page.tsx(580,29): error TS17004: Cannot use JSX unless the '--jsx' flag is provided.
src/app/sql/page.tsx(582,27): error TS17004: Cannot use JSX unless the '--jsx' flag is provided.
src/app/sql/page.tsx(583,29): error TS17004: Cannot use JSX unless the '--jsx' flag is provided.
src/app/sql/page.tsx(584,29): error TS17004: Cannot use JSX unless the '--jsx' flag is provided.
src/app/sql/page.tsx(589,21): error TS17004: Cannot use JSX unless the '--jsx' flag is provided.
src/app/sql/page.tsx(590,23): error TS17004: Cannot use JSX unless the '--jsx' flag is provided.
src/app/sql/page.tsx(591,23): error TS17004: Cannot use JSX unless the '--jsx' flag is provided.
src/app/sql/page.tsx(592,34): error TS17004: Cannot use JSX unless the '--jsx' flag is provided.
src/app/sql/page.tsx(595,23): error TS17004: Cannot use JSX unless the '--jsx' flag is provided.
src/app/sql/page.tsx(596,25): error TS17004: Cannot use JSX unless the '--jsx' flag is provided.
src/app/sql/page.tsx(597,27): error TS17004: Cannot use JSX unless the '--jsx' flag is provided.
src/app/sql/page.tsx(598,29): error TS17004: Cannot use JSX unless the '--jsx' flag is provided.
src/app/sql/page.tsx(599,29): error TS17004: Cannot use JSX unless the '--jsx' flag is provided.
src/app/sql/page.tsx(602,25): error TS17004: Cannot use JSX unless the '--jsx' flag is provided.
src/app/sql/page.tsx(603,27): error TS17004: Cannot use JSX unless the '--jsx' flag is provided.
src/app/sql/page.tsx(604,29): error TS17004: Cannot use JSX unless the '--jsx' flag is provided.
src/app/sql/page.tsx(605,29): error TS17004: Cannot use JSX unless the '--jsx' flag is provided.
src/app/sql/page.tsx(607,27): error TS17004: Cannot use JSX unless the '--jsx' flag is provided.
src/app/sql/page.tsx(608,29): error TS17004: Cannot use JSX unless the '--jsx' flag is provided.
src/app/sql/page.tsx(609,29): error TS17004: Cannot use JSX unless the '--jsx' flag is provided.
src/app/sql/page.tsx(611,27): error TS17004: Cannot use JSX unless the '--jsx' flag is provided.
src/app/sql/page.tsx(612,29): error TS17004: Cannot use JSX unless the '--jsx' flag is provided.
src/app/sql/page.tsx(613,29): error TS17004: Cannot use JSX unless the '--jsx' flag is provided.
src/app/sql/page.tsx(615,27): error TS17004: Cannot use JSX unless the '--jsx' flag is provided.
src/app/sql/page.tsx(616,29): error TS17004: Cannot use JSX unless the '--jsx' flag is provided.
src/app/sql/page.tsx(617,29): error TS17004: Cannot use JSX unless the '--jsx' flag is provided.
src/app/sql/page.tsx(619,27): error TS17004: Cannot use JSX unless the '--jsx' flag is provided.
src/app/sql/page.tsx(620,29): error TS17004: Cannot use JSX unless the '--jsx' flag is provided.
src/app/sql/page.tsx(621,29): error TS17004: Cannot use JSX unless the '--jsx' flag is provided.
src/app/sql/page.tsx(639,11): error TS17004: Cannot use JSX unless the '--jsx' flag is provided.
src/app/sql/page.tsx(640,13): error TS17004: Cannot use JSX unless the '--jsx' flag is provided.
src/app/sql/page.tsx(641,15): error TS17004: Cannot use JSX unless the '--jsx' flag is provided.
src/app/sql/page.tsx(644,15): error TS17004: Cannot use JSX unless the '--jsx' flag is provided.
src/app/sql/page.tsx(648,15): error TS17004: Cannot use JSX unless the '--jsx' flag is provided.
src/app/sql/page.tsx(650,17): error TS17004: Cannot use JSX unless the '--jsx' flag is provided.
src/app/sql/page.tsx(651,19): error TS17004: Cannot use JSX unless the '--jsx' flag is provided.
src/app/sql/page.tsx(653,19): error TS17004: Cannot use JSX unless the '--jsx' flag is provided.
src/app/sql/page.tsx(654,21): error TS17004: Cannot use JSX unless the '--jsx' flag is provided.
src/app/sql/page.tsx(655,21): error TS17004: Cannot use JSX unless the '--jsx' flag is provided.
src/app/sql/page.tsx(660,21): error TS17004: Cannot use JSX unless the '--jsx' flag is provided.
src/app/sql/page.tsx(661,23): error TS17004: Cannot use JSX unless the '--jsx' flag is provided.
src/app/sql/page.tsx(662,23): error TS17004: Cannot use JSX unless the '--jsx' flag is provided.
src/app/sql/page.tsx(663,25): error TS17004: Cannot use JSX unless the '--jsx' flag is provided.
src/app/sql/page.tsx(663,31): error TS17004: Cannot use JSX unless the '--jsx' flag is provided.
src/app/sql/page.tsx(664,25): error TS17004: Cannot use JSX unless the '--jsx' flag is provided.
src/app/sql/page.tsx(664,31): error TS17004: Cannot use JSX unless the '--jsx' flag is provided.
src/app/sql/page.tsx(665,25): error TS17004: Cannot use JSX unless the '--jsx' flag is provided.
src/app/sql/page.tsx(665,31): error TS17004: Cannot use JSX unless the '--jsx' flag is provided.
src/app/sql/page.tsx(666,25): error TS17004: Cannot use JSX unless the '--jsx' flag is provided.
src/app/sql/page.tsx(666,31): error TS17004: Cannot use JSX unless the '--jsx' flag is provided.
src/app/sql/page.tsx(667,25): error TS17004: Cannot use JSX unless the '--jsx' flag is provided.
src/app/sql/page.tsx(667,31): error TS17004: Cannot use JSX unless the '--jsx' flag is provided.
src/app/sql/page.tsx(672,19): error TS17004: Cannot use JSX unless the '--jsx' flag is provided.
src/app/sql/page.tsx(673,21): error TS17004: Cannot use JSX unless the '--jsx' flag is provided.
src/app/sql/page.tsx(674,21): error TS17004: Cannot use JSX unless the '--jsx' flag is provided.
src/app/sql/page.tsx(675,23): error TS17004: Cannot use JSX unless the '--jsx' flag is provided.
src/app/sql/page.tsx(676,25): error TS17004: Cannot use JSX unless the '--jsx' flag is provided.
src/app/sql/page.tsx(677,25): error TS17004: Cannot use JSX unless the '--jsx' flag is provided.
src/app/sql/page.tsx(678,27): error TS17004: Cannot use JSX unless the '--jsx' flag is provided.
src/app/sql/page.tsx(678,33): error TS17004: Cannot use JSX unless the '--jsx' flag is provided.
src/app/sql/page.tsx(679,27): error TS17004: Cannot use JSX unless the '--jsx' flag is provided.
src/app/sql/page.tsx(679,33): error TS17004: Cannot use JSX unless the '--jsx' flag is provided.
src/app/sql/page.tsx(680,27): error TS17004: Cannot use JSX unless the '--jsx' flag is provided.
src/app/sql/page.tsx(680,33): error TS17004: Cannot use JSX unless the '--jsx' flag is provided.
src/app/sql/page.tsx(681,27): error TS17004: Cannot use JSX unless the '--jsx' flag is provided.
src/app/sql/page.tsx(681,33): error TS17004: Cannot use JSX unless the '--jsx' flag is provided.
src/app/sql/page.tsx(684,23): error TS17004: Cannot use JSX unless the '--jsx' flag is provided.
src/app/sql/page.tsx(685,25): error TS17004: Cannot use JSX unless the '--jsx' flag is provided.
src/app/sql/page.tsx(686,25): error TS17004: Cannot use JSX unless the '--jsx' flag is provided.
src/app/sql/page.tsx(687,27): error TS17004: Cannot use JSX unless the '--jsx' flag is provided.
src/app/sql/page.tsx(687,33): error TS17004: Cannot use JSX unless the '--jsx' flag is provided.
src/app/sql/page.tsx(688,27): error TS17004: Cannot use JSX unless the '--jsx' flag is provided.
src/app/sql/page.tsx(688,33): error TS17004: Cannot use JSX unless the '--jsx' flag is provided.
src/app/sql/page.tsx(689,27): error TS17004: Cannot use JSX unless the '--jsx' flag is provided.
src/app/sql/page.tsx(689,33): error TS17004: Cannot use JSX unless the '--jsx' flag is provided.
src/app/sql/page.tsx(690,27): error TS17004: Cannot use JSX unless the '--jsx' flag is provided.
src/app/sql/page.tsx(690,33): error TS17004: Cannot use JSX unless the '--jsx' flag is provided.
src/app/sql/page.tsx(696,19): error TS17004: Cannot use JSX unless the '--jsx' flag is provided.
src/app/sql/page.tsx(697,21): error TS17004: Cannot use JSX unless the '--jsx' flag is provided.
src/app/sql/page.tsx(698,23): error TS17004: Cannot use JSX unless the '--jsx' flag is provided.
src/app/sql/page.tsx(699,25): error TS17004: Cannot use JSX unless the '--jsx' flag is provided.
src/app/sql/page.tsx(700,25): error TS17004: Cannot use JSX unless the '--jsx' flag is provided.
src/app/sql/page.tsx(704,25): error TS17004: Cannot use JSX unless the '--jsx' flag is provided.
src/app/sql/page.tsx(705,27): error TS17004: Cannot use JSX unless the '--jsx' flag is provided.
src/app/sql/page.tsx(706,27): error TS17004: Cannot use JSX unless the '--jsx' flag is provided.
src/app/sql/page.tsx(707,29): error TS17004: Cannot use JSX unless the '--jsx' flag is provided.
src/app/sql/page.tsx(707,35): error TS17004: Cannot use JSX unless the '--jsx' flag is provided.
src/app/sql/page.tsx(708,29): error TS17004: Cannot use JSX unless the '--jsx' flag is provided.
src/app/sql/page.tsx(708,35): error TS17004: Cannot use JSX unless the '--jsx' flag is provided.
src/app/sql/page.tsx(709,29): error TS17004: Cannot use JSX unless the '--jsx' flag is provided.
src/app/sql/page.tsx(709,35): error TS17004: Cannot use JSX unless the '--jsx' flag is provided.
src/app/sql/page.tsx(710,29): error TS17004: Cannot use JSX unless the '--jsx' flag is provided.
src/app/sql/page.tsx(710,35): error TS17004: Cannot use JSX unless the '--jsx' flag is provided.
src/app/sql/page.tsx(714,23): error TS17004: Cannot use JSX unless the '--jsx' flag is provided.
src/app/sql/page.tsx(715,25): error TS17004: Cannot use JSX unless the '--jsx' flag is provided.
src/app/sql/page.tsx(715,31): error TS17004: Cannot use JSX unless the '--jsx' flag is provided.
src/app/sql/page.tsx(716,25): error TS17004: Cannot use JSX unless the '--jsx' flag is provided.
src/app/sql/page.tsx(716,31): error TS17004: Cannot use JSX unless the '--jsx' flag is provided.
src/app/sql/page.tsx(717,25): error TS17004: Cannot use JSX unless the '--jsx' flag is provided.
src/app/sql/page.tsx(717,31): error TS17004: Cannot use JSX unless the '--jsx' flag is provided.
src/app/sql/page.tsx(718,25): error TS17004: Cannot use JSX unless the '--jsx' flag is provided.
src/app/sql/page.tsx(718,31): error TS17004: Cannot use JSX unless the '--jsx' flag is provided.
src/app/sql/page.tsx(719,25): error TS17004: Cannot use JSX unless the '--jsx' flag is provided.
src/app/sql/page.tsx(719,31): error TS17004: Cannot use JSX unless the '--jsx' flag is provided.
src/app/sql/page.tsx(722,21): error TS17004: Cannot use JSX unless the '--jsx' flag is provided.
src/app/sql/page.tsx(723,23): error TS17004: Cannot use JSX unless the '--jsx' flag is provided.
src/app/sql/page.tsx(724,25): error TS17004: Cannot use JSX unless the '--jsx' flag is provided.
src/app/sql/page.tsx(725,25): error TS17004: Cannot use JSX unless the '--jsx' flag is provided.
src/app/sql/page.tsx(729,25): error TS17004: Cannot use JSX unless the '--jsx' flag is provided.
src/app/sql/page.tsx(730,27): error TS17004: Cannot use JSX unless the '--jsx' flag is provided.
src/app/sql/page.tsx(731,27): error TS17004: Cannot use JSX unless the '--jsx' flag is provided.
src/app/sql/page.tsx(732,29): error TS17004: Cannot use JSX unless the '--jsx' flag is provided.
src/app/sql/page.tsx(732,35): error TS17004: Cannot use JSX unless the '--jsx' flag is provided.
src/app/sql/page.tsx(733,29): error TS17004: Cannot use JSX unless the '--jsx' flag is provided.
src/app/sql/page.tsx(733,35): error TS17004: Cannot use JSX unless the '--jsx' flag is provided.
src/app/sql/page.tsx(734,29): error TS17004: Cannot use JSX unless the '--jsx' flag is provided.
src/app/sql/page.tsx(734,35): error TS17004: Cannot use JSX unless the '--jsx' flag is provided.
src/app/sql/page.tsx(735,29): error TS17004: Cannot use JSX unless the '--jsx' flag is provided.
src/app/sql/page.tsx(735,35): error TS17004: Cannot use JSX unless the '--jsx' flag is provided.
src/app/sql/page.tsx(739,23): error TS17004: Cannot use JSX unless the '--jsx' flag is provided.
src/app/sql/page.tsx(740,25): error TS17004: Cannot use JSX unless the '--jsx' flag is provided.
src/app/sql/page.tsx(740,31): error TS17004: Cannot use JSX unless the '--jsx' flag is provided.
src/app/sql/page.tsx(741,25): error TS17004: Cannot use JSX unless the '--jsx' flag is provided.
src/app/sql/page.tsx(741,31): error TS17004: Cannot use JSX unless the '--jsx' flag is provided.
src/app/sql/page.tsx(742,25): error TS17004: Cannot use JSX unless the '--jsx' flag is provided.
src/app/sql/page.tsx(742,31): error TS17004: Cannot use JSX unless the '--jsx' flag is provided.
src/app/sql/page.tsx(743,25): error TS17004: Cannot use JSX unless the '--jsx' flag is provided.
src/app/sql/page.tsx(743,31): error TS17004: Cannot use JSX unless the '--jsx' flag is provided.
src/app/sql/page.tsx(748,19): error TS17004: Cannot use JSX unless the '--jsx' flag is provided.
src/app/sql/page.tsx(749,21): error TS17004: Cannot use JSX unless the '--jsx' flag is provided.
src/app/sql/page.tsx(750,23): error TS17004: Cannot use JSX unless the '--jsx' flag is provided.
src/app/sql/page.tsx(751,25): error TS17004: Cannot use JSX unless the '--jsx' flag is provided.
src/app/sql/page.tsx(752,25): error TS17004: Cannot use JSX unless the '--jsx' flag is provided.
src/app/sql/page.tsx(756,25): error TS17004: Cannot use JSX unless the '--jsx' flag is provided.
src/app/sql/page.tsx(757,27): error TS17004: Cannot use JSX unless the '--jsx' flag is provided.
src/app/sql/page.tsx(758,27): error TS17004: Cannot use JSX unless the '--jsx' flag is provided.
src/app/sql/page.tsx(759,29): error TS17004: Cannot use JSX unless the '--jsx' flag is provided.
src/app/sql/page.tsx(759,35): error TS17004: Cannot use JSX unless the '--jsx' flag is provided.
src/app/sql/page.tsx(760,29): error TS17004: Cannot use JSX unless the '--jsx' flag is provided.
src/app/sql/page.tsx(760,35): error TS17004: Cannot use JSX unless the '--jsx' flag is provided.
src/app/sql/page.tsx(761,29): error TS17004: Cannot use JSX unless the '--jsx' flag is provided.
src/app/sql/page.tsx(761,35): error TS17004: Cannot use JSX unless the '--jsx' flag is provided.
src/app/sql/page.tsx(762,29): error TS17004: Cannot use JSX unless the '--jsx' flag is provided.
src/app/sql/page.tsx(762,35): error TS17004: Cannot use JSX unless the '--jsx' flag is provided.
src/app/sql/page.tsx(766,23): error TS17004: Cannot use JSX unless the '--jsx' flag is provided.
src/app/sql/page.tsx(767,25): error TS17004: Cannot use JSX unless the '--jsx' flag is provided.
src/app/sql/page.tsx(767,31): error TS17004: Cannot use JSX unless the '--jsx' flag is provided.
src/app/sql/page.tsx(768,25): error TS17004: Cannot use JSX unless the '--jsx' flag is provided.
src/app/sql/page.tsx(768,31): error TS17004: Cannot use JSX unless the '--jsx' flag is provided.
src/app/sql/page.tsx(769,25): error TS17004: Cannot use JSX unless the '--jsx' flag is provided.
src/app/sql/page.tsx(769,31): error TS17004: Cannot use JSX unless the '--jsx' flag is provided.
src/app/sql/page.tsx(770,25): error TS17004: Cannot use JSX unless the '--jsx' flag is provided.
src/app/sql/page.tsx(770,31): error TS17004: Cannot use JSX unless the '--jsx' flag is provided.
src/app/sql/page.tsx(773,21): error TS17004: Cannot use JSX unless the '--jsx' flag is provided.
src/app/sql/page.tsx(774,23): error TS17004: Cannot use JSX unless the '--jsx' flag is provided.
src/app/sql/page.tsx(775,25): error TS17004: Cannot use JSX unless the '--jsx' flag is provided.
src/app/sql/page.tsx(776,25): error TS17004: Cannot use JSX unless the '--jsx' flag is provided.
src/app/sql/page.tsx(780,25): error TS17004: Cannot use JSX unless the '--jsx' flag is provided.
src/app/sql/page.tsx(781,27): error TS17004: Cannot use JSX unless the '--jsx' flag is provided.
src/app/sql/page.tsx(782,27): error TS17004: Cannot use JSX unless the '--jsx' flag is provided.
src/app/sql/page.tsx(783,29): error TS17004: Cannot use JSX unless the '--jsx' flag is provided.
src/app/sql/page.tsx(783,35): error TS17004: Cannot use JSX unless the '--jsx' flag is provided.
src/app/sql/page.tsx(784,29): error TS17004: Cannot use JSX unless the '--jsx' flag is provided.
src/app/sql/page.tsx(784,35): error TS17004: Cannot use JSX unless the '--jsx' flag is provided.
src/app/sql/page.tsx(785,29): error TS17004: Cannot use JSX unless the '--jsx' flag is provided.
src/app/sql/page.tsx(785,35): error TS17004: Cannot use JSX unless the '--jsx' flag is provided.
src/app/sql/page.tsx(786,29): error TS17004: Cannot use JSX unless the '--jsx' flag is provided.
src/app/sql/page.tsx(786,35): error TS17004: Cannot use JSX unless the '--jsx' flag is provided.
src/app/sql/page.tsx(790,23): error TS17004: Cannot use JSX unless the '--jsx' flag is provided.
src/app/sql/page.tsx(791,25): error TS17004: Cannot use JSX unless the '--jsx' flag is provided.
src/app/sql/page.tsx(791,31): error TS17004: Cannot use JSX unless the '--jsx' flag is provided.
src/app/sql/page.tsx(792,25): error TS17004: Cannot use JSX unless the '--jsx' flag is provided.
src/app/sql/page.tsx(792,31): error TS17004: Cannot use JSX unless the '--jsx' flag is provided.
src/app/sql/page.tsx(793,25): error TS17004: Cannot use JSX unless the '--jsx' flag is provided.
src/app/sql/page.tsx(793,31): error TS17004: Cannot use JSX unless the '--jsx' flag is provided.
src/app/sql/page.tsx(794,25): error TS17004: Cannot use JSX unless the '--jsx' flag is provided.
src/app/sql/page.tsx(794,31): error TS17004: Cannot use JSX unless the '--jsx' flag is provided.
src/app/sql/page.tsx(801,17): error TS17004: Cannot use JSX unless the '--jsx' flag is provided.
src/app/sql/page.tsx(802,19): error TS17004: Cannot use JSX unless the '--jsx' flag is provided.
src/app/sql/page.tsx(803,21): error TS17004: Cannot use JSX unless the '--jsx' flag is provided.
src/app/sql/page.tsx(804,21): error TS17004: Cannot use JSX unless the '--jsx' flag is provided.
src/app/sql/page.tsx(808,21): error TS17004: Cannot use JSX unless the '--jsx' flag is provided.
src/app/sql/page.tsx(809,23): error TS17004: Cannot use JSX unless the '--jsx' flag is provided.
src/app/sql/page.tsx(810,23): error TS17004: Cannot use JSX unless the '--jsx' flag is provided.
src/app/sql/page.tsx(811,25): error TS17004: Cannot use JSX unless the '--jsx' flag is provided.
src/app/sql/page.tsx(811,31): error TS17004: Cannot use JSX unless the '--jsx' flag is provided.
src/app/sql/page.tsx(812,25): error TS17004: Cannot use JSX unless the '--jsx' flag is provided.
src/app/sql/page.tsx(812,31): error TS17004: Cannot use JSX unless the '--jsx' flag is provided.
src/app/sql/page.tsx(813,25): error TS17004: Cannot use JSX unless the '--jsx' flag is provided.
src/app/sql/page.tsx(813,31): error TS17004: Cannot use JSX unless the '--jsx' flag is provided.
src/app/sql/page.tsx(814,25): error TS17004: Cannot use JSX unless the '--jsx' flag is provided.
src/app/sql/page.tsx(814,31): error TS17004: Cannot use JSX unless the '--jsx' flag is provided.
src/app/sql/page.tsx(815,25): error TS17004: Cannot use JSX unless the '--jsx' flag is provided.
src/app/sql/page.tsx(815,31): error TS17004: Cannot use JSX unless the '--jsx' flag is provided.
src/app/sql/page.tsx(819,19): error TS17004: Cannot use JSX unless the '--jsx' flag is provided.
src/app/sql/page.tsx(823,19): error TS17004: Cannot use JSX unless the '--jsx' flag is provided.
src/app/sql/page.tsx(824,21): error TS17004: Cannot use JSX unless the '--jsx' flag is provided.
src/app/sql/page.tsx(825,21): error TS17004: Cannot use JSX unless the '--jsx' flag is provided.
src/app/sql/page.tsx(826,23): error TS17004: Cannot use JSX unless the '--jsx' flag is provided.
src/app/sql/page.tsx(827,25): error TS17004: Cannot use JSX unless the '--jsx' flag is provided.
src/app/sql/page.tsx(828,25): error TS17004: Cannot use JSX unless the '--jsx' flag is provided.
src/app/sql/page.tsx(829,25): error TS17004: Cannot use JSX unless the '--jsx' flag is provided.
src/app/sql/page.tsx(838,23): error TS17004: Cannot use JSX unless the '--jsx' flag is provided.
src/app/sql/page.tsx(839,25): error TS17004: Cannot use JSX unless the '--jsx' flag is provided.
src/app/sql/page.tsx(840,25): error TS17004: Cannot use JSX unless the '--jsx' flag is provided.
src/app/sql/page.tsx(841,25): error TS17004: Cannot use JSX unless the '--jsx' flag is provided.
src/app/sql/page.tsx(851,23): error TS17004: Cannot use JSX unless the '--jsx' flag is provided.
src/app/sql/page.tsx(852,25): error TS17004: Cannot use JSX unless the '--jsx' flag is provided.
src/app/sql/page.tsx(853,25): error TS17004: Cannot use JSX unless the '--jsx' flag is provided.
src/app/sql/page.tsx(854,25): error TS17004: Cannot use JSX unless the '--jsx' flag is provided.
src/app/sql/page.tsx(864,23): error TS17004: Cannot use JSX unless the '--jsx' flag is provided.
src/app/sql/page.tsx(865,25): error TS17004: Cannot use JSX unless the '--jsx' flag is provided.
src/app/sql/page.tsx(866,25): error TS17004: Cannot use JSX unless the '--jsx' flag is provided.
src/app/sql/page.tsx(867,25): error TS17004: Cannot use JSX unless the '--jsx' flag is provided.
src/app/sql/page.tsx(876,23): error TS17004: Cannot use JSX unless the '--jsx' flag is provided.
src/app/sql/page.tsx(877,25): error TS17004: Cannot use JSX unless the '--jsx' flag is provided.
src/app/sql/page.tsx(878,25): error TS17004: Cannot use JSX unless the '--jsx' flag is provided.
src/app/sql/page.tsx(879,25): error TS17004: Cannot use JSX unless the '--jsx' flag is provided.
src/app/sql/page.tsx(889,23): error TS17004: Cannot use JSX unless the '--jsx' flag is provided.
src/app/sql/page.tsx(890,25): error TS17004: Cannot use JSX unless the '--jsx' flag is provided.
src/app/sql/page.tsx(891,25): error TS17004: Cannot use JSX unless the '--jsx' flag is provided.
src/app/sql/page.tsx(892,25): error TS17004: Cannot use JSX unless the '--jsx' flag is provided.
src/app/sql/page.tsx(905,17): error TS17004: Cannot use JSX unless the '--jsx' flag is provided.
src/app/sql/page.tsx(906,19): error TS17004: Cannot use JSX unless the '--jsx' flag is provided.
src/app/sql/page.tsx(908,19): error TS17004: Cannot use JSX unless the '--jsx' flag is provided.
src/app/sql/page.tsx(909,21): error TS17004: Cannot use JSX unless the '--jsx' flag is provided.
src/app/sql/page.tsx(910,23): error TS17004: Cannot use JSX unless the '--jsx' flag is provided.
src/app/sql/page.tsx(911,23): error TS17004: Cannot use JSX unless the '--jsx' flag is provided.
src/app/sql/page.tsx(912,25): error TS17004: Cannot use JSX unless the '--jsx' flag is provided.
src/app/sql/page.tsx(913,25): error TS17004: Cannot use JSX unless the '--jsx' flag is provided.
src/app/sql/page.tsx(914,25): error TS17004: Cannot use JSX unless the '--jsx' flag is provided.
src/app/sql/page.tsx(915,25): error TS17004: Cannot use JSX unless the '--jsx' flag is provided.
src/app/sql/page.tsx(916,25): error TS17004: Cannot use JSX unless the '--jsx' flag is provided.
src/app/sql/page.tsx(920,21): error TS17004: Cannot use JSX unless the '--jsx' flag is provided.
src/app/sql/page.tsx(921,23): error TS17004: Cannot use JSX unless the '--jsx' flag is provided.
src/app/sql/page.tsx(922,23): error TS17004: Cannot use JSX unless the '--jsx' flag is provided.
src/app/sql/page.tsx(923,25): error TS17004: Cannot use JSX unless the '--jsx' flag is provided.
src/app/sql/page.tsx(924,25): error TS17004: Cannot use JSX unless the '--jsx' flag is provided.
src/app/sql/page.tsx(925,25): error TS17004: Cannot use JSX unless the '--jsx' flag is provided.
src/app/sql/page.tsx(926,25): error TS17004: Cannot use JSX unless the '--jsx' flag is provided.
src/app/sql/page.tsx(927,25): error TS17004: Cannot use JSX unless the '--jsx' flag is provided.
src/app/sql/page.tsx(939,11): error TS17004: Cannot use JSX unless the '--jsx' flag is provided.
src/app/sql/page.tsx(940,13): error TS17004: Cannot use JSX unless the '--jsx' flag is provided.
src/app/sql/page.tsx(941,15): error TS17004: Cannot use JSX unless the '--jsx' flag is provided.
src/app/sql/page.tsx(944,15): error TS17004: Cannot use JSX unless the '--jsx' flag is provided.
src/app/sql/page.tsx(948,15): error TS17004: Cannot use JSX unless the '--jsx' flag is provided.
src/app/sql/page.tsx(950,17): error TS17004: Cannot use JSX unless the '--jsx' flag is provided.
src/app/sql/page.tsx(951,19): error TS17004: Cannot use JSX unless the '--jsx' flag is provided.
src/app/sql/page.tsx(952,19): error TS17004: Cannot use JSX unless the '--jsx' flag is provided.
src/app/sql/page.tsx(957,19): error TS17004: Cannot use JSX unless the '--jsx' flag is provided.
src/app/sql/page.tsx(958,21): error TS17004: Cannot use JSX unless the '--jsx' flag is provided.
src/app/sql/page.tsx(959,21): error TS17004: Cannot use JSX unless the '--jsx' flag is provided.
src/app/sql/page.tsx(969,19): error TS17004: Cannot use JSX unless the '--jsx' flag is provided.
src/app/sql/page.tsx(970,21): error TS17004: Cannot use JSX unless the '--jsx' flag is provided.
src/app/sql/page.tsx(971,23): error TS17004: Cannot use JSX unless the '--jsx' flag is provided.
src/app/sql/page.tsx(972,23): error TS17004: Cannot use JSX unless the '--jsx' flag is provided.
src/app/sql/page.tsx(983,21): error TS17004: Cannot use JSX unless the '--jsx' flag is provided.
src/app/sql/page.tsx(984,23): error TS17004: Cannot use JSX unless the '--jsx' flag is provided.
src/app/sql/page.tsx(985,23): error TS17004: Cannot use JSX unless the '--jsx' flag is provided.
src/app/sql/page.tsx(999,17): error TS17004: Cannot use JSX unless the '--jsx' flag is provided.
src/app/sql/page.tsx(1000,19): error TS17004: Cannot use JSX unless the '--jsx' flag is provided.
src/app/sql/page.tsx(1001,19): error TS17004: Cannot use JSX unless the '--jsx' flag is provided.
src/app/sql/page.tsx(1006,19): error TS17004: Cannot use JSX unless the '--jsx' flag is provided.
src/app/sql/page.tsx(1007,21): error TS17004: Cannot use JSX unless the '--jsx' flag is provided.
src/app/sql/page.tsx(1008,23): error TS17004: Cannot use JSX unless the '--jsx' flag is provided.
src/app/sql/page.tsx(1009,23): error TS17004: Cannot use JSX unless the '--jsx' flag is provided.
src/app/sql/page.tsx(1021,21): error TS17004: Cannot use JSX unless the '--jsx' flag is provided.
src/app/sql/page.tsx(1022,23): error TS17004: Cannot use JSX unless the '--jsx' flag is provided.
src/app/sql/page.tsx(1023,23): error TS17004: Cannot use JSX unless the '--jsx' flag is provided.
src/app/sql/page.tsx(1038,21): error TS17004: Cannot use JSX unless the '--jsx' flag is provided.
src/app/sql/page.tsx(1039,23): error TS17004: Cannot use JSX unless the '--jsx' flag is provided.
src/app/sql/page.tsx(1040,23): error TS17004: Cannot use JSX unless the '--jsx' flag is provided.
src/app/sql/page.tsx(1052,21): error TS17004: Cannot use JSX unless the '--jsx' flag is provided.
src/app/sql/page.tsx(1053,23): error TS17004: Cannot use JSX unless the '--jsx' flag is provided.
src/app/sql/page.tsx(1054,23): error TS17004: Cannot use JSX unless the '--jsx' flag is provided.
src/app/sql/page.tsx(1073,17): error TS17004: Cannot use JSX unless the '--jsx' flag is provided.
src/app/sql/page.tsx(1074,19): error TS17004: Cannot use JSX unless the '--jsx' flag is provided.
src/app/sql/page.tsx(1075,19): error TS17004: Cannot use JSX unless the '--jsx' flag is provided.
src/app/sql/page.tsx(1080,19): error TS17004: Cannot use JSX unless the '--jsx' flag is provided.
src/app/sql/page.tsx(1081,21): error TS17004: Cannot use JSX unless the '--jsx' flag is provided.
src/app/sql/page.tsx(1082,21): error TS17004: Cannot use JSX unless the '--jsx' flag is provided.
src/app/sql/page.tsx(1094,19): error TS17004: Cannot use JSX unless the '--jsx' flag is provided.
src/app/sql/page.tsx(1095,21): error TS17004: Cannot use JSX unless the '--jsx' flag is provided.
src/app/sql/page.tsx(1096,21): error TS17004: Cannot use JSX unless the '--jsx' flag is provided.
src/app/sql/page.tsx(1097,23): error TS17004: Cannot use JSX unless the '--jsx' flag is provided.
src/app/sql/page.tsx(1098,23): error TS17004: Cannot use JSX unless the '--jsx' flag is provided.
src/app/sql/page.tsx(1099,23): error TS17004: Cannot use JSX unless the '--jsx' flag is provided.
src/app/sql/page.tsx(1100,23): error TS17004: Cannot use JSX unless the '--jsx' flag is provided.
src/app/sql/page.tsx(1106,17): error TS17004: Cannot use JSX unless the '--jsx' flag is provided.
src/app/sql/page.tsx(1107,19): error TS17004: Cannot use JSX unless the '--jsx' flag is provided.
src/app/sql/page.tsx(1108,19): error TS17004: Cannot use JSX unless the '--jsx' flag is provided.
src/app/sql/page.tsx(1113,19): error TS17004: Cannot use JSX unless the '--jsx' flag is provided.
src/app/sql/page.tsx(1114,21): error TS17004: Cannot use JSX unless the '--jsx' flag is provided.
src/app/sql/page.tsx(1115,21): error TS17004: Cannot use JSX unless the '--jsx' flag is provided.
src/app/sql/page.tsx(1124,19): error TS17004: Cannot use JSX unless the '--jsx' flag is provided.
src/app/sql/page.tsx(1125,21): error TS17004: Cannot use JSX unless the '--jsx' flag is provided.
src/app/sql/page.tsx(1126,23): error TS17004: Cannot use JSX unless the '--jsx' flag is provided.
src/app/sql/page.tsx(1127,23): error TS17004: Cannot use JSX unless the '--jsx' flag is provided.
src/app/sql/page.tsx(1128,25): error TS17004: Cannot use JSX unless the '--jsx' flag is provided.
src/app/sql/page.tsx(1128,31): error TS17004: Cannot use JSX unless the '--jsx' flag is provided.
src/app/sql/page.tsx(1129,25): error TS17004: Cannot use JSX unless the '--jsx' flag is provided.
src/app/sql/page.tsx(1129,31): error TS17004: Cannot use JSX unless the '--jsx' flag is provided.
src/app/sql/page.tsx(1130,25): error TS17004: Cannot use JSX unless the '--jsx' flag is provided.
src/app/sql/page.tsx(1130,31): error TS17004: Cannot use JSX unless the '--jsx' flag is provided.
src/app/sql/page.tsx(1131,25): error TS17004: Cannot use JSX unless the '--jsx' flag is provided.
src/app/sql/page.tsx(1131,31): error TS17004: Cannot use JSX unless the '--jsx' flag is provided.
src/app/sql/page.tsx(1135,21): error TS17004: Cannot use JSX unless the '--jsx' flag is provided.
src/app/sql/page.tsx(1136,23): error TS17004: Cannot use JSX unless the '--jsx' flag is provided.
src/app/sql/page.tsx(1137,23): error TS17004: Cannot use JSX unless the '--jsx' flag is provided.
src/app/sql/page.tsx(1138,25): error TS17004: Cannot use JSX unless the '--jsx' flag is provided.
src/app/sql/page.tsx(1139,25): error TS17004: Cannot use JSX unless the '--jsx' flag is provided.
src/app/sql/page.tsx(1140,25): error TS17004: Cannot use JSX unless the '--jsx' flag is provided.
src/app/sql/page.tsx(1141,25): error TS17004: Cannot use JSX unless the '--jsx' flag is provided.
src/app/sql/page.tsx(1148,17): error TS17004: Cannot use JSX unless the '--jsx' flag is provided.
src/app/sql/page.tsx(1149,19): error TS17004: Cannot use JSX unless the '--jsx' flag is provided.
src/app/sql/page.tsx(1151,19): error TS17004: Cannot use JSX unless the '--jsx' flag is provided.
src/app/sql/page.tsx(1152,21): error TS17004: Cannot use JSX unless the '--jsx' flag is provided.
src/app/sql/page.tsx(1153,23): error TS17004: Cannot use JSX unless the '--jsx' flag is provided.
src/app/sql/page.tsx(1154,23): error TS17004: Cannot use JSX unless the '--jsx' flag is provided.
src/app/sql/page.tsx(1155,25): error TS17004: Cannot use JSX unless the '--jsx' flag is provided.
src/app/sql/page.tsx(1156,25): error TS17004: Cannot use JSX unless the '--jsx' flag is provided.
src/app/sql/page.tsx(1157,25): error TS17004: Cannot use JSX unless the '--jsx' flag is provided.
src/app/sql/page.tsx(1158,25): error TS17004: Cannot use JSX unless the '--jsx' flag is provided.
src/app/sql/page.tsx(1159,25): error TS17004: Cannot use JSX unless the '--jsx' flag is provided.
src/app/sql/page.tsx(1163,21): error TS17004: Cannot use JSX unless the '--jsx' flag is provided.
src/app/sql/page.tsx(1164,23): error TS17004: Cannot use JSX unless the '--jsx' flag is provided.
src/app/sql/page.tsx(1165,23): error TS17004: Cannot use JSX unless the '--jsx' flag is provided.
src/app/sql/page.tsx(1166,25): error TS17004: Cannot use JSX unless the '--jsx' flag is provided.
src/app/sql/page.tsx(1167,25): error TS17004: Cannot use JSX unless the '--jsx' flag is provided.
src/app/sql/page.tsx(1168,25): error TS17004: Cannot use JSX unless the '--jsx' flag is provided.
src/app/sql/page.tsx(1169,25): error TS17004: Cannot use JSX unless the '--jsx' flag is provided.
src/app/sql/page.tsx(1170,25): error TS17004: Cannot use JSX unless the '--jsx' flag is provided.
src/app/sql/page.tsx(1182,11): error TS17004: Cannot use JSX unless the '--jsx' flag is provided.
src/app/sql/page.tsx(1183,13): error TS17004: Cannot use JSX unless the '--jsx' flag is provided.
src/app/sql/page.tsx(1184,15): error TS17004: Cannot use JSX unless the '--jsx' flag is provided.
src/app/sql/page.tsx(1187,15): error TS17004: Cannot use JSX unless the '--jsx' flag is provided.
src/app/sql/page.tsx(1191,15): error TS17004: Cannot use JSX unless the '--jsx' flag is provided.
src/app/sql/page.tsx(1193,17): error TS17004: Cannot use JSX unless the '--jsx' flag is provided.
src/app/sql/page.tsx(1194,19): error TS17004: Cannot use JSX unless the '--jsx' flag is provided.
src/app/sql/page.tsx(1195,19): error TS17004: Cannot use JSX unless the '--jsx' flag is provided.
src/app/sql/page.tsx(1200,19): error TS17004: Cannot use JSX unless the '--jsx' flag is provided.
src/app/sql/page.tsx(1201,21): error TS17004: Cannot use JSX unless the '--jsx' flag is provided.
src/app/sql/page.tsx(1202,23): error TS17004: Cannot use JSX unless the '--jsx' flag is provided.
src/app/sql/page.tsx(1203,23): error TS17004: Cannot use JSX unless the '--jsx' flag is provided.
src/app/sql/page.tsx(1213,21): error TS17004: Cannot use JSX unless the '--jsx' flag is provided.
src/app/sql/page.tsx(1214,23): error TS17004: Cannot use JSX unless the '--jsx' flag is provided.
src/app/sql/page.tsx(1215,23): error TS17004: Cannot use JSX unless the '--jsx' flag is provided.
src/app/sql/page.tsx(1225,19): error TS17004: Cannot use JSX unless the '--jsx' flag is provided.
src/app/sql/page.tsx(1226,21): error TS17004: Cannot use JSX unless the '--jsx' flag is provided.
src/app/sql/page.tsx(1227,21): error TS17004: Cannot use JSX unless the '--jsx' flag is provided.
src/app/sql/page.tsx(1247,17): error TS17004: Cannot use JSX unless the '--jsx' flag is provided.
src/app/sql/page.tsx(1248,19): error TS17004: Cannot use JSX unless the '--jsx' flag is provided.
src/app/sql/page.tsx(1249,19): error TS17004: Cannot use JSX unless the '--jsx' flag is provided.
src/app/sql/page.tsx(1254,19): error TS17004: Cannot use JSX unless the '--jsx' flag is provided.
src/app/sql/page.tsx(1255,21): error TS17004: Cannot use JSX unless the '--jsx' flag is provided.
src/app/sql/page.tsx(1256,23): error TS17004: Cannot use JSX unless the '--jsx' flag is provided.
src/app/sql/page.tsx(1257,23): error TS17004: Cannot use JSX unless the '--jsx' flag is provided.
src/app/sql/page.tsx(1270,21): error TS17004: Cannot use JSX unless the '--jsx' flag is provided.
src/app/sql/page.tsx(1271,23): error TS17004: Cannot use JSX unless the '--jsx' flag is provided.
src/app/sql/page.tsx(1272,23): error TS17004: Cannot use JSX unless the '--jsx' flag is provided.
src/app/sql/page.tsx(1288,21): error TS17004: Cannot use JSX unless the '--jsx' flag is provided.
src/app/sql/page.tsx(1289,23): error TS17004: Cannot use JSX unless the '--jsx' flag is provided.
src/app/sql/page.tsx(1290,23): error TS17004: Cannot use JSX unless the '--jsx' flag is provided.
src/app/sql/page.tsx(1311,19): error TS17004: Cannot use JSX unless the '--jsx' flag is provided.
src/app/sql/page.tsx(1312,21): error TS17004: Cannot use JSX unless the '--jsx' flag is provided.
src/app/sql/page.tsx(1313,21): error TS17004: Cannot use JSX unless the '--jsx' flag is provided.
src/app/sql/page.tsx(1314,23): error TS17004: Cannot use JSX unless the '--jsx' flag is provided.
src/app/sql/page.tsx(1315,23): error TS17004: Cannot use JSX unless the '--jsx' flag is provided.
src/app/sql/page.tsx(1316,23): error TS17004: Cannot use JSX unless the '--jsx' flag is provided.
src/app/sql/page.tsx(1317,23): error TS17004: Cannot use JSX unless the '--jsx' flag is provided.
src/app/sql/page.tsx(1323,17): error TS17004: Cannot use JSX unless the '--jsx' flag is provided.
src/app/sql/page.tsx(1324,19): error TS17004: Cannot use JSX unless the '--jsx' flag is provided.
src/app/sql/page.tsx(1325,19): error TS17004: Cannot use JSX unless the '--jsx' flag is provided.
src/app/sql/page.tsx(1330,19): error TS17004: Cannot use JSX unless the '--jsx' flag is provided.
src/app/sql/page.tsx(1331,21): error TS17004: Cannot use JSX unless the '--jsx' flag is provided.
src/app/sql/page.tsx(1332,23): error TS17004: Cannot use JSX unless the '--jsx' flag is provided.
src/app/sql/page.tsx(1333,23): error TS17004: Cannot use JSX unless the '--jsx' flag is provided.
src/app/sql/page.tsx(1349,21): error TS17004: Cannot use JSX unless the '--jsx' flag is provided.
src/app/sql/page.tsx(1350,23): error TS17004: Cannot use JSX unless the '--jsx' flag is provided.
src/app/sql/page.tsx(1351,23): error TS17004: Cannot use JSX unless the '--jsx' flag is provided.
src/app/sql/page.tsx(1369,21): error TS17004: Cannot use JSX unless the '--jsx' flag is provided.
src/app/sql/page.tsx(1370,23): error TS17004: Cannot use JSX unless the '--jsx' flag is provided.
src/app/sql/page.tsx(1371,23): error TS17004: Cannot use JSX unless the '--jsx' flag is provided.
src/app/sql/page.tsx(1381,19): error TS17004: Cannot use JSX unless the '--jsx' flag is provided.
src/app/sql/page.tsx(1382,21): error TS17004: Cannot use JSX unless the '--jsx' flag is provided.
src/app/sql/page.tsx(1383,21): error TS17004: Cannot use JSX unless the '--jsx' flag is provided.
src/app/sql/page.tsx(1384,23): error TS17004: Cannot use JSX unless the '--jsx' flag is provided.
src/app/sql/page.tsx(1385,23): error TS17004: Cannot use JSX unless the '--jsx' flag is provided.
src/app/sql/page.tsx(1386,23): error TS17004: Cannot use JSX unless the '--jsx' flag is provided.
src/app/sql/page.tsx(1387,23): error TS17004: Cannot use JSX unless the '--jsx' flag is provided.
src/app/sql/page.tsx(1388,23): error TS17004: Cannot use JSX unless the '--jsx' flag is provided.
src/app/sql/page.tsx(1394,17): error TS17004: Cannot use JSX unless the '--jsx' flag is provided.
src/app/sql/page.tsx(1395,19): error TS17004: Cannot use JSX unless the '--jsx' flag is provided.
src/app/sql/page.tsx(1397,19): error TS17004: Cannot use JSX unless the '--jsx' flag is provided.
src/app/sql/page.tsx(1398,21): error TS17004: Cannot use JSX unless the '--jsx' flag is provided.
src/app/sql/page.tsx(1399,23): error TS17004: Cannot use JSX unless the '--jsx' flag is provided.
src/app/sql/page.tsx(1400,23): error TS17004: Cannot use JSX unless the '--jsx' flag is provided.
src/app/sql/page.tsx(1401,25): error TS17004: Cannot use JSX unless the '--jsx' flag is provided.
src/app/sql/page.tsx(1402,25): error TS17004: Cannot use JSX unless the '--jsx' flag is provided.
src/app/sql/page.tsx(1403,25): error TS17004: Cannot use JSX unless the '--jsx' flag is provided.
src/app/sql/page.tsx(1404,25): error TS17004: Cannot use JSX unless the '--jsx' flag is provided.
src/app/sql/page.tsx(1405,25): error TS17004: Cannot use JSX unless the '--jsx' flag is provided.
src/app/sql/page.tsx(1409,21): error TS17004: Cannot use JSX unless the '--jsx' flag is provided.
src/app/sql/page.tsx(1410,23): error TS17004: Cannot use JSX unless the '--jsx' flag is provided.
src/app/sql/page.tsx(1411,23): error TS17004: Cannot use JSX unless the '--jsx' flag is provided.
src/app/sql/page.tsx(1412,25): error TS17004: Cannot use JSX unless the '--jsx' flag is provided.
src/app/sql/page.tsx(1413,25): error TS17004: Cannot use JSX unless the '--jsx' flag is provided.
src/app/sql/page.tsx(1414,25): error TS17004: Cannot use JSX unless the '--jsx' flag is provided.
src/app/sql/page.tsx(1415,25): error TS17004: Cannot use JSX unless the '--jsx' flag is provided.
src/app/sql/page.tsx(1416,25): error TS17004: Cannot use JSX unless the '--jsx' flag is provided.
src/app/sql/page.tsx(1428,11): error TS17004: Cannot use JSX unless the '--jsx' flag is provided.
src/app/sql/page.tsx(1429,13): error TS17004: Cannot use JSX unless the '--jsx' flag is provided.
src/app/sql/page.tsx(1430,15): error TS17004: Cannot use JSX unless the '--jsx' flag is provided.
src/app/sql/page.tsx(1433,15): error TS17004: Cannot use JSX unless the '--jsx' flag is provided.
src/app/sql/page.tsx(1437,15): error TS17004: Cannot use JSX unless the '--jsx' flag is provided.
src/app/sql/page.tsx(1439,17): error TS17004: Cannot use JSX unless the '--jsx' flag is provided.
src/app/sql/page.tsx(1440,19): error TS17004: Cannot use JSX unless the '--jsx' flag is provided.
src/app/sql/page.tsx(1441,19): error TS17004: Cannot use JSX unless the '--jsx' flag is provided.
src/app/sql/page.tsx(1446,19): error TS17004: Cannot use JSX unless the '--jsx' flag is provided.
src/app/sql/page.tsx(1447,21): error TS17004: Cannot use JSX unless the '--jsx' flag is provided.
src/app/sql/page.tsx(1448,21): error TS17004: Cannot use JSX unless the '--jsx' flag is provided.
src/app/sql/page.tsx(1455,19): error TS17004: Cannot use JSX unless the '--jsx' flag is provided.
src/app/sql/page.tsx(1456,21): error TS17004: Cannot use JSX unless the '--jsx' flag is provided.
src/app/sql/page.tsx(1457,23): error TS17004: Cannot use JSX unless the '--jsx' flag is provided.
src/app/sql/page.tsx(1458,23): error TS17004: Cannot use JSX unless the '--jsx' flag is provided.
src/app/sql/page.tsx(1459,25): error TS17004: Cannot use JSX unless the '--jsx' flag is provided.
src/app/sql/page.tsx(1460,27): error TS17004: Cannot use JSX unless the '--jsx' flag is provided.
src/app/sql/page.tsx(1461,27): error TS17004: Cannot use JSX unless the '--jsx' flag is provided.
src/app/sql/page.tsx(1463,25): error TS17004: Cannot use JSX unless the '--jsx' flag is provided.
src/app/sql/page.tsx(1464,27): error TS17004: Cannot use JSX unless the '--jsx' flag is provided.
src/app/sql/page.tsx(1465,27): error TS17004: Cannot use JSX unless the '--jsx' flag is provided.
src/app/sql/page.tsx(1467,25): error TS17004: Cannot use JSX unless the '--jsx' flag is provided.
src/app/sql/page.tsx(1468,27): error TS17004: Cannot use JSX unless the '--jsx' flag is provided.
src/app/sql/page.tsx(1469,27): error TS17004: Cannot use JSX unless the '--jsx' flag is provided.
src/app/sql/page.tsx(1471,25): error TS17004: Cannot use JSX unless the '--jsx' flag is provided.
src/app/sql/page.tsx(1472,27): error TS17004: Cannot use JSX unless the '--jsx' flag is provided.
src/app/sql/page.tsx(1473,27): error TS17004: Cannot use JSX unless the '--jsx' flag is provided.
src/app/sql/page.tsx(1475,25): error TS17004: Cannot use JSX unless the '--jsx' flag is provided.
src/app/sql/page.tsx(1476,27): error TS17004: Cannot use JSX unless the '--jsx' flag is provided.
src/app/sql/page.tsx(1477,27): error TS17004: Cannot use JSX unless the '--jsx' flag is provided.
src/app/sql/page.tsx(1479,25): error TS17004: Cannot use JSX unless the '--jsx' flag is provided.
src/app/sql/page.tsx(1480,27): error TS17004: Cannot use JSX unless the '--jsx' flag is provided.
src/app/sql/page.tsx(1481,27): error TS17004: Cannot use JSX unless the '--jsx' flag is provided.
src/app/sql/page.tsx(1485,21): error TS17004: Cannot use JSX unless the '--jsx' flag is provided.
src/app/sql/page.tsx(1486,23): error TS17004: Cannot use JSX unless the '--jsx' flag is provided.
src/app/sql/page.tsx(1487,23): error TS17004: Cannot use JSX unless the '--jsx' flag is provided.
src/app/sql/page.tsx(1488,25): error TS17004: Cannot use JSX unless the '--jsx' flag is provided.
src/app/sql/page.tsx(1489,27): error TS17004: Cannot use JSX unless the '--jsx' flag is provided.
src/app/sql/page.tsx(1490,27): error TS17004: Cannot use JSX unless the '--jsx' flag is provided.
src/app/sql/page.tsx(1492,25): error TS17004: Cannot use JSX unless the '--jsx' flag is provided.
src/app/sql/page.tsx(1493,27): error TS17004: Cannot use JSX unless the '--jsx' flag is provided.
src/app/sql/page.tsx(1494,27): error TS17004: Cannot use JSX unless the '--jsx' flag is provided.
src/app/sql/page.tsx(1496,25): error TS17004: Cannot use JSX unless the '--jsx' flag is provided.
src/app/sql/page.tsx(1497,27): error TS17004: Cannot use JSX unless the '--jsx' flag is provided.
src/app/sql/page.tsx(1498,27): error TS17004: Cannot use JSX unless the '--jsx' flag is provided.
src/app/sql/page.tsx(1504,19): error TS17004: Cannot use JSX unless the '--jsx' flag is provided.
src/app/sql/page.tsx(1505,21): error TS17004: Cannot use JSX unless the '--jsx' flag is provided.
src/app/sql/page.tsx(1506,23): error TS17004: Cannot use JSX unless the '--jsx' flag is provided.
src/app/sql/page.tsx(1507,23): error TS17004: Cannot use JSX unless the '--jsx' flag is provided.
src/app/sql/page.tsx(1523,21): error TS17004: Cannot use JSX unless the '--jsx' flag is provided.
src/app/sql/page.tsx(1524,23): error TS17004: Cannot use JSX unless the '--jsx' flag is provided.
src/app/sql/page.tsx(1525,23): error TS17004: Cannot use JSX unless the '--jsx' flag is provided.
src/app/sql/page.tsx(1548,17): error TS17004: Cannot use JSX unless the '--jsx' flag is provided.
src/app/sql/page.tsx(1549,19): error TS17004: Cannot use JSX unless the '--jsx' flag is provided.
src/app/sql/page.tsx(1550,19): error TS17004: Cannot use JSX unless the '--jsx' flag is provided.
src/app/sql/page.tsx(1555,19): error TS17004: Cannot use JSX unless the '--jsx' flag is provided.
src/app/sql/page.tsx(1556,21): error TS17004: Cannot use JSX unless the '--jsx' flag is provided.
src/app/sql/page.tsx(1557,21): error TS17004: Cannot use JSX unless the '--jsx' flag is provided.
src/app/sql/page.tsx(1565,19): error TS17004: Cannot use JSX unless the '--jsx' flag is provided.
src/app/sql/page.tsx(1566,21): error TS17004: Cannot use JSX unless the '--jsx' flag is provided.
src/app/sql/page.tsx(1567,23): error TS17004: Cannot use JSX unless the '--jsx' flag is provided.
src/app/sql/page.tsx(1568,23): error TS17004: Cannot use JSX unless the '--jsx' flag is provided.
src/app/sql/page.tsx(1580,21): error TS17004: Cannot use JSX unless the '--jsx' flag is provided.
src/app/sql/page.tsx(1581,23): error TS17004: Cannot use JSX unless the '--jsx' flag is provided.
src/app/sql/page.tsx(1582,23): error TS17004: Cannot use JSX unless the '--jsx' flag is provided.
src/app/sql/page.tsx(1594,21): error TS17004: Cannot use JSX unless the '--jsx' flag is provided.
src/app/sql/page.tsx(1595,23): error TS17004: Cannot use JSX unless the '--jsx' flag is provided.
src/app/sql/page.tsx(1596,23): error TS17004: Cannot use JSX unless the '--jsx' flag is provided.
src/app/sql/page.tsx(1613,17): error TS17004: Cannot use JSX unless the '--jsx' flag is provided.
src/app/sql/page.tsx(1614,19): error TS17004: Cannot use JSX unless the '--jsx' flag is provided.
src/app/sql/page.tsx(1615,19): error TS17004: Cannot use JSX unless the '--jsx' flag is provided.
src/app/sql/page.tsx(1620,19): error TS17004: Cannot use JSX unless the '--jsx' flag is provided.
src/app/sql/page.tsx(1621,21): error TS17004: Cannot use JSX unless the '--jsx' flag is provided.
src/app/sql/page.tsx(1622,23): error TS17004: Cannot use JSX unless the '--jsx' flag is provided.
src/app/sql/page.tsx(1623,23): error TS17004: Cannot use JSX unless the '--jsx' flag is provided.
src/app/sql/page.tsx(1640,21): error TS17004: Cannot use JSX unless the '--jsx' flag is provided.
src/app/sql/page.tsx(1641,23): error TS17004: Cannot use JSX unless the '--jsx' flag is provided.
src/app/sql/page.tsx(1642,23): error TS17004: Cannot use JSX unless the '--jsx' flag is provided.
src/app/sql/page.tsx(1660,17): error TS17004: Cannot use JSX unless the '--jsx' flag is provided.
src/app/sql/page.tsx(1661,19): error TS17004: Cannot use JSX unless the '--jsx' flag is provided.
src/app/sql/page.tsx(1663,19): error TS17004: Cannot use JSX unless the '--jsx' flag is provided.
src/app/sql/page.tsx(1664,21): error TS17004: Cannot use JSX unless the '--jsx' flag is provided.
src/app/sql/page.tsx(1665,23): error TS17004: Cannot use JSX unless the '--jsx' flag is provided.
src/app/sql/page.tsx(1666,23): error TS17004: Cannot use JSX unless the '--jsx' flag is provided.
src/app/sql/page.tsx(1667,25): error TS17004: Cannot use JSX unless the '--jsx' flag is provided.
src/app/sql/page.tsx(1668,25): error TS17004: Cannot use JSX unless the '--jsx' flag is provided.
src/app/sql/page.tsx(1669,25): error TS17004: Cannot use JSX unless the '--jsx' flag is provided.
src/app/sql/page.tsx(1670,25): error TS17004: Cannot use JSX unless the '--jsx' flag is provided.
src/app/sql/page.tsx(1671,25): error TS17004: Cannot use JSX unless the '--jsx' flag is provided.
src/app/sql/page.tsx(1675,21): error TS17004: Cannot use JSX unless the '--jsx' flag is provided.
src/app/sql/page.tsx(1676,23): error TS17004: Cannot use JSX unless the '--jsx' flag is provided.
src/app/sql/page.tsx(1677,23): error TS17004: Cannot use JSX unless the '--jsx' flag is provided.
src/app/sql/page.tsx(1678,25): error TS17004: Cannot use JSX unless the '--jsx' flag is provided.
src/app/sql/page.tsx(1679,25): error TS17004: Cannot use JSX unless the '--jsx' flag is provided.
src/app/sql/page.tsx(1680,25): error TS17004: Cannot use JSX unless the '--jsx' flag is provided.
src/app/sql/page.tsx(1681,25): error TS17004: Cannot use JSX unless the '--jsx' flag is provided.
src/app/sql/page.tsx(1682,25): error TS17004: Cannot use JSX unless the '--jsx' flag is provided.
src/app/sql/page.tsx(1694,11): error TS17004: Cannot use JSX unless the '--jsx' flag is provided.
src/app/sql/page.tsx(1695,13): error TS17004: Cannot use JSX unless the '--jsx' flag is provided.
src/app/sql/page.tsx(1696,15): error TS17004: Cannot use JSX unless the '--jsx' flag is provided.
src/app/sql/page.tsx(1699,15): error TS17004: Cannot use JSX unless the '--jsx' flag is provided.
src/app/sql/page.tsx(1703,15): error TS17004: Cannot use JSX unless the '--jsx' flag is provided.
src/app/sql/page.tsx(1705,17): error TS17004: Cannot use JSX unless the '--jsx' flag is provided.
src/app/sql/page.tsx(1706,19): error TS17004: Cannot use JSX unless the '--jsx' flag is provided.
src/app/sql/page.tsx(1707,19): error TS17004: Cannot use JSX unless the '--jsx' flag is provided.
src/app/sql/page.tsx(1712,19): error TS17004: Cannot use JSX unless the '--jsx' flag is provided.
src/app/sql/page.tsx(1713,21): error TS17004: Cannot use JSX unless the '--jsx' flag is provided.
src/app/sql/page.tsx(1714,23): error TS17004: Cannot use JSX unless the '--jsx' flag is provided.
src/app/sql/page.tsx(1715,23): error TS17004: Cannot use JSX unless the '--jsx' flag is provided.
src/app/sql/page.tsx(1716,23): error TS17004: Cannot use JSX unless the '--jsx' flag is provided.
src/app/sql/page.tsx(1727,21): error TS17004: Cannot use JSX unless the '--jsx' flag is provided.
src/app/sql/page.tsx(1728,23): error TS17004: Cannot use JSX unless the '--jsx' flag is provided.
src/app/sql/page.tsx(1729,23): error TS17004: Cannot use JSX unless the '--jsx' flag is provided.
src/app/sql/page.tsx(1730,23): error TS17004: Cannot use JSX unless the '--jsx' flag is provided.
src/app/sql/page.tsx(1744,19): error TS17004: Cannot use JSX unless the '--jsx' flag is provided.
src/app/sql/page.tsx(1745,21): error TS17004: Cannot use JSX unless the '--jsx' flag is provided.
src/app/sql/page.tsx(1746,23): error TS17004: Cannot use JSX unless the '--jsx' flag is provided.
src/app/sql/page.tsx(1747,23): error TS17004: Cannot use JSX unless the '--jsx' flag is provided.
src/app/sql/page.tsx(1748,23): error TS17004: Cannot use JSX unless the '--jsx' flag is provided.
src/app/sql/page.tsx(1760,21): error TS17004: Cannot use JSX unless the '--jsx' flag is provided.
src/app/sql/page.tsx(1761,23): error TS17004: Cannot use JSX unless the '--jsx' flag is provided.
src/app/sql/page.tsx(1762,23): error TS17004: Cannot use JSX unless the '--jsx' flag is provided.
src/app/sql/page.tsx(1763,23): error TS17004: Cannot use JSX unless the '--jsx' flag is provided.
src/app/sql/page.tsx(1781,17): error TS17004: Cannot use JSX unless the '--jsx' flag is provided.
src/app/sql/page.tsx(1782,19): error TS17004: Cannot use JSX unless the '--jsx' flag is provided.
src/app/sql/page.tsx(1783,19): error TS17004: Cannot use JSX unless the '--jsx' flag is provided.
src/app/sql/page.tsx(1788,19): error TS17004: Cannot use JSX unless the '--jsx' flag is provided.
src/app/sql/page.tsx(1789,21): error TS17004: Cannot use JSX unless the '--jsx' flag is provided.
src/app/sql/page.tsx(1790,21): error TS17004: Cannot use JSX unless the '--jsx' flag is provided.
src/app/sql/page.tsx(1799,19): error TS17004: Cannot use JSX unless the '--jsx' flag is provided.
src/app/sql/page.tsx(1800,21): error TS17004: Cannot use JSX unless the '--jsx' flag is provided.
src/app/sql/page.tsx(1801,23): error TS17004: Cannot use JSX unless the '--jsx' flag is provided.
src/app/sql/page.tsx(1802,23): error TS17004: Cannot use JSX unless the '--jsx' flag is provided.
src/app/sql/page.tsx(1815,21): error TS17004: Cannot use JSX unless the '--jsx' flag is provided.
src/app/sql/page.tsx(1816,23): error TS17004: Cannot use JSX unless the '--jsx' flag is provided.
src/app/sql/page.tsx(1817,23): error TS17004: Cannot use JSX unless the '--jsx' flag is provided.
src/app/sql/page.tsx(1834,21): error TS17004: Cannot use JSX unless the '--jsx' flag is provided.
src/app/sql/page.tsx(1835,23): error TS17004: Cannot use JSX unless the '--jsx' flag is provided.
src/app/sql/page.tsx(1836,23): error TS17004: Cannot use JSX unless the '--jsx' flag is provided.
src/app/sql/page.tsx(1852,17): error TS17004: Cannot use JSX unless the '--jsx' flag is provided.
src/app/sql/page.tsx(1853,19): error TS17004: Cannot use JSX unless the '--jsx' flag is provided.
src/app/sql/page.tsx(1854,19): error TS17004: Cannot use JSX unless the '--jsx' flag is provided.
src/app/sql/page.tsx(1859,19): error TS17004: Cannot use JSX unless the '--jsx' flag is provided.
src/app/sql/page.tsx(1860,21): error TS17004: Cannot use JSX unless the '--jsx' flag is provided.
src/app/sql/page.tsx(1861,21): error TS17004: Cannot use JSX unless the '--jsx' flag is provided.
src/app/sql/page.tsx(1862,23): error TS17004: Cannot use JSX unless the '--jsx' flag is provided.
src/app/sql/page.tsx(1863,25): error TS17004: Cannot use JSX unless the '--jsx' flag is provided.
src/app/sql/page.tsx(1864,25): error TS17004: Cannot use JSX unless the '--jsx' flag is provided.
src/app/sql/page.tsx(1865,27): error TS17004: Cannot use JSX unless the '--jsx' flag is provided.
src/app/sql/page.tsx(1866,27): error TS17004: Cannot use JSX unless the '--jsx' flag is provided.
src/app/sql/page.tsx(1867,27): error TS17004: Cannot use JSX unless the '--jsx' flag is provided.
src/app/sql/page.tsx(1868,27): error TS17004: Cannot use JSX unless the '--jsx' flag is provided.
src/app/sql/page.tsx(1871,23): error TS17004: Cannot use JSX unless the '--jsx' flag is provided.
src/app/sql/page.tsx(1872,25): error TS17004: Cannot use JSX unless the '--jsx' flag is provided.
src/app/sql/page.tsx(1873,25): error TS17004: Cannot use JSX unless the '--jsx' flag is provided.
src/app/sql/page.tsx(1874,27): error TS17004: Cannot use JSX unless the '--jsx' flag is provided.
src/app/sql/page.tsx(1875,27): error TS17004: Cannot use JSX unless the '--jsx' flag is provided.
src/app/sql/page.tsx(1876,27): error TS17004: Cannot use JSX unless the '--jsx' flag is provided.
src/app/sql/page.tsx(1877,27): error TS17004: Cannot use JSX unless the '--jsx' flag is provided.
src/app/sql/page.tsx(1883,19): error TS17004: Cannot use JSX unless the '--jsx' flag is provided.
src/app/sql/page.tsx(1884,21): error TS17004: Cannot use JSX unless the '--jsx' flag is provided.
src/app/sql/page.tsx(1885,23): error TS17004: Cannot use JSX unless the '--jsx' flag is provided.
src/app/sql/page.tsx(1886,23): error TS17004: Cannot use JSX unless the '--jsx' flag is provided.
src/app/sql/page.tsx(1901,21): error TS17004: Cannot use JSX unless the '--jsx' flag is provided.
src/app/sql/page.tsx(1902,23): error TS17004: Cannot use JSX unless the '--jsx' flag is provided.
src/app/sql/page.tsx(1903,23): error TS17004: Cannot use JSX unless the '--jsx' flag is provided.
src/app/sql/page.tsx(1926,17): error TS17004: Cannot use JSX unless the '--jsx' flag is provided.
src/app/sql/page.tsx(1927,19): error TS17004: Cannot use JSX unless the '--jsx' flag is provided.
src/app/sql/page.tsx(1929,19): error TS17004: Cannot use JSX unless the '--jsx' flag is provided.
src/app/sql/page.tsx(1930,21): error TS17004: Cannot use JSX unless the '--jsx' flag is provided.
src/app/sql/page.tsx(1931,23): error TS17004: Cannot use JSX unless the '--jsx' flag is provided.
src/app/sql/page.tsx(1932,23): error TS17004: Cannot use JSX unless the '--jsx' flag is provided.
src/app/sql/page.tsx(1949,21): error TS17004: Cannot use JSX unless the '--jsx' flag is provided.
src/app/sql/page.tsx(1950,23): error TS17004: Cannot use JSX unless the '--jsx' flag is provided.
src/app/sql/page.tsx(1951,23): error TS17004: Cannot use JSX unless the '--jsx' flag is provided.
src/app/sql/page.tsx(1970,17): error TS17004: Cannot use JSX unless the '--jsx' flag is provided.
src/app/sql/page.tsx(1971,19): error TS17004: Cannot use JSX unless the '--jsx' flag is provided.
src/app/sql/page.tsx(1973,19): error TS17004: Cannot use JSX unless the '--jsx' flag is provided.
src/app/sql/page.tsx(1974,21): error TS17004: Cannot use JSX unless the '--jsx' flag is provided.
src/app/sql/page.tsx(1975,23): error TS17004: Cannot use JSX unless the '--jsx' flag is provided.
src/app/sql/page.tsx(1976,23): error TS17004: Cannot use JSX unless the '--jsx' flag is provided.
src/app/sql/page.tsx(1977,25): error TS17004: Cannot use JSX unless the '--jsx' flag is provided.
src/app/sql/page.tsx(1978,25): error TS17004: Cannot use JSX unless the '--jsx' flag is provided.
src/app/sql/page.tsx(1979,25): error TS17004: Cannot use JSX unless the '--jsx' flag is provided.
src/app/sql/page.tsx(1980,25): error TS17004: Cannot use JSX unless the '--jsx' flag is provided.
src/app/sql/page.tsx(1981,25): error TS17004: Cannot use JSX unless the '--jsx' flag is provided.
src/app/sql/page.tsx(1985,21): error TS17004: Cannot use JSX unless the '--jsx' flag is provided.
src/app/sql/page.tsx(1986,23): error TS17004: Cannot use JSX unless the '--jsx' flag is provided.
src/app/sql/page.tsx(1987,23): error TS17004: Cannot use JSX unless the '--jsx' flag is provided.
src/app/sql/page.tsx(1988,25): error TS17004: Cannot use JSX unless the '--jsx' flag is provided.
src/app/sql/page.tsx(1989,25): error TS17004: Cannot use JSX unless the '--jsx' flag is provided.
src/app/sql/page.tsx(1990,25): error TS17004: Cannot use JSX unless the '--jsx' flag is provided.
src/app/sql/page.tsx(1991,25): error TS17004: Cannot use JSX unless the '--jsx' flag is provided.
src/app/sql/page.tsx(1992,25): error TS17004: Cannot use JSX unless the '--jsx' flag is provided.
src/app/sql/page.tsx(2004,11): error TS17004: Cannot use JSX unless the '--jsx' flag is provided.
src/app/sql/page.tsx(2005,13): error TS17004: Cannot use JSX unless the '--jsx' flag is provided.
src/app/sql/page.tsx(2006,15): error TS17004: Cannot use JSX unless the '--jsx' flag is provided.
src/app/sql/page.tsx(2009,15): error TS17004: Cannot use JSX unless the '--jsx' flag is provided.
src/app/sql/page.tsx(2013,15): error TS17004: Cannot use JSX unless the '--jsx' flag is provided.
src/app/sql/page.tsx(2015,17): error TS17004: Cannot use JSX unless the '--jsx' flag is provided.
src/app/sql/page.tsx(2016,19): error TS17004: Cannot use JSX unless the '--jsx' flag is provided.
src/app/sql/page.tsx(2017,19): error TS17004: Cannot use JSX unless the '--jsx' flag is provided.
src/app/sql/page.tsx(2018,21): error TS17004: Cannot use JSX unless the '--jsx' flag is provided.
src/app/sql/page.tsx(2019,25): error TS17004: Cannot use JSX unless the '--jsx' flag is provided.
src/app/sql/page.tsx(2019,94): error TS17004: Cannot use JSX unless the '--jsx' flag is provided.
src/app/sql/page.tsx(2019,153): error TS17004: Cannot use JSX unless the '--jsx' flag is provided.
src/app/sql/page.tsx(2021,21): error TS17004: Cannot use JSX unless the '--jsx' flag is provided.
src/app/sql/page.tsx(2024,21): error TS17004: Cannot use JSX unless the '--jsx' flag is provided.
src/app/sql/page.tsx(2025,23): error TS17004: Cannot use JSX unless the '--jsx' flag is provided.
src/app/sql/page.tsx(2026,23): error TS17004: Cannot use JSX unless the '--jsx' flag is provided.
src/app/sql/page.tsx(2027,25): error TS17004: Cannot use JSX unless the '--jsx' flag is provided.
src/app/sql/page.tsx(2028,25): error TS17004: Cannot use JSX unless the '--jsx' flag is provided.
src/app/sql/page.tsx(2029,25): error TS17004: Cannot use JSX unless the '--jsx' flag is provided.
src/app/sql/page.tsx(2030,25): error TS17004: Cannot use JSX unless the '--jsx' flag is provided.
src/app/sql/page.tsx(2031,25): error TS17004: Cannot use JSX unless the '--jsx' flag is provided.
src/app/sql/page.tsx(2038,17): error TS17004: Cannot use JSX unless the '--jsx' flag is provided.
src/app/sql/page.tsx(2039,19): error TS17004: Cannot use JSX unless the '--jsx' flag is provided.
src/app/sql/page.tsx(2040,19): error TS17004: Cannot use JSX unless the '--jsx' flag is provided.
src/app/sql/page.tsx(2044,19): error TS17004: Cannot use JSX unless the '--jsx' flag is provided.
src/app/sql/page.tsx(2045,21): error TS17004: Cannot use JSX unless the '--jsx' flag is provided.
src/app/sql/page.tsx(2046,23): error TS17004: Cannot use JSX unless the '--jsx' flag is provided.
src/app/sql/page.tsx(2047,23): error TS17004: Cannot use JSX unless the '--jsx' flag is provided.
src/app/sql/page.tsx(2050,23): error TS17004: Cannot use JSX unless the '--jsx' flag is provided.
src/app/sql/page.tsx(2051,25): error TS17004: Cannot use JSX unless the '--jsx' flag is provided.
src/app/sql/page.tsx(2052,25): error TS17004: Cannot use JSX unless the '--jsx' flag is provided.
src/app/sql/page.tsx(2058,23): error TS17004: Cannot use JSX unless the '--jsx' flag is provided.
src/app/sql/page.tsx(2059,25): error TS17004: Cannot use JSX unless the '--jsx' flag is provided.
src/app/sql/page.tsx(2060,25): error TS17004: Cannot use JSX unless the '--jsx' flag is provided.
src/app/sql/page.tsx(2075,21): error TS17004: Cannot use JSX unless the '--jsx' flag is provided.
src/app/sql/page.tsx(2076,23): error TS17004: Cannot use JSX unless the '--jsx' flag is provided.
src/app/sql/page.tsx(2077,23): error TS17004: Cannot use JSX unless the '--jsx' flag is provided.
src/app/sql/page.tsx(2090,21): error TS17004: Cannot use JSX unless the '--jsx' flag is provided.
src/app/sql/page.tsx(2091,23): error TS17004: Cannot use JSX unless the '--jsx' flag is provided.
src/app/sql/page.tsx(2092,23): error TS17004: Cannot use JSX unless the '--jsx' flag is provided.
src/app/sql/page.tsx(2108,17): error TS17004: Cannot use JSX unless the '--jsx' flag is provided.
src/app/sql/page.tsx(2109,19): error TS17004: Cannot use JSX unless the '--jsx' flag is provided.
src/app/sql/page.tsx(2110,19): error TS17004: Cannot use JSX unless the '--jsx' flag is provided.
src/app/sql/page.tsx(2111,21): error TS17004: Cannot use JSX unless the '--jsx' flag is provided.
src/app/sql/page.tsx(2130,17): error TS17004: Cannot use JSX unless the '--jsx' flag is provided.
src/app/sql/page.tsx(2131,19): error TS17004: Cannot use JSX unless the '--jsx' flag is provided.
src/app/sql/page.tsx(2132,19): error TS17004: Cannot use JSX unless the '--jsx' flag is provided.
src/app/sql/page.tsx(2133,21): error TS17004: Cannot use JSX unless the '--jsx' flag is provided.
src/app/sql/page.tsx(2159,17): error TS17004: Cannot use JSX unless the '--jsx' flag is provided.
src/app/sql/page.tsx(2160,19): error TS17004: Cannot use JSX unless the '--jsx' flag is provided.
src/app/sql/page.tsx(2161,19): error TS17004: Cannot use JSX unless the '--jsx' flag is provided.
src/app/sql/page.tsx(2162,21): error TS17004: Cannot use JSX unless the '--jsx' flag is provided.
src/app/sql/page.tsx(2163,23): error TS17004: Cannot use JSX unless the '--jsx' flag is provided.
src/app/sql/page.tsx(2164,23): error TS17004: Cannot use JSX unless the '--jsx' flag is provided.
src/app/sql/page.tsx(2188,17): error TS17004: Cannot use JSX unless the '--jsx' flag is provided.
src/app/sql/page.tsx(2189,19): error TS17004: Cannot use JSX unless the '--jsx' flag is provided.
src/app/sql/page.tsx(2190,19): error TS17004: Cannot use JSX unless the '--jsx' flag is provided.
src/app/sql/page.tsx(2191,21): error TS17004: Cannot use JSX unless the '--jsx' flag is provided.
src/app/sql/page.tsx(2222,17): error TS17004: Cannot use JSX unless the '--jsx' flag is provided.
src/app/sql/page.tsx(2223,19): error TS17004: Cannot use JSX unless the '--jsx' flag is provided.
src/app/sql/page.tsx(2224,19): error TS17004: Cannot use JSX unless the '--jsx' flag is provided.
src/app/sql/page.tsx(2225,21): error TS17004: Cannot use JSX unless the '--jsx' flag is provided.
src/app/sql/page.tsx(2226,23): error TS17004: Cannot use JSX unless the '--jsx' flag is provided.
src/app/sql/page.tsx(2227,23): error TS17004: Cannot use JSX unless the '--jsx' flag is provided.
src/app/sql/page.tsx(2228,25): error TS17004: Cannot use JSX unless the '--jsx' flag is provided.
src/app/sql/page.tsx(2229,25): error TS17004: Cannot use JSX unless the '--jsx' flag is provided.
src/app/sql/page.tsx(2230,25): error TS17004: Cannot use JSX unless the '--jsx' flag is provided.
src/app/sql/page.tsx(2231,25): error TS17004: Cannot use JSX unless the '--jsx' flag is provided.
src/app/sql/page.tsx(2232,25): error TS17004: Cannot use JSX unless the '--jsx' flag is provided.
src/app/sql/page.tsx(2235,21): error TS17004: Cannot use JSX unless the '--jsx' flag is provided.
src/app/sql/page.tsx(2236,23): error TS17004: Cannot use JSX unless the '--jsx' flag is provided.
src/app/sql/page.tsx(2237,23): error TS17004: Cannot use JSX unless the '--jsx' flag is provided.
src/app/sql/page.tsx(2238,25): error TS17004: Cannot use JSX unless the '--jsx' flag is provided.
src/app/sql/page.tsx(2239,25): error TS17004: Cannot use JSX unless the '--jsx' flag is provided.
src/app/sql/page.tsx(2240,25): error TS17004: Cannot use JSX unless the '--jsx' flag is provided.
src/app/sql/page.tsx(2241,25): error TS17004: Cannot use JSX unless the '--jsx' flag is provided.
src/app/sql/page.tsx(2242,25): error TS17004: Cannot use JSX unless the '--jsx' flag is provided.
src/app/sql/page.tsx(2254,11): error TS17004: Cannot use JSX unless the '--jsx' flag is provided.
src/app/sql/page.tsx(2255,13): error TS17004: Cannot use JSX unless the '--jsx' flag is provided.
src/app/sql/page.tsx(2256,15): error TS17004: Cannot use JSX unless the '--jsx' flag is provided.
src/app/sql/page.tsx(2260,15): error TS17004: Cannot use JSX unless the '--jsx' flag is provided.
src/app/sql/page.tsx(2261,17): error TS17004: Cannot use JSX unless the '--jsx' flag is provided.
src/app/sql/page.tsx(2262,19): error TS17004: Cannot use JSX unless the '--jsx' flag is provided.
src/app/sql/page.tsx(2263,19): error TS17004: Cannot use JSX unless the '--jsx' flag is provided.
src/app/sql/page.tsx(2266,19): error TS17004: Cannot use JSX unless the '--jsx' flag is provided.
src/app/sql/page.tsx(2267,21): error TS17004: Cannot use JSX unless the '--jsx' flag is provided.
src/app/sql/page.tsx(2268,21): error TS17004: Cannot use JSX unless the '--jsx' flag is provided.
src/app/sql/page.tsx(2269,23): error TS17004: Cannot use JSX unless the '--jsx' flag is provided.
src/app/sql/page.tsx(2269,27): error TS17004: Cannot use JSX unless the '--jsx' flag is provided.
src/app/sql/page.tsx(2270,23): error TS17004: Cannot use JSX unless the '--jsx' flag is provided.
src/app/sql/page.tsx(2270,27): error TS17004: Cannot use JSX unless the '--jsx' flag is provided.
src/app/sql/page.tsx(2271,23): error TS17004: Cannot use JSX unless the '--jsx' flag is provided.
src/app/sql/page.tsx(2271,27): error TS17004: Cannot use JSX unless the '--jsx' flag is provided.
src/app/sql/page.tsx(2272,23): error TS17004: Cannot use JSX unless the '--jsx' flag is provided.
src/app/sql/page.tsx(2272,27): error TS17004: Cannot use JSX unless the '--jsx' flag is provided.
src/app/sql/page.tsx(2273,23): error TS17004: Cannot use JSX unless the '--jsx' flag is provided.
src/app/sql/page.tsx(2273,27): error TS17004: Cannot use JSX unless the '--jsx' flag is provided.
src/app/sql/page.tsx(2278,17): error TS17004: Cannot use JSX unless the '--jsx' flag is provided.
src/app/sql/page.tsx(2279,19): error TS17004: Cannot use JSX unless the '--jsx' flag is provided.
src/app/sql/page.tsx(2280,19): error TS17004: Cannot use JSX unless the '--jsx' flag is provided.
src/app/sql/page.tsx(2281,21): error TS17004: Cannot use JSX unless the '--jsx' flag is provided.
src/app/sql/page.tsx(2282,23): error TS17004: Cannot use JSX unless the '--jsx' flag is provided.
src/app/sql/page.tsx(2283,23): error TS17004: Cannot use JSX unless the '--jsx' flag is provided.
src/app/sql/page.tsx(2285,21): error TS17004: Cannot use JSX unless the '--jsx' flag is provided.
src/app/sql/page.tsx(2286,23): error TS17004: Cannot use JSX unless the '--jsx' flag is provided.
src/app/sql/page.tsx(2287,23): error TS17004: Cannot use JSX unless the '--jsx' flag is provided.
src/app/sql/page.tsx(2289,21): error TS17004: Cannot use JSX unless the '--jsx' flag is provided.
src/app/sql/page.tsx(2290,23): error TS17004: Cannot use JSX unless the '--jsx' flag is provided.
src/app/sql/page.tsx(2291,23): error TS17004: Cannot use JSX unless the '--jsx' flag is provided.
src/app/sql/page.tsx(2302,11): error TS17004: Cannot use JSX unless the '--jsx' flag is provided.
src/app/sql/page.tsx(2303,13): error TS17004: Cannot use JSX unless the '--jsx' flag is provided.
src/app/sql/page.tsx(2304,15): error TS17004: Cannot use JSX unless the '--jsx' flag is provided.
src/app/sql/page.tsx(2307,15): error TS17004: Cannot use JSX unless the '--jsx' flag is provided.
src/app/sql/page.tsx(2311,15): error TS17004: Cannot use JSX unless the '--jsx' flag is provided.
src/app/sql/page.tsx(2313,17): error TS17004: Cannot use JSX unless the '--jsx' flag is provided.
src/app/sql/page.tsx(2314,19): error TS17004: Cannot use JSX unless the '--jsx' flag is provided.
src/app/sql/page.tsx(2316,19): error TS17004: Cannot use JSX unless the '--jsx' flag is provided.
src/app/sql/page.tsx(2317,21): error TS17004: Cannot use JSX unless the '--jsx' flag is provided.
src/app/sql/page.tsx(2318,21): error TS17004: Cannot use JSX unless the '--jsx' flag is provided.
src/app/sql/page.tsx(2322,21): error TS17004: Cannot use JSX unless the '--jsx' flag is provided.
src/app/sql/page.tsx(2323,23): error TS17004: Cannot use JSX unless the '--jsx' flag is provided.
src/app/sql/page.tsx(2324,23): error TS17004: Cannot use JSX unless the '--jsx' flag is provided.
src/app/sql/page.tsx(2325,25): error TS17004: Cannot use JSX unless the '--jsx' flag is provided.
src/app/sql/page.tsx(2325,31): error TS17004: Cannot use JSX unless the '--jsx' flag is provided.
src/app/sql/page.tsx(2326,25): error TS17004: Cannot use JSX unless the '--jsx' flag is provided.
src/app/sql/page.tsx(2326,31): error TS17004: Cannot use JSX unless the '--jsx' flag is provided.
src/app/sql/page.tsx(2327,25): error TS17004: Cannot use JSX unless the '--jsx' flag is provided.
src/app/sql/page.tsx(2327,31): error TS17004: Cannot use JSX unless the '--jsx' flag is provided.
src/app/sql/page.tsx(2328,25): error TS17004: Cannot use JSX unless the '--jsx' flag is provided.
src/app/sql/page.tsx(2328,31): error TS17004: Cannot use JSX unless the '--jsx' flag is provided.
src/app/sql/page.tsx(2329,25): error TS17004: Cannot use JSX unless the '--jsx' flag is provided.
src/app/sql/page.tsx(2329,31): error TS17004: Cannot use JSX unless the '--jsx' flag is provided.
src/app/sql/page.tsx(2334,19): error TS17004: Cannot use JSX unless the '--jsx' flag is provided.
src/app/sql/page.tsx(2335,21): error TS17004: Cannot use JSX unless the '--jsx' flag is provided.
src/app/sql/page.tsx(2336,23): error TS17004: Cannot use JSX unless the '--jsx' flag is provided.
src/app/sql/page.tsx(2340,21): error TS17004: Cannot use JSX unless the '--jsx' flag is provided.
src/app/sql/page.tsx(2341,69): error TS17004: Cannot use JSX unless the '--jsx' flag is provided.
src/app/sql/page.tsx(2344,21): error TS17004: Cannot use JSX unless the '--jsx' flag is provided.
src/app/sql/page.tsx(2345,23): error TS17004: Cannot use JSX unless the '--jsx' flag is provided.
src/app/sql/page.tsx(2346,23): error TS17004: Cannot use JSX unless the '--jsx' flag is provided.
src/app/sql/page.tsx(2347,25): error TS17004: Cannot use JSX unless the '--jsx' flag is provided.
src/app/sql/page.tsx(2347,31): error TS17004: Cannot use JSX unless the '--jsx' flag is provided.
src/app/sql/page.tsx(2348,25): error TS17004: Cannot use JSX unless the '--jsx' flag is provided.
src/app/sql/page.tsx(2348,31): error TS17004: Cannot use JSX unless the '--jsx' flag is provided.
src/app/sql/page.tsx(2349,25): error TS17004: Cannot use JSX unless the '--jsx' flag is provided.
src/app/sql/page.tsx(2349,31): error TS17004: Cannot use JSX unless the '--jsx' flag is provided.
src/app/sql/page.tsx(2350,25): error TS17004: Cannot use JSX unless the '--jsx' flag is provided.
src/app/sql/page.tsx(2350,31): error TS17004: Cannot use JSX unless the '--jsx' flag is provided.
src/app/sql/page.tsx(2351,25): error TS17004: Cannot use JSX unless the '--jsx' flag is provided.
src/app/sql/page.tsx(2351,31): error TS17004: Cannot use JSX unless the '--jsx' flag is provided.
src/app/sql/page.tsx(2358,17): error TS17004: Cannot use JSX unless the '--jsx' flag is provided.
src/app/sql/page.tsx(2359,19): error TS17004: Cannot use JSX unless the '--jsx' flag is provided.
src/app/sql/page.tsx(2360,19): error TS17004: Cannot use JSX unless the '--jsx' flag is provided.
src/app/sql/page.tsx(2361,21): error TS17004: Cannot use JSX unless the '--jsx' flag is provided.
src/app/sql/page.tsx(2362,23): error TS17004: Cannot use JSX unless the '--jsx' flag is provided.
src/app/sql/page.tsx(2363,23): error TS17004: Cannot use JSX unless the '--jsx' flag is provided.
src/app/sql/page.tsx(2380,21): error TS17004: Cannot use JSX unless the '--jsx' flag is provided.
src/app/sql/page.tsx(2381,23): error TS17004: Cannot use JSX unless the '--jsx' flag is provided.
src/app/sql/page.tsx(2382,23): error TS17004: Cannot use JSX unless the '--jsx' flag is provided.
src/app/sql/page.tsx(2398,21): error TS17004: Cannot use JSX unless the '--jsx' flag is provided.
src/app/sql/page.tsx(2399,23): error TS17004: Cannot use JSX unless the '--jsx' flag is provided.
src/app/sql/page.tsx(2400,23): error TS17004: Cannot use JSX unless the '--jsx' flag is provided.
src/app/sql/page.tsx(2426,17): error TS17004: Cannot use JSX unless the '--jsx' flag is provided.
src/app/sql/page.tsx(2427,19): error TS17004: Cannot use JSX unless the '--jsx' flag is provided.
src/app/sql/page.tsx(2428,19): error TS17004: Cannot use JSX unless the '--jsx' flag is provided.
src/app/sql/page.tsx(2429,21): error TS17004: Cannot use JSX unless the '--jsx' flag is provided.
src/app/sql/page.tsx(2430,23): error TS17004: Cannot use JSX unless the '--jsx' flag is provided.
src/app/sql/page.tsx(2431,23): error TS17004: Cannot use JSX unless the '--jsx' flag is provided.
src/app/sql/page.tsx(2432,23): error TS17004: Cannot use JSX unless the '--jsx' flag is provided.
src/app/sql/page.tsx(2451,21): error TS17004: Cannot use JSX unless the '--jsx' flag is provided.
src/app/sql/page.tsx(2452,23): error TS17004: Cannot use JSX unless the '--jsx' flag is provided.
src/app/sql/page.tsx(2453,23): error TS17004: Cannot use JSX unless the '--jsx' flag is provided.
src/app/sql/page.tsx(2454,23): error TS17004: Cannot use JSX unless the '--jsx' flag is provided.
src/app/sql/page.tsx(2479,21): error TS17004: Cannot use JSX unless the '--jsx' flag is provided.
src/app/sql/page.tsx(2480,23): error TS17004: Cannot use JSX unless the '--jsx' flag is provided.
src/app/sql/page.tsx(2481,23): error TS17004: Cannot use JSX unless the '--jsx' flag is provided.
src/app/sql/page.tsx(2482,23): error TS17004: Cannot use JSX unless the '--jsx' flag is provided.
src/app/sql/page.tsx(2509,17): error TS17004: Cannot use JSX unless the '--jsx' flag is provided.
src/app/sql/page.tsx(2510,19): error TS17004: Cannot use JSX unless the '--jsx' flag is provided.
src/app/sql/page.tsx(2511,19): error TS17004: Cannot use JSX unless the '--jsx' flag is provided.
src/app/sql/page.tsx(2512,21): error TS17004: Cannot use JSX unless the '--jsx' flag is provided.
src/app/sql/page.tsx(2513,23): error TS17004: Cannot use JSX unless the '--jsx' flag is provided.
src/app/sql/page.tsx(2514,23): error TS17004: Cannot use JSX unless the '--jsx' flag is provided.
src/app/sql/page.tsx(2515,25): error TS17004: Cannot use JSX unless the '--jsx' flag is provided.
src/app/sql/page.tsx(2516,25): error TS17004: Cannot use JSX unless the '--jsx' flag is provided.
src/app/sql/page.tsx(2517,25): error TS17004: Cannot use JSX unless the '--jsx' flag is provided.
src/app/sql/page.tsx(2518,25): error TS17004: Cannot use JSX unless the '--jsx' flag is provided.
src/app/sql/page.tsx(2519,25): error TS17004: Cannot use JSX unless the '--jsx' flag is provided.
src/app/sql/page.tsx(2520,25): error TS17004: Cannot use JSX unless the '--jsx' flag is provided.
src/app/sql/page.tsx(2521,25): error TS17004: Cannot use JSX unless the '--jsx' flag is provided.
src/app/sql/page.tsx(2522,25): error TS17004: Cannot use JSX unless the '--jsx' flag is provided.
src/app/sql/page.tsx(2525,21): error TS17004: Cannot use JSX unless the '--jsx' flag is provided.
src/app/sql/page.tsx(2526,23): error TS17004: Cannot use JSX unless the '--jsx' flag is provided.
src/app/sql/page.tsx(2527,23): error TS17004: Cannot use JSX unless the '--jsx' flag is provided.
src/app/sql/page.tsx(2528,25): error TS17004: Cannot use JSX unless the '--jsx' flag is provided.
src/app/sql/page.tsx(2529,25): error TS17004: Cannot use JSX unless the '--jsx' flag is provided.
src/app/sql/page.tsx(2530,25): error TS17004: Cannot use JSX unless the '--jsx' flag is provided.
src/app/sql/page.tsx(2531,25): error TS17004: Cannot use JSX unless the '--jsx' flag is provided.
src/app/sql/page.tsx(2532,25): error TS17004: Cannot use JSX unless the '--jsx' flag is provided.
src/app/sql/page.tsx(2533,25): error TS17004: Cannot use JSX unless the '--jsx' flag is provided.
src/app/sql/page.tsx(2534,25): error TS17004: Cannot use JSX unless the '--jsx' flag is provided.
src/app/sql/page.tsx(2535,25): error TS17004: Cannot use JSX unless the '--jsx' flag is provided.
src/app/sql/page.tsx(2542,17): error TS17004: Cannot use JSX unless the '--jsx' flag is provided.
src/app/sql/page.tsx(2543,19): error TS17004: Cannot use JSX unless the '--jsx' flag is provided.
src/app/sql/page.tsx(2544,19): error TS17004: Cannot use JSX unless the '--jsx' flag is provided.
src/app/sql/page.tsx(2545,21): error TS17004: Cannot use JSX unless the '--jsx' flag is provided.
src/app/sql/page.tsx(2546,23): error TS17004: Cannot use JSX unless the '--jsx' flag is provided.
src/app/sql/page.tsx(2547,23): error TS17004: Cannot use JSX unless the '--jsx' flag is provided.
src/app/sql/page.tsx(2560,21): error TS17004: Cannot use JSX unless the '--jsx' flag is provided.
src/app/sql/page.tsx(2561,23): error TS17004: Cannot use JSX unless the '--jsx' flag is provided.
src/app/sql/page.tsx(2562,23): error TS17004: Cannot use JSX unless the '--jsx' flag is provided.
src/app/sql/page.tsx(2579,21): error TS17004: Cannot use JSX unless the '--jsx' flag is provided.
src/app/sql/page.tsx(2580,23): error TS17004: Cannot use JSX unless the '--jsx' flag is provided.
src/app/sql/page.tsx(2581,23): error TS17004: Cannot use JSX unless the '--jsx' flag is provided.
src/app/sql/page.tsx(2602,11): error TS17004: Cannot use JSX unless the '--jsx' flag is provided.
src/app/sql/page.tsx(2603,13): error TS17004: Cannot use JSX unless the '--jsx' flag is provided.
src/app/sql/page.tsx(2604,15): error TS17004: Cannot use JSX unless the '--jsx' flag is provided.
src/app/sql/page.tsx(2607,15): error TS17004: Cannot use JSX unless the '--jsx' flag is provided.
src/app/sql/page.tsx(2611,15): error TS17004: Cannot use JSX unless the '--jsx' flag is provided.
src/app/sql/page.tsx(2613,17): error TS17004: Cannot use JSX unless the '--jsx' flag is provided.
src/app/sql/page.tsx(2614,19): error TS17004: Cannot use JSX unless the '--jsx' flag is provided.
src/app/sql/page.tsx(2616,19): error TS17004: Cannot use JSX unless the '--jsx' flag is provided.
src/app/sql/page.tsx(2617,21): error TS17004: Cannot use JSX unless the '--jsx' flag is provided.
src/app/sql/page.tsx(2618,21): error TS17004: Cannot use JSX unless the '--jsx' flag is provided.
src/app/sql/page.tsx(2621,21): error TS17004: Cannot use JSX unless the '--jsx' flag is provided.
src/app/sql/page.tsx(2622,23): error TS17004: Cannot use JSX unless the '--jsx' flag is provided.
src/app/sql/page.tsx(2623,23): error TS17004: Cannot use JSX unless the '--jsx' flag is provided.
src/app/sql/page.tsx(2624,25): error TS17004: Cannot use JSX unless the '--jsx' flag is provided.
src/app/sql/page.tsx(2624,31): error TS17004: Cannot use JSX unless the '--jsx' flag is provided.
src/app/sql/page.tsx(2625,25): error TS17004: Cannot use JSX unless the '--jsx' flag is provided.
src/app/sql/page.tsx(2625,31): error TS17004: Cannot use JSX unless the '--jsx' flag is provided.
src/app/sql/page.tsx(2626,25): error TS17004: Cannot use JSX unless the '--jsx' flag is provided.
src/app/sql/page.tsx(2626,31): error TS17004: Cannot use JSX unless the '--jsx' flag is provided.
src/app/sql/page.tsx(2627,25): error TS17004: Cannot use JSX unless the '--jsx' flag is provided.
src/app/sql/page.tsx(2627,31): error TS17004: Cannot use JSX unless the '--jsx' flag is provided.
src/app/sql/page.tsx(2628,25): error TS17004: Cannot use JSX unless the '--jsx' flag is provided.
src/app/sql/page.tsx(2628,31): error TS17004: Cannot use JSX unless the '--jsx' flag is provided.
src/app/sql/page.tsx(2633,19): error TS17004: Cannot use JSX unless the '--jsx' flag is provided.
src/app/sql/page.tsx(2634,21): error TS17004: Cannot use JSX unless the '--jsx' flag is provided.
src/app/sql/page.tsx(2635,25): error TS17004: Cannot use JSX unless the '--jsx' flag is provided.
src/app/sql/page.tsx(2639,21): error TS17004: Cannot use JSX unless the '--jsx' flag is provided.
src/app/sql/page.tsx(2640,68): error TS17004: Cannot use JSX unless the '--jsx' flag is provided.
src/app/sql/page.tsx(2643,21): error TS17004: Cannot use JSX unless the '--jsx' flag is provided.
src/app/sql/page.tsx(2644,23): error TS17004: Cannot use JSX unless the '--jsx' flag is provided.
src/app/sql/page.tsx(2645,23): error TS17004: Cannot use JSX unless the '--jsx' flag is provided.
src/app/sql/page.tsx(2646,25): error TS17004: Cannot use JSX unless the '--jsx' flag is provided.
src/app/sql/page.tsx(2646,31): error TS17004: Cannot use JSX unless the '--jsx' flag is provided.
src/app/sql/page.tsx(2647,25): error TS17004: Cannot use JSX unless the '--jsx' flag is provided.
src/app/sql/page.tsx(2647,31): error TS17004: Cannot use JSX unless the '--jsx' flag is provided.
src/app/sql/page.tsx(2648,25): error TS17004: Cannot use JSX unless the '--jsx' flag is provided.
src/app/sql/page.tsx(2648,31): error TS17004: Cannot use JSX unless the '--jsx' flag is provided.
src/app/sql/page.tsx(2649,25): error TS17004: Cannot use JSX unless the '--jsx' flag is provided.
src/app/sql/page.tsx(2649,31): error TS17004: Cannot use JSX unless the '--jsx' flag is provided.
src/app/sql/page.tsx(2656,17): error TS17004: Cannot use JSX unless the '--jsx' flag is provided.
src/app/sql/page.tsx(2657,19): error TS17004: Cannot use JSX unless the '--jsx' flag is provided.
src/app/sql/page.tsx(2659,19): error TS17004: Cannot use JSX unless the '--jsx' flag is provided.
src/app/sql/page.tsx(2660,21): error TS17004: Cannot use JSX unless the '--jsx' flag is provided.
src/app/sql/page.tsx(2661,21): error TS17004: Cannot use JSX unless the '--jsx' flag is provided.
src/app/sql/page.tsx(2665,21): error TS17004: Cannot use JSX unless the '--jsx' flag is provided.
src/app/sql/page.tsx(2666,23): error TS17004: Cannot use JSX unless the '--jsx' flag is provided.
src/app/sql/page.tsx(2667,23): error TS17004: Cannot use JSX unless the '--jsx' flag is provided.
src/app/sql/page.tsx(2668,25): error TS17004: Cannot use JSX unless the '--jsx' flag is provided.
src/app/sql/page.tsx(2668,31): error TS17004: Cannot use JSX unless the '--jsx' flag is provided.
src/app/sql/page.tsx(2669,25): error TS17004: Cannot use JSX unless the '--jsx' flag is provided.
src/app/sql/page.tsx(2669,31): error TS17004: Cannot use JSX unless the '--jsx' flag is provided.
src/app/sql/page.tsx(2670,25): error TS17004: Cannot use JSX unless the '--jsx' flag is provided.
src/app/sql/page.tsx(2670,31): error TS17004: Cannot use JSX unless the '--jsx' flag is provided.
src/app/sql/page.tsx(2671,25): error TS17004: Cannot use JSX unless the '--jsx' flag is provided.
src/app/sql/page.tsx(2671,31): error TS17004: Cannot use JSX unless the '--jsx' flag is provided.
src/app/sql/page.tsx(2672,25): error TS17004: Cannot use JSX unless the '--jsx' flag is provided.
src/app/sql/page.tsx(2672,31): error TS17004: Cannot use JSX unless the '--jsx' flag is provided.
src/app/sql/page.tsx(2677,19): error TS17004: Cannot use JSX unless the '--jsx' flag is provided.
src/app/sql/page.tsx(2678,21): error TS17004: Cannot use JSX unless the '--jsx' flag is provided.
src/app/sql/page.tsx(2679,23): error TS17004: Cannot use JSX unless the '--jsx' flag is provided.
src/app/sql/page.tsx(2680,23): error TS17004: Cannot use JSX unless the '--jsx' flag is provided.
src/app/sql/page.tsx(2681,25): error TS17004: Cannot use JSX unless the '--jsx' flag is provided.
src/app/sql/page.tsx(2682,27): error TS17004: Cannot use JSX unless the '--jsx' flag is provided.
src/app/sql/page.tsx(2683,27): error TS17004: Cannot use JSX unless the '--jsx' flag is provided.
src/app/sql/page.tsx(2693,25): error TS17004: Cannot use JSX unless the '--jsx' flag is provided.
src/app/sql/page.tsx(2694,27): error TS17004: Cannot use JSX unless the '--jsx' flag is provided.
src/app/sql/page.tsx(2695,27): error TS17004: Cannot use JSX unless the '--jsx' flag is provided.
src/app/sql/page.tsx(2696,29): error TS17004: Cannot use JSX unless the '--jsx' flag is provided.
src/app/sql/page.tsx(2696,35): error TS17004: Cannot use JSX unless the '--jsx' flag is provided.
src/app/sql/page.tsx(2697,29): error TS17004: Cannot use JSX unless the '--jsx' flag is provided.
src/app/sql/page.tsx(2697,35): error TS17004: Cannot use JSX unless the '--jsx' flag is provided.
src/app/sql/page.tsx(2698,29): error TS17004: Cannot use JSX unless the '--jsx' flag is provided.
src/app/sql/page.tsx(2698,35): error TS17004: Cannot use JSX unless the '--jsx' flag is provided.
src/app/sql/page.tsx(2699,29): error TS17004: Cannot use JSX unless the '--jsx' flag is provided.
src/app/sql/page.tsx(2699,35): error TS17004: Cannot use JSX unless the '--jsx' flag is provided.
src/app/sql/page.tsx(2705,21): error TS17004: Cannot use JSX unless the '--jsx' flag is provided.
src/app/sql/page.tsx(2706,23): error TS17004: Cannot use JSX unless the '--jsx' flag is provided.
src/app/sql/page.tsx(2707,23): error TS17004: Cannot use JSX unless the '--jsx' flag is provided.
src/app/sql/page.tsx(2708,25): error TS17004: Cannot use JSX unless the '--jsx' flag is provided.
src/app/sql/page.tsx(2709,27): error TS17004: Cannot use JSX unless the '--jsx' flag is provided.
src/app/sql/page.tsx(2710,27): error TS17004: Cannot use JSX unless the '--jsx' flag is provided.
src/app/sql/page.tsx(2711,29): error TS17004: Cannot use JSX unless the '--jsx' flag is provided.
src/app/sql/page.tsx(2711,35): error TS17004: Cannot use JSX unless the '--jsx' flag is provided.
src/app/sql/page.tsx(2712,29): error TS17004: Cannot use JSX unless the '--jsx' flag is provided.
src/app/sql/page.tsx(2712,35): error TS17004: Cannot use JSX unless the '--jsx' flag is provided.
src/app/sql/page.tsx(2713,29): error TS17004: Cannot use JSX unless the '--jsx' flag is provided.
src/app/sql/page.tsx(2713,35): error TS17004: Cannot use JSX unless the '--jsx' flag is provided.
src/app/sql/page.tsx(2714,29): error TS17004: Cannot use JSX unless the '--jsx' flag is provided.
src/app/sql/page.tsx(2714,35): error TS17004: Cannot use JSX unless the '--jsx' flag is provided.
src/app/sql/page.tsx(2717,25): error TS17004: Cannot use JSX unless the '--jsx' flag is provided.
src/app/sql/page.tsx(2718,27): error TS17004: Cannot use JSX unless the '--jsx' flag is provided.
src/app/sql/page.tsx(2719,27): error TS17004: Cannot use JSX unless the '--jsx' flag is provided.
src/app/sql/page.tsx(2720,29): error TS17004: Cannot use JSX unless the '--jsx' flag is provided.
src/app/sql/page.tsx(2720,35): error TS17004: Cannot use JSX unless the '--jsx' flag is provided.
src/app/sql/page.tsx(2721,29): error TS17004: Cannot use JSX unless the '--jsx' flag is provided.
src/app/sql/page.tsx(2721,35): error TS17004: Cannot use JSX unless the '--jsx' flag is provided.
src/app/sql/page.tsx(2722,29): error TS17004: Cannot use JSX unless the '--jsx' flag is provided.
src/app/sql/page.tsx(2722,35): error TS17004: Cannot use JSX unless the '--jsx' flag is provided.
src/app/sql/page.tsx(2723,29): error TS17004: Cannot use JSX unless the '--jsx' flag is provided.
src/app/sql/page.tsx(2723,35): error TS17004: Cannot use JSX unless the '--jsx' flag is provided.
src/app/sql/page.tsx(2732,17): error TS17004: Cannot use JSX unless the '--jsx' flag is provided.
src/app/sql/page.tsx(2733,19): error TS17004: Cannot use JSX unless the '--jsx' flag is provided.
src/app/sql/page.tsx(2734,19): error TS17004: Cannot use JSX unless the '--jsx' flag is provided.
src/app/sql/page.tsx(2735,21): error TS17004: Cannot use JSX unless the '--jsx' flag is provided.
src/app/sql/page.tsx(2736,23): error TS17004: Cannot use JSX unless the '--jsx' flag is provided.
src/app/sql/page.tsx(2737,23): error TS17004: Cannot use JSX unless the '--jsx' flag is provided.
src/app/sql/page.tsx(2741,23): error TS17004: Cannot use JSX unless the '--jsx' flag is provided.
src/app/sql/page.tsx(2742,25): error TS17004: Cannot use JSX unless the '--jsx' flag is provided.
src/app/sql/page.tsx(2753,23): error TS17004: Cannot use JSX unless the '--jsx' flag is provided.
src/app/sql/page.tsx(2754,25): error TS17004: Cannot use JSX unless the '--jsx' flag is provided.
src/app/sql/page.tsx(2755,25): error TS17004: Cannot use JSX unless the '--jsx' flag is provided.
src/app/sql/page.tsx(2774,21): error TS17004: Cannot use JSX unless the '--jsx' flag is provided.
src/app/sql/page.tsx(2775,23): error TS17004: Cannot use JSX unless the '--jsx' flag is provided.
src/app/sql/page.tsx(2776,23): error TS17004: Cannot use JSX unless the '--jsx' flag is provided.
src/app/sql/page.tsx(2777,124): error TS17004: Cannot use JSX unless the '--jsx' flag is provided.
src/app/sql/page.tsx(2780,23): error TS17004: Cannot use JSX unless the '--jsx' flag is provided.
src/app/sql/page.tsx(2781,25): error TS17004: Cannot use JSX unless the '--jsx' flag is provided.
src/app/sql/page.tsx(2795,23): error TS17004: Cannot use JSX unless the '--jsx' flag is provided.
src/app/sql/page.tsx(2796,25): error TS17004: Cannot use JSX unless the '--jsx' flag is provided.
src/app/sql/page.tsx(2797,25): error TS17004: Cannot use JSX unless the '--jsx' flag is provided.
src/app/sql/page.tsx(2819,21): error TS17004: Cannot use JSX unless the '--jsx' flag is provided.
src/app/sql/page.tsx(2820,23): error TS17004: Cannot use JSX unless the '--jsx' flag is provided.
src/app/sql/page.tsx(2821,23): error TS17004: Cannot use JSX unless the '--jsx' flag is provided.
src/app/sql/page.tsx(2830,21): error TS17004: Cannot use JSX unless the '--jsx' flag is provided.
src/app/sql/page.tsx(2831,23): error TS17004: Cannot use JSX unless the '--jsx' flag is provided.
src/app/sql/page.tsx(2832,23): error TS17004: Cannot use JSX unless the '--jsx' flag is provided.
src/app/sql/page.tsx(2845,17): error TS17004: Cannot use JSX unless the '--jsx' flag is provided.
src/app/sql/page.tsx(2846,19): error TS17004: Cannot use JSX unless the '--jsx' flag is provided.
src/app/sql/page.tsx(2847,19): error TS17004: Cannot use JSX unless the '--jsx' flag is provided.
src/app/sql/page.tsx(2848,21): error TS17004: Cannot use JSX unless the '--jsx' flag is provided.
src/app/sql/page.tsx(2849,23): error TS17004: Cannot use JSX unless the '--jsx' flag is provided.
src/app/sql/page.tsx(2850,23): error TS17004: Cannot use JSX unless the '--jsx' flag is provided.
src/app/sql/page.tsx(2859,21): error TS17004: Cannot use JSX unless the '--jsx' flag is provided.
src/app/sql/page.tsx(2860,23): error TS17004: Cannot use JSX unless the '--jsx' flag is provided.
src/app/sql/page.tsx(2861,23): error TS17004: Cannot use JSX unless the '--jsx' flag is provided.
src/app/sql/page.tsx(2870,21): error TS17004: Cannot use JSX unless the '--jsx' flag is provided.
src/app/sql/page.tsx(2871,23): error TS17004: Cannot use JSX unless the '--jsx' flag is provided.
src/app/sql/page.tsx(2872,23): error TS17004: Cannot use JSX unless the '--jsx' flag is provided.
src/app/sql/page.tsx(2882,21): error TS17004: Cannot use JSX unless the '--jsx' flag is provided.
src/app/sql/page.tsx(2883,23): error TS17004: Cannot use JSX unless the '--jsx' flag is provided.
src/app/sql/page.tsx(2884,23): error TS17004: Cannot use JSX unless the '--jsx' flag is provided.
src/app/sql/page.tsx(2899,17): error TS17004: Cannot use JSX unless the '--jsx' flag is provided.
src/app/sql/page.tsx(2900,19): error TS17004: Cannot use JSX unless the '--jsx' flag is provided.
src/app/sql/page.tsx(2901,19): error TS17004: Cannot use JSX unless the '--jsx' flag is provided.
src/app/sql/page.tsx(2902,21): error TS17004: Cannot use JSX unless the '--jsx' flag is provided.
src/app/sql/page.tsx(2903,23): error TS17004: Cannot use JSX unless the '--jsx' flag is provided.
src/app/sql/page.tsx(2904,23): error TS17004: Cannot use JSX unless the '--jsx' flag is provided.
src/app/sql/page.tsx(2905,25): error TS17004: Cannot use JSX unless the '--jsx' flag is provided.
src/app/sql/page.tsx(2906,25): error TS17004: Cannot use JSX unless the '--jsx' flag is provided.
src/app/sql/page.tsx(2907,25): error TS17004: Cannot use JSX unless the '--jsx' flag is provided.
src/app/sql/page.tsx(2908,25): error TS17004: Cannot use JSX unless the '--jsx' flag is provided.
src/app/sql/page.tsx(2909,25): error TS17004: Cannot use JSX unless the '--jsx' flag is provided.
src/app/sql/page.tsx(2910,25): error TS17004: Cannot use JSX unless the '--jsx' flag is provided.
src/app/sql/page.tsx(2911,25): error TS17004: Cannot use JSX unless the '--jsx' flag is provided.
src/app/sql/page.tsx(2912,25): error TS17004: Cannot use JSX unless the '--jsx' flag is provided.
src/app/sql/page.tsx(2915,21): error TS17004: Cannot use JSX unless the '--jsx' flag is provided.
src/app/sql/page.tsx(2916,23): error TS17004: Cannot use JSX unless the '--jsx' flag is provided.
src/app/sql/page.tsx(2917,23): error TS17004: Cannot use JSX unless the '--jsx' flag is provided.
src/app/sql/page.tsx(2918,25): error TS17004: Cannot use JSX unless the '--jsx' flag is provided.
src/app/sql/page.tsx(2919,25): error TS17004: Cannot use JSX unless the '--jsx' flag is provided.
src/app/sql/page.tsx(2920,25): error TS17004: Cannot use JSX unless the '--jsx' flag is provided.
src/app/sql/page.tsx(2921,25): error TS17004: Cannot use JSX unless the '--jsx' flag is provided.
src/app/sql/page.tsx(2922,25): error TS17004: Cannot use JSX unless the '--jsx' flag is provided.
src/app/sql/page.tsx(2923,25): error TS17004: Cannot use JSX unless the '--jsx' flag is provided.
src/app/sql/page.tsx(2924,25): error TS17004: Cannot use JSX unless the '--jsx' flag is provided.
src/app/sql/page.tsx(2925,25): error TS17004: Cannot use JSX unless the '--jsx' flag is provided.
src/app/sql/page.tsx(2932,17): error TS17004: Cannot use JSX unless the '--jsx' flag is provided.
src/app/sql/page.tsx(2933,19): error TS17004: Cannot use JSX unless the '--jsx' flag is provided.
src/app/sql/page.tsx(2934,19): error TS17004: Cannot use JSX unless the '--jsx' flag is provided.
src/app/sql/page.tsx(2935,21): error TS17004: Cannot use JSX unless the '--jsx' flag is provided.
src/app/sql/page.tsx(2936,23): error TS17004: Cannot use JSX unless the '--jsx' flag is provided.
src/app/sql/page.tsx(2937,23): error TS17004: Cannot use JSX unless the '--jsx' flag is provided.
src/app/sql/page.tsx(2950,21): error TS17004: Cannot use JSX unless the '--jsx' flag is provided.
src/app/sql/page.tsx(2951,23): error TS17004: Cannot use JSX unless the '--jsx' flag is provided.
src/app/sql/page.tsx(2952,23): error TS17004: Cannot use JSX unless the '--jsx' flag is provided.
src/app/sql/page.tsx(2972,11): error TS17004: Cannot use JSX unless the '--jsx' flag is provided.
src/app/sql/page.tsx(2973,13): error TS17004: Cannot use JSX unless the '--jsx' flag is provided.
src/app/sql/page.tsx(2974,15): error TS17004: Cannot use JSX unless the '--jsx' flag is provided.
src/app/sql/page.tsx(2977,15): error TS17004: Cannot use JSX unless the '--jsx' flag is provided.
src/app/sql/page.tsx(2981,15): error TS17004: Cannot use JSX unless the '--jsx' flag is provided.
src/app/sql/page.tsx(2983,17): error TS17004: Cannot use JSX unless the '--jsx' flag is provided.
src/app/sql/page.tsx(2984,19): error TS17004: Cannot use JSX unless the '--jsx' flag is provided.
src/app/sql/page.tsx(2986,19): error TS17004: Cannot use JSX unless the '--jsx' flag is provided.
src/app/sql/page.tsx(2987,21): error TS17004: Cannot use JSX unless the '--jsx' flag is provided.
src/app/sql/page.tsx(2988,21): error TS17004: Cannot use JSX unless the '--jsx' flag is provided.
src/app/sql/page.tsx(2992,21): error TS17004: Cannot use JSX unless the '--jsx' flag is provided.
src/app/sql/page.tsx(2993,23): error TS17004: Cannot use JSX unless the '--jsx' flag is provided.
src/app/sql/page.tsx(2994,23): error TS17004: Cannot use JSX unless the '--jsx' flag is provided.
src/app/sql/page.tsx(2995,25): error TS17004: Cannot use JSX unless the '--jsx' flag is provided.
src/app/sql/page.tsx(2995,31): error TS17004: Cannot use JSX unless the '--jsx' flag is provided.
src/app/sql/page.tsx(2996,25): error TS17004: Cannot use JSX unless the '--jsx' flag is provided.
src/app/sql/page.tsx(2996,31): error TS17004: Cannot use JSX unless the '--jsx' flag is provided.
src/app/sql/page.tsx(2997,25): error TS17004: Cannot use JSX unless the '--jsx' flag is provided.
src/app/sql/page.tsx(2997,31): error TS17004: Cannot use JSX unless the '--jsx' flag is provided.
src/app/sql/page.tsx(2998,25): error TS17004: Cannot use JSX unless the '--jsx' flag is provided.
src/app/sql/page.tsx(2998,31): error TS17004: Cannot use JSX unless the '--jsx' flag is provided.
src/app/sql/page.tsx(2999,25): error TS17004: Cannot use JSX unless the '--jsx' flag is provided.
src/app/sql/page.tsx(2999,31): error TS17004: Cannot use JSX unless the '--jsx' flag is provided.
src/app/sql/page.tsx(3004,19): error TS17004: Cannot use JSX unless the '--jsx' flag is provided.
src/app/sql/page.tsx(3005,21): error TS17004: Cannot use JSX unless the '--jsx' flag is provided.
src/app/sql/page.tsx(3006,25): error TS17004: Cannot use JSX unless the '--jsx' flag is provided.
src/app/sql/page.tsx(3009,21): error TS17004: Cannot use JSX unless the '--jsx' flag is provided.
src/app/sql/page.tsx(3013,21): error TS17004: Cannot use JSX unless the '--jsx' flag is provided.
src/app/sql/page.tsx(3014,23): error TS17004: Cannot use JSX unless the '--jsx' flag is provided.
src/app/sql/page.tsx(3015,23): error TS17004: Cannot use JSX unless the '--jsx' flag is provided.
src/app/sql/page.tsx(3016,25): error TS17004: Cannot use JSX unless the '--jsx' flag is provided.
src/app/sql/page.tsx(3016,31): error TS17004: Cannot use JSX unless the '--jsx' flag is provided.
src/app/sql/page.tsx(3017,25): error TS17004: Cannot use JSX unless the '--jsx' flag is provided.
src/app/sql/page.tsx(3017,31): error TS17004: Cannot use JSX unless the '--jsx' flag is provided.
src/app/sql/page.tsx(3018,25): error TS17004: Cannot use JSX unless the '--jsx' flag is provided.
src/app/sql/page.tsx(3018,31): error TS17004: Cannot use JSX unless the '--jsx' flag is provided.
src/app/sql/page.tsx(3019,25): error TS17004: Cannot use JSX unless the '--jsx' flag is provided.
src/app/sql/page.tsx(3019,31): error TS17004: Cannot use JSX unless the '--jsx' flag is provided.
src/app/sql/page.tsx(3026,17): error TS17004: Cannot use JSX unless the '--jsx' flag is provided.
src/app/sql/page.tsx(3027,19): error TS17004: Cannot use JSX unless the '--jsx' flag is provided.
src/app/sql/page.tsx(3028,19): error TS17004: Cannot use JSX unless the '--jsx' flag is provided.
src/app/sql/page.tsx(3029,21): error TS17004: Cannot use JSX unless the '--jsx' flag is provided.
src/app/sql/page.tsx(3030,23): error TS17004: Cannot use JSX unless the '--jsx' flag is provided.
src/app/sql/page.tsx(3031,23): error TS17004: Cannot use JSX unless the '--jsx' flag is provided.
src/app/sql/page.tsx(3034,23): error TS17004: Cannot use JSX unless the '--jsx' flag is provided.
src/app/sql/page.tsx(3035,25): error TS17004: Cannot use JSX unless the '--jsx' flag is provided.
src/app/sql/page.tsx(3036,25): error TS17004: Cannot use JSX unless the '--jsx' flag is provided.
src/app/sql/page.tsx(3037,27): error TS17004: Cannot use JSX unless the '--jsx' flag is provided.
src/app/sql/page.tsx(3038,29): error TS17004: Cannot use JSX unless the '--jsx' flag is provided.
src/app/sql/page.tsx(3039,29): error TS17004: Cannot use JSX unless the '--jsx' flag is provided.
src/app/sql/page.tsx(3040,31): error TS17004: Cannot use JSX unless the '--jsx' flag is provided.
src/app/sql/page.tsx(3043,27): error TS17004: Cannot use JSX unless the '--jsx' flag is provided.
src/app/sql/page.tsx(3044,29): error TS17004: Cannot use JSX unless the '--jsx' flag is provided.
src/app/sql/page.tsx(3045,29): error TS17004: Cannot use JSX unless the '--jsx' flag is provided.
src/app/sql/page.tsx(3046,31): error TS17004: Cannot use JSX unless the '--jsx' flag is provided.
src/app/sql/page.tsx(3049,27): error TS17004: Cannot use JSX unless the '--jsx' flag is provided.
src/app/sql/page.tsx(3050,29): error TS17004: Cannot use JSX unless the '--jsx' flag is provided.
src/app/sql/page.tsx(3051,29): error TS17004: Cannot use JSX unless the '--jsx' flag is provided.
src/app/sql/page.tsx(3052,31): error TS17004: Cannot use JSX unless the '--jsx' flag is provided.
src/app/sql/page.tsx(3055,27): error TS17004: Cannot use JSX unless the '--jsx' flag is provided.
src/app/sql/page.tsx(3056,29): error TS17004: Cannot use JSX unless the '--jsx' flag is provided.
src/app/sql/page.tsx(3057,29): error TS17004: Cannot use JSX unless the '--jsx' flag is provided.
src/app/sql/page.tsx(3058,31): error TS17004: Cannot use JSX unless the '--jsx' flag is provided.
src/app/sql/page.tsx(3061,27): error TS17004: Cannot use JSX unless the '--jsx' flag is provided.
src/app/sql/page.tsx(3062,29): error TS17004: Cannot use JSX unless the '--jsx' flag is provided.
src/app/sql/page.tsx(3063,29): error TS17004: Cannot use JSX unless the '--jsx' flag is provided.
src/app/sql/page.tsx(3064,31): error TS17004: Cannot use JSX unless the '--jsx' flag is provided.
src/app/sql/page.tsx(3071,21): error TS17004: Cannot use JSX unless the '--jsx' flag is provided.
src/app/sql/page.tsx(3072,23): error TS17004: Cannot use JSX unless the '--jsx' flag is provided.
src/app/sql/page.tsx(3073,23): error TS17004: Cannot use JSX unless the '--jsx' flag is provided.
src/app/sql/page.tsx(3076,23): error TS17004: Cannot use JSX unless the '--jsx' flag is provided.
src/app/sql/page.tsx(3077,25): error TS17004: Cannot use JSX unless the '--jsx' flag is provided.
src/app/sql/page.tsx(3078,27): error TS17004: Cannot use JSX unless the '--jsx' flag is provided.
src/app/sql/page.tsx(3079,27): error TS17004: Cannot use JSX unless the '--jsx' flag is provided.
src/app/sql/page.tsx(3080,29): error TS17004: Cannot use JSX unless the '--jsx' flag is provided.
src/app/sql/page.tsx(3080,35): error TS17004: Cannot use JSX unless the '--jsx' flag is provided.
src/app/sql/page.tsx(3081,29): error TS17004: Cannot use JSX unless the '--jsx' flag is provided.
src/app/sql/page.tsx(3081,35): error TS17004: Cannot use JSX unless the '--jsx' flag is provided.
src/app/sql/page.tsx(3082,29): error TS17004: Cannot use JSX unless the '--jsx' flag is provided.
src/app/sql/page.tsx(3082,35): error TS17004: Cannot use JSX unless the '--jsx' flag is provided.
src/app/sql/page.tsx(3083,29): error TS17004: Cannot use JSX unless the '--jsx' flag is provided.
src/app/sql/page.tsx(3083,35): error TS17004: Cannot use JSX unless the '--jsx' flag is provided.
src/app/sql/page.tsx(3086,25): error TS17004: Cannot use JSX unless the '--jsx' flag is provided.
src/app/sql/page.tsx(3087,27): error TS17004: Cannot use JSX unless the '--jsx' flag is provided.
src/app/sql/page.tsx(3088,27): error TS17004: Cannot use JSX unless the '--jsx' flag is provided.
src/app/sql/page.tsx(3089,29): error TS17004: Cannot use JSX unless the '--jsx' flag is provided.
src/app/sql/page.tsx(3089,35): error TS17004: Cannot use JSX unless the '--jsx' flag is provided.
src/app/sql/page.tsx(3090,29): error TS17004: Cannot use JSX unless the '--jsx' flag is provided.
src/app/sql/page.tsx(3090,35): error TS17004: Cannot use JSX unless the '--jsx' flag is provided.
src/app/sql/page.tsx(3091,29): error TS17004: Cannot use JSX unless the '--jsx' flag is provided.
src/app/sql/page.tsx(3091,35): error TS17004: Cannot use JSX unless the '--jsx' flag is provided.
src/app/sql/page.tsx(3092,29): error TS17004: Cannot use JSX unless the '--jsx' flag is provided.
src/app/sql/page.tsx(3092,35): error TS17004: Cannot use JSX unless the '--jsx' flag is provided.
src/app/sql/page.tsx(3095,25): error TS17004: Cannot use JSX unless the '--jsx' flag is provided.
src/app/sql/page.tsx(3096,27): error TS17004: Cannot use JSX unless the '--jsx' flag is provided.
src/app/sql/page.tsx(3097,27): error TS17004: Cannot use JSX unless the '--jsx' flag is provided.
src/app/sql/page.tsx(3098,29): error TS17004: Cannot use JSX unless the '--jsx' flag is provided.
src/app/sql/page.tsx(3098,35): error TS17004: Cannot use JSX unless the '--jsx' flag is provided.
src/app/sql/page.tsx(3099,29): error TS17004: Cannot use JSX unless the '--jsx' flag is provided.
src/app/sql/page.tsx(3099,35): error TS17004: Cannot use JSX unless the '--jsx' flag is provided.
src/app/sql/page.tsx(3100,29): error TS17004: Cannot use JSX unless the '--jsx' flag is provided.
src/app/sql/page.tsx(3100,35): error TS17004: Cannot use JSX unless the '--jsx' flag is provided.
src/app/sql/page.tsx(3101,29): error TS17004: Cannot use JSX unless the '--jsx' flag is provided.
src/app/sql/page.tsx(3101,35): error TS17004: Cannot use JSX unless the '--jsx' flag is provided.
src/app/sql/page.tsx(3104,25): error TS17004: Cannot use JSX unless the '--jsx' flag is provided.
src/app/sql/page.tsx(3105,27): error TS17004: Cannot use JSX unless the '--jsx' flag is provided.
src/app/sql/page.tsx(3106,27): error TS17004: Cannot use JSX unless the '--jsx' flag is provided.
src/app/sql/page.tsx(3107,29): error TS17004: Cannot use JSX unless the '--jsx' flag is provided.
src/app/sql/page.tsx(3107,35): error TS17004: Cannot use JSX unless the '--jsx' flag is provided.
src/app/sql/page.tsx(3108,29): error TS17004: Cannot use JSX unless the '--jsx' flag is provided.
src/app/sql/page.tsx(3108,35): error TS17004: Cannot use JSX unless the '--jsx' flag is provided.
src/app/sql/page.tsx(3109,29): error TS17004: Cannot use JSX unless the '--jsx' flag is provided.
src/app/sql/page.tsx(3109,35): error TS17004: Cannot use JSX unless the '--jsx' flag is provided.
src/app/sql/page.tsx(3110,29): error TS17004: Cannot use JSX unless the '--jsx' flag is provided.
src/app/sql/page.tsx(3110,35): error TS17004: Cannot use JSX unless the '--jsx' flag is provided.
src/app/sql/page.tsx(3116,21): error TS17004: Cannot use JSX unless the '--jsx' flag is provided.
src/app/sql/page.tsx(3117,23): error TS17004: Cannot use JSX unless the '--jsx' flag is provided.
src/app/sql/page.tsx(3118,23): error TS17004: Cannot use JSX unless the '--jsx' flag is provided.
src/app/sql/page.tsx(3121,23): error TS17004: Cannot use JSX unless the '--jsx' flag is provided.
src/app/sql/page.tsx(3122,25): error TS17004: Cannot use JSX unless the '--jsx' flag is provided.
src/app/sql/page.tsx(3123,25): error TS17004: Cannot use JSX unless the '--jsx' flag is provided.
src/app/sql/page.tsx(3124,27): error TS17004: Cannot use JSX unless the '--jsx' flag is provided.
src/app/sql/page.tsx(3125,29): error TS17004: Cannot use JSX unless the '--jsx' flag is provided.
src/app/sql/page.tsx(3127,27): error TS17004: Cannot use JSX unless the '--jsx' flag is provided.
src/app/sql/page.tsx(3128,29): error TS17004: Cannot use JSX unless the '--jsx' flag is provided.
src/app/sql/page.tsx(3130,27): error TS17004: Cannot use JSX unless the '--jsx' flag is provided.
src/app/sql/page.tsx(3131,29): error TS17004: Cannot use JSX unless the '--jsx' flag is provided.
src/app/sql/page.tsx(3133,27): error TS17004: Cannot use JSX unless the '--jsx' flag is provided.
src/app/sql/page.tsx(3134,29): error TS17004: Cannot use JSX unless the '--jsx' flag is provided.
src/app/sql/page.tsx(3140,21): error TS17004: Cannot use JSX unless the '--jsx' flag is provided.
src/app/sql/page.tsx(3141,23): error TS17004: Cannot use JSX unless the '--jsx' flag is provided.
src/app/sql/page.tsx(3142,23): error TS17004: Cannot use JSX unless the '--jsx' flag is provided.
src/app/sql/page.tsx(3145,23): error TS17004: Cannot use JSX unless the '--jsx' flag is provided.
src/app/sql/page.tsx(3146,25): error TS17004: Cannot use JSX unless the '--jsx' flag is provided.
src/app/sql/page.tsx(3154,23): error TS17004: Cannot use JSX unless the '--jsx' flag is provided.
src/app/sql/page.tsx(3155,25): error TS17004: Cannot use JSX unless the '--jsx' flag is provided.
src/app/sql/page.tsx(3156,25): error TS17004: Cannot use JSX unless the '--jsx' flag is provided.
src/app/sql/page.tsx(3157,27): error TS17004: Cannot use JSX unless the '--jsx' flag is provided.
src/app/sql/page.tsx(3158,27): error TS17004: Cannot use JSX unless the '--jsx' flag is provided.
src/app/sql/page.tsx(3159,27): error TS17004: Cannot use JSX unless the '--jsx' flag is provided.
src/app/sql/page.tsx(3160,27): error TS17004: Cannot use JSX unless the '--jsx' flag is provided.
src/app/sql/page.tsx(3167,17): error TS17004: Cannot use JSX unless the '--jsx' flag is provided.
src/app/sql/page.tsx(3168,19): error TS17004: Cannot use JSX unless the '--jsx' flag is provided.
src/app/sql/page.tsx(3169,19): error TS17004: Cannot use JSX unless the '--jsx' flag is provided.
src/app/sql/page.tsx(3194,17): error TS17004: Cannot use JSX unless the '--jsx' flag is provided.
src/app/sql/page.tsx(3195,19): error TS17004: Cannot use JSX unless the '--jsx' flag is provided.
src/app/sql/page.tsx(3196,19): error TS17004: Cannot use JSX unless the '--jsx' flag is provided.
src/app/sql/page.tsx(3218,13): error TS17004: Cannot use JSX unless the '--jsx' flag is provided.
src/app/sql/page.tsx(3219,15): error TS17004: Cannot use JSX unless the '--jsx' flag is provided.
src/app/sql/page.tsx(3221,15): error TS17004: Cannot use JSX unless the '--jsx' flag is provided.
src/app/sql/page.tsx(3222,17): error TS17004: Cannot use JSX unless the '--jsx' flag is provided.
src/app/sql/page.tsx(3223,17): error TS17004: Cannot use JSX unless the '--jsx' flag is provided.
src/app/sql/page.tsx(3228,17): error TS17004: Cannot use JSX unless the '--jsx' flag is provided.
src/app/sql/page.tsx(3234,15): error TS17004: Cannot use JSX unless the '--jsx' flag is provided.
src/app/sql/page.tsx(3235,17): error TS17004: Cannot use JSX unless the '--jsx' flag is provided.
src/app/sql/page.tsx(3236,19): error TS17004: Cannot use JSX unless the '--jsx' flag is provided.
src/app/sql/page.tsx(3237,19): error TS17004: Cannot use JSX unless the '--jsx' flag is provided.
src/app/sql/page.tsx(3238,21): error TS17004: Cannot use JSX unless the '--jsx' flag is provided.
src/app/sql/page.tsx(3241,19): error TS17004: Cannot use JSX unless the '--jsx' flag is provided.
src/app/sql/page.tsx(3242,21): error TS17004: Cannot use JSX unless the '--jsx' flag is provided.
src/app/sql/page.tsx(3243,21): error TS17004: Cannot use JSX unless the '--jsx' flag is provided.
src/app/sql/page.tsx(3244,23): error TS17004: Cannot use JSX unless the '--jsx' flag is provided.
src/app/sql/page.tsx(3245,25): error TS17004: Cannot use JSX unless the '--jsx' flag is provided.
src/app/sql/page.tsx(3248,23): error TS17004: Cannot use JSX unless the '--jsx' flag is provided.
src/app/sql/page.tsx(3249,25): error TS17004: Cannot use JSX unless the '--jsx' flag is provided.
src/app/sql/page.tsx(3252,23): error TS17004: Cannot use JSX unless the '--jsx' flag is provided.
src/app/sql/page.tsx(3253,25): error TS17004: Cannot use JSX unless the '--jsx' flag is provided.
src/app/sql/page.tsx(3258,19): error TS17004: Cannot use JSX unless the '--jsx' flag is provided.
src/app/sql/page.tsx(3259,21): error TS17004: Cannot use JSX unless the '--jsx' flag is provided.
src/app/sql/page.tsx(3267,19): error TS17004: Cannot use JSX unless the '--jsx' flag is provided.
src/app/sql/page.tsx(3268,21): error TS17004: Cannot use JSX unless the '--jsx' flag is provided.
src/app/sql/page.tsx(3269,21): error TS17004: Cannot use JSX unless the '--jsx' flag is provided.
src/app/sql/page.tsx(3270,23): error TS17004: Cannot use JSX unless the '--jsx' flag is provided.
src/app/sql/page.tsx(3271,23): error TS17004: Cannot use JSX unless the '--jsx' flag is provided.
src/app/sql/page.tsx(3272,23): error TS17004: Cannot use JSX unless the '--jsx' flag is provided.
src/app/sql/page.tsx(3277,17): error TS17004: Cannot use JSX unless the '--jsx' flag is provided.
src/app/sql/page.tsx(3278,19): error TS17004: Cannot use JSX unless the '--jsx' flag is provided.
src/app/sql/page.tsx(3279,19): error TS17004: Cannot use JSX unless the '--jsx' flag is provided.
src/app/sql/page.tsx(3280,21): error TS17004: Cannot use JSX unless the '--jsx' flag is provided.
src/app/sql/page.tsx(3283,19): error TS17004: Cannot use JSX unless the '--jsx' flag is provided.
src/app/sql/page.tsx(3284,21): error TS17004: Cannot use JSX unless the '--jsx' flag is provided.
src/app/sql/page.tsx(3285,21): error TS17004: Cannot use JSX unless the '--jsx' flag is provided.
src/app/sql/page.tsx(3286,23): error TS17004: Cannot use JSX unless the '--jsx' flag is provided.
src/app/sql/page.tsx(3287,25): error TS17004: Cannot use JSX unless the '--jsx' flag is provided.
src/app/sql/page.tsx(3290,23): error TS17004: Cannot use JSX unless the '--jsx' flag is provided.
src/app/sql/page.tsx(3291,25): error TS17004: Cannot use JSX unless the '--jsx' flag is provided.
src/app/sql/page.tsx(3294,23): error TS17004: Cannot use JSX unless the '--jsx' flag is provided.
src/app/sql/page.tsx(3295,25): error TS17004: Cannot use JSX unless the '--jsx' flag is provided.
src/app/sql/page.tsx(3300,19): error TS17004: Cannot use JSX unless the '--jsx' flag is provided.
src/app/sql/page.tsx(3301,21): error TS17004: Cannot use JSX unless the '--jsx' flag is provided.
src/app/sql/page.tsx(3308,19): error TS17004: Cannot use JSX unless the '--jsx' flag is provided.
src/app/sql/page.tsx(3309,21): error TS17004: Cannot use JSX unless the '--jsx' flag is provided.
src/app/sql/page.tsx(3310,21): error TS17004: Cannot use JSX unless the '--jsx' flag is provided.
src/app/sql/page.tsx(3311,23): error TS17004: Cannot use JSX unless the '--jsx' flag is provided.
src/app/sql/page.tsx(3312,23): error TS17004: Cannot use JSX unless the '--jsx' flag is provided.
src/app/sql/page.tsx(3313,23): error TS17004: Cannot use JSX unless the '--jsx' flag is provided.
src/app/sql/page.tsx(3318,17): error TS17004: Cannot use JSX unless the '--jsx' flag is provided.
src/app/sql/page.tsx(3319,19): error TS17004: Cannot use JSX unless the '--jsx' flag is provided.
src/app/sql/page.tsx(3320,19): error TS17004: Cannot use JSX unless the '--jsx' flag is provided.
src/app/sql/page.tsx(3321,19): error TS17004: Cannot use JSX unless the '--jsx' flag is provided.
src/app/sql/page.tsx(3333,17): error TS17004: Cannot use JSX unless the '--jsx' flag is provided.
src/app/sql/page.tsx(3334,19): error TS17004: Cannot use JSX unless the '--jsx' flag is provided.
src/app/sql/page.tsx(3335,19): error TS17004: Cannot use JSX unless the '--jsx' flag is provided.
src/app/sql/page.tsx(3336,19): error TS17004: Cannot use JSX unless the '--jsx' flag is provided.
src/app/sql/page.tsx(3348,13): error TS17004: Cannot use JSX unless the '--jsx' flag is provided.
src/app/sql/page.tsx(3349,15): error TS17004: Cannot use JSX unless the '--jsx' flag is provided.
src/app/sql/page.tsx(3350,15): error TS17004: Cannot use JSX unless the '--jsx' flag is provided.
src/app/sql/page.tsx(3351,17): error TS17004: Cannot use JSX unless the '--jsx' flag is provided.
src/app/sql/page.tsx(3352,19): error TS17004: Cannot use JSX unless the '--jsx' flag is provided.
src/app/sql/page.tsx(3353,19): error TS17004: Cannot use JSX unless the '--jsx' flag is provided.
src/app/sql/page.tsx(3354,19): error TS17004: Cannot use JSX unless the '--jsx' flag is provided.
src/app/sql/page.tsx(3362,17): error TS17004: Cannot use JSX unless the '--jsx' flag is provided.
src/app/sql/page.tsx(3363,19): error TS17004: Cannot use JSX unless the '--jsx' flag is provided.
src/app/sql/page.tsx(3364,19): error TS17004: Cannot use JSX unless the '--jsx' flag is provided.
src/app/sql/page.tsx(3365,19): error TS17004: Cannot use JSX unless the '--jsx' flag is provided.
src/app/sql/page.tsx(3373,17): error TS17004: Cannot use JSX unless the '--jsx' flag is provided.
src/app/sql/page.tsx(3374,19): error TS17004: Cannot use JSX unless the '--jsx' flag is provided.
src/app/sql/page.tsx(3375,19): error TS17004: Cannot use JSX unless the '--jsx' flag is provided.
src/app/sql/page.tsx(3376,19): error TS17004: Cannot use JSX unless the '--jsx' flag is provided.
src/app/sql/page.tsx(3386,17): error TS17004: Cannot use JSX unless the '--jsx' flag is provided.
src/app/sql/page.tsx(3387,19): error TS17004: Cannot use JSX unless the '--jsx' flag is provided.
src/app/sql/page.tsx(3388,19): error TS17004: Cannot use JSX unless the '--jsx' flag is provided.
src/app/sql/page.tsx(3389,19): error TS17004: Cannot use JSX unless the '--jsx' flag is provided.
src/app/sql/page.tsx(3400,13): error TS17004: Cannot use JSX unless the '--jsx' flag is provided.
src/app/sql/page.tsx(3401,15): error TS17004: Cannot use JSX unless the '--jsx' flag is provided.
src/app/sql/page.tsx(3402,15): error TS17004: Cannot use JSX unless the '--jsx' flag is provided.
src/app/sql/page.tsx(3403,17): error TS17004: Cannot use JSX unless the '--jsx' flag is provided.
src/app/sql/page.tsx(3404,19): error TS17004: Cannot use JSX unless the '--jsx' flag is provided.
src/app/sql/page.tsx(3405,19): error TS17004: Cannot use JSX unless the '--jsx' flag is provided.
src/app/sql/page.tsx(3406,21): error TS17004: Cannot use JSX unless the '--jsx' flag is provided.
src/app/sql/page.tsx(3407,21): error TS17004: Cannot use JSX unless the '--jsx' flag is provided.
src/app/sql/page.tsx(3408,21): error TS17004: Cannot use JSX unless the '--jsx' flag is provided.
src/app/sql/page.tsx(3409,21): error TS17004: Cannot use JSX unless the '--jsx' flag is provided.
src/app/sql/page.tsx(3410,21): error TS17004: Cannot use JSX unless the '--jsx' flag is provided.
src/app/sql/page.tsx(3411,21): error TS17004: Cannot use JSX unless the '--jsx' flag is provided.
src/app/sql/page.tsx(3412,21): error TS17004: Cannot use JSX unless the '--jsx' flag is provided.
src/app/sql/page.tsx(3415,17): error TS17004: Cannot use JSX unless the '--jsx' flag is provided.
src/app/sql/page.tsx(3416,19): error TS17004: Cannot use JSX unless the '--jsx' flag is provided.
src/app/sql/page.tsx(3417,19): error TS17004: Cannot use JSX unless the '--jsx' flag is provided.
src/app/sql/page.tsx(3418,21): error TS17004: Cannot use JSX unless the '--jsx' flag is provided.
src/app/sql/page.tsx(3419,21): error TS17004: Cannot use JSX unless the '--jsx' flag is provided.
src/app/sql/page.tsx(3420,21): error TS17004: Cannot use JSX unless the '--jsx' flag is provided.
src/app/sql/page.tsx(3421,21): error TS17004: Cannot use JSX unless the '--jsx' flag is provided.
src/app/sql/page.tsx(3422,21): error TS17004: Cannot use JSX unless the '--jsx' flag is provided.
src/app/sql/page.tsx(3423,21): error TS17004: Cannot use JSX unless the '--jsx' flag is provided.
src/app/sql/page.tsx(3424,21): error TS17004: Cannot use JSX unless the '--jsx' flag is provided.
src/app/sql/page.tsx(3434,11): error TS17004: Cannot use JSX unless the '--jsx' flag is provided.
src/app/sql/page.tsx(3435,13): error TS17004: Cannot use JSX unless the '--jsx' flag is provided.
src/app/sql/page.tsx(3436,15): error TS17004: Cannot use JSX unless the '--jsx' flag is provided.
src/app/sql/page.tsx(3439,15): error TS17004: Cannot use JSX unless the '--jsx' flag is provided.
src/app/sql/page.tsx(3443,15): error TS17004: Cannot use JSX unless the '--jsx' flag is provided.
src/app/sql/page.tsx(3444,17): error TS17004: Cannot use JSX unless the '--jsx' flag is provided.
src/app/sql/page.tsx(3445,19): error TS17004: Cannot use JSX unless the '--jsx' flag is provided.
src/app/sql/page.tsx(3446,21): error TS17004: Cannot use JSX unless the '--jsx' flag is provided.
src/app/sql/page.tsx(3447,21): error TS17004: Cannot use JSX unless the '--jsx' flag is provided.
src/app/sql/page.tsx(3448,21): error TS17004: Cannot use JSX unless the '--jsx' flag is provided.
src/app/sql/page.tsx(3449,23): error TS17004: Cannot use JSX unless the '--jsx' flag is provided.
src/app/sql/page.tsx(3450,23): error TS17004: Cannot use JSX unless the '--jsx' flag is provided.
src/app/sql/page.tsx(3451,23): error TS17004: Cannot use JSX unless the '--jsx' flag is provided.
src/app/sql/page.tsx(3452,23): error TS17004: Cannot use JSX unless the '--jsx' flag is provided.
src/app/sql/page.tsx(3456,19): error TS17004: Cannot use JSX unless the '--jsx' flag is provided.
src/app/sql/page.tsx(3457,21): error TS17004: Cannot use JSX unless the '--jsx' flag is provided.
src/app/sql/page.tsx(3458,21): error TS17004: Cannot use JSX unless the '--jsx' flag is provided.
src/app/sql/page.tsx(3459,21): error TS17004: Cannot use JSX unless the '--jsx' flag is provided.
src/app/sql/page.tsx(3460,23): error TS17004: Cannot use JSX unless the '--jsx' flag is provided.
src/app/sql/page.tsx(3461,23): error TS17004: Cannot use JSX unless the '--jsx' flag is provided.
src/app/sql/page.tsx(3462,23): error TS17004: Cannot use JSX unless the '--jsx' flag is provided.
src/app/sql/page.tsx(3463,23): error TS17004: Cannot use JSX unless the '--jsx' flag is provided.
src/app/sql/page.tsx(3467,19): error TS17004: Cannot use JSX unless the '--jsx' flag is provided.
src/app/sql/page.tsx(3468,21): error TS17004: Cannot use JSX unless the '--jsx' flag is provided.
src/app/sql/page.tsx(3469,21): error TS17004: Cannot use JSX unless the '--jsx' flag is provided.
src/app/sql/page.tsx(3470,21): error TS17004: Cannot use JSX unless the '--jsx' flag is provided.
src/app/sql/page.tsx(3471,23): error TS17004: Cannot use JSX unless the '--jsx' flag is provided.
src/app/sql/page.tsx(3472,23): error TS17004: Cannot use JSX unless the '--jsx' flag is provided.
src/app/sql/page.tsx(3473,23): error TS17004: Cannot use JSX unless the '--jsx' flag is provided.
src/app/sql/page.tsx(3474,23): error TS17004: Cannot use JSX unless the '--jsx' flag is provided.
src/app/sql/page.tsx(3485,11): error TS17004: Cannot use JSX unless the '--jsx' flag is provided.
src/app/sql/page.tsx(3486,13): error TS17004: Cannot use JSX unless the '--jsx' flag is provided.
src/app/sql/page.tsx(3487,15): error TS17004: Cannot use JSX unless the '--jsx' flag is provided.
src/app/sql/page.tsx(3490,15): error TS17004: Cannot use JSX unless the '--jsx' flag is provided.
src/app/sql/page.tsx(3494,15): error TS17004: Cannot use JSX unless the '--jsx' flag is provided.
src/app/sql/page.tsx(3496,17): error TS17004: Cannot use JSX unless the '--jsx' flag is provided.
src/app/sql/page.tsx(3497,19): error TS17004: Cannot use JSX unless the '--jsx' flag is provided.
src/app/sql/page.tsx(3498,19): error TS17004: Cannot use JSX unless the '--jsx' flag is provided.
src/app/sql/page.tsx(3499,21): error TS17004: Cannot use JSX unless the '--jsx' flag is provided.
src/app/sql/page.tsx(3500,23): error TS17004: Cannot use JSX unless the '--jsx' flag is provided.
src/app/sql/page.tsx(3501,23): error TS17004: Cannot use JSX unless the '--jsx' flag is provided.
src/app/sql/page.tsx(3507,21): error TS17004: Cannot use JSX unless the '--jsx' flag is provided.
src/app/sql/page.tsx(3508,23): error TS17004: Cannot use JSX unless the '--jsx' flag is provided.
src/app/sql/page.tsx(3509,23): error TS17004: Cannot use JSX unless the '--jsx' flag is provided.
src/app/sql/page.tsx(3515,21): error TS17004: Cannot use JSX unless the '--jsx' flag is provided.
src/app/sql/page.tsx(3516,23): error TS17004: Cannot use JSX unless the '--jsx' flag is provided.
src/app/sql/page.tsx(3517,23): error TS17004: Cannot use JSX unless the '--jsx' flag is provided.
src/app/sql/page.tsx(3523,21): error TS17004: Cannot use JSX unless the '--jsx' flag is provided.
src/app/sql/page.tsx(3524,23): error TS17004: Cannot use JSX unless the '--jsx' flag is provided.
src/app/sql/page.tsx(3525,23): error TS17004: Cannot use JSX unless the '--jsx' flag is provided.
src/app/sql/page.tsx(3534,17): error TS17004: Cannot use JSX unless the '--jsx' flag is provided.
src/app/sql/page.tsx(3535,19): error TS17004: Cannot use JSX unless the '--jsx' flag is provided.
src/app/sql/page.tsx(3536,19): error TS17004: Cannot use JSX unless the '--jsx' flag is provided.
src/app/sql/page.tsx(3537,21): error TS17004: Cannot use JSX unless the '--jsx' flag is provided.
src/app/sql/page.tsx(3538,23): error TS17004: Cannot use JSX unless the '--jsx' flag is provided.
src/app/sql/page.tsx(3568,17): error TS17004: Cannot use JSX unless the '--jsx' flag is provided.
src/app/sql/page.tsx(3569,19): error TS17004: Cannot use JSX unless the '--jsx' flag is provided.
src/app/sql/page.tsx(3570,19): error TS17004: Cannot use JSX unless the '--jsx' flag is provided.
src/app/sql/page.tsx(3571,21): error TS17004: Cannot use JSX unless the '--jsx' flag is provided.
src/app/sql/page.tsx(3572,23): error TS17004: Cannot use JSX unless the '--jsx' flag is provided.
src/app/sql/page.tsx(3573,23): error TS17004: Cannot use JSX unless the '--jsx' flag is provided.
src/app/sql/page.tsx(3574,25): error TS17004: Cannot use JSX unless the '--jsx' flag is provided.
src/app/sql/page.tsx(3575,25): error TS17004: Cannot use JSX unless the '--jsx' flag is provided.
src/app/sql/page.tsx(3576,25): error TS17004: Cannot use JSX unless the '--jsx' flag is provided.
src/app/sql/page.tsx(3577,25): error TS17004: Cannot use JSX unless the '--jsx' flag is provided.
src/app/sql/page.tsx(3578,25): error TS17004: Cannot use JSX unless the '--jsx' flag is provided.
src/app/sql/page.tsx(3581,21): error TS17004: Cannot use JSX unless the '--jsx' flag is provided.
src/app/sql/page.tsx(3582,23): error TS17004: Cannot use JSX unless the '--jsx' flag is provided.
src/app/sql/page.tsx(3583,23): error TS17004: Cannot use JSX unless the '--jsx' flag is provided.
src/app/sql/page.tsx(3584,25): error TS17004: Cannot use JSX unless the '--jsx' flag is provided.
src/app/sql/page.tsx(3585,25): error TS17004: Cannot use JSX unless the '--jsx' flag is provided.
src/app/sql/page.tsx(3586,25): error TS17004: Cannot use JSX unless the '--jsx' flag is provided.
src/app/sql/page.tsx(3587,25): error TS17004: Cannot use JSX unless the '--jsx' flag is provided.
src/app/sql/page.tsx(3588,25): error TS17004: Cannot use JSX unless the '--jsx' flag is provided.
src/app/sql/page.tsx(3591,21): error TS17004: Cannot use JSX unless the '--jsx' flag is provided.
src/app/sql/page.tsx(3592,23): error TS17004: Cannot use JSX unless the '--jsx' flag is provided.
src/app/sql/page.tsx(3593,23): error TS17004: Cannot use JSX unless the '--jsx' flag is provided.
src/app/sql/page.tsx(3594,25): error TS17004: Cannot use JSX unless the '--jsx' flag is provided.
src/app/sql/page.tsx(3595,25): error TS17004: Cannot use JSX unless the '--jsx' flag is provided.
src/app/sql/page.tsx(3596,25): error TS17004: Cannot use JSX unless the '--jsx' flag is provided.
src/app/sql/page.tsx(3597,25): error TS17004: Cannot use JSX unless the '--jsx' flag is provided.
src/app/sql/page.tsx(3598,25): error TS17004: Cannot use JSX unless the '--jsx' flag is provided.
src/app/sql/page.tsx(3605,17): error TS17004: Cannot use JSX unless the '--jsx' flag is provided.
src/app/sql/page.tsx(3606,19): error TS17004: Cannot use JSX unless the '--jsx' flag is provided.
src/app/sql/page.tsx(3607,19): error TS17004: Cannot use JSX unless the '--jsx' flag is provided.
src/app/sql/page.tsx(3608,21): error TS17004: Cannot use JSX unless the '--jsx' flag is provided.
src/app/sql/page.tsx(3609,23): error TS17004: Cannot use JSX unless the '--jsx' flag is provided.
src/app/sql/page.tsx(3610,23): error TS17004: Cannot use JSX unless the '--jsx' flag is provided.
src/app/sql/page.tsx(3614,21): error TS17004: Cannot use JSX unless the '--jsx' flag is provided.
src/app/sql/page.tsx(3615,23): error TS17004: Cannot use JSX unless the '--jsx' flag is provided.
src/app/sql/page.tsx(3616,23): error TS17004: Cannot use JSX unless the '--jsx' flag is provided.
src/app/sql/page.tsx(3620,21): error TS17004: Cannot use JSX unless the '--jsx' flag is provided.
src/app/sql/page.tsx(3621,23): error TS17004: Cannot use JSX unless the '--jsx' flag is provided.
src/app/sql/page.tsx(3622,23): error TS17004: Cannot use JSX unless the '--jsx' flag is provided.
src/app/sql/page.tsx(3626,21): error TS17004: Cannot use JSX unless the '--jsx' flag is provided.
src/app/sql/page.tsx(3627,23): error TS17004: Cannot use JSX unless the '--jsx' flag is provided.
src/app/sql/page.tsx(3628,23): error TS17004: Cannot use JSX unless the '--jsx' flag is provided.
src/app/sql/page.tsx(3636,17): error TS17004: Cannot use JSX unless the '--jsx' flag is provided.
src/app/sql/page.tsx(3637,19): error TS17004: Cannot use JSX unless the '--jsx' flag is provided.
src/app/sql/page.tsx(3638,19): error TS17004: Cannot use JSX unless the '--jsx' flag is provided.
src/app/sql/page.tsx(3639,21): error TS17004: Cannot use JSX unless the '--jsx' flag is provided.
src/app/sql/page.tsx(3640,23): error TS17004: Cannot use JSX unless the '--jsx' flag is provided.
src/app/sql/page.tsx(3641,25): error TS17004: Cannot use JSX unless the '--jsx' flag is provided.
src/app/sql/page.tsx(3641,57): error TS17004: Cannot use JSX unless the '--jsx' flag is provided.
src/app/sql/page.tsx(3643,23): error TS17004: Cannot use JSX unless the '--jsx' flag is provided.
src/app/sql/page.tsx(3644,25): error TS17004: Cannot use JSX unless the '--jsx' flag is provided.
src/app/sql/page.tsx(3644,57): error TS17004: Cannot use JSX unless the '--jsx' flag is provided.
src/app/sql/page.tsx(3646,23): error TS17004: Cannot use JSX unless the '--jsx' flag is provided.
src/app/sql/page.tsx(3647,25): error TS17004: Cannot use JSX unless the '--jsx' flag is provided.
src/app/sql/page.tsx(3647,57): error TS17004: Cannot use JSX unless the '--jsx' flag is provided.
src/app/sql/page.tsx(3649,23): error TS17004: Cannot use JSX unless the '--jsx' flag is provided.
src/app/sql/page.tsx(3650,25): error TS17004: Cannot use JSX unless the '--jsx' flag is provided.
src/app/sql/page.tsx(3650,57): error TS17004: Cannot use JSX unless the '--jsx' flag is provided.
src/app/sql/page.tsx(3653,21): error TS17004: Cannot use JSX unless the '--jsx' flag is provided.
src/app/sql/page.tsx(3654,23): error TS17004: Cannot use JSX unless the '--jsx' flag is provided.
src/app/sql/page.tsx(3655,25): error TS17004: Cannot use JSX unless the '--jsx' flag is provided.
src/app/sql/page.tsx(3656,25): error TS17004: Cannot use JSX unless the '--jsx' flag is provided.
src/app/sql/page.tsx(3656,57): error TS17004: Cannot use JSX unless the '--jsx' flag is provided.
src/app/sql/page.tsx(3658,23): error TS17004: Cannot use JSX unless the '--jsx' flag is provided.
src/app/sql/page.tsx(3659,25): error TS17004: Cannot use JSX unless the '--jsx' flag is provided.
src/app/sql/page.tsx(3660,25): error TS17004: Cannot use JSX unless the '--jsx' flag is provided.
src/app/sql/page.tsx(3660,57): error TS17004: Cannot use JSX unless the '--jsx' flag is provided.
src/app/sql/page.tsx(3662,23): error TS17004: Cannot use JSX unless the '--jsx' flag is provided.
src/app/sql/page.tsx(3663,25): error TS17004: Cannot use JSX unless the '--jsx' flag is provided.
src/app/sql/page.tsx(3664,25): error TS17004: Cannot use JSX unless the '--jsx' flag is provided.
src/app/sql/page.tsx(3664,57): error TS17004: Cannot use JSX unless the '--jsx' flag is provided.
src/app/sql/page.tsx(3666,23): error TS17004: Cannot use JSX unless the '--jsx' flag is provided.
src/app/sql/page.tsx(3667,25): error TS17004: Cannot use JSX unless the '--jsx' flag is provided.
src/app/sql/page.tsx(3668,25): error TS17004: Cannot use JSX unless the '--jsx' flag is provided.
src/app/sql/page.tsx(3668,57): error TS17004: Cannot use JSX unless the '--jsx' flag is provided.
src/app/sql/page.tsx(3680,11): error TS17004: Cannot use JSX unless the '--jsx' flag is provided.
src/app/sql/page.tsx(3681,13): error TS17004: Cannot use JSX unless the '--jsx' flag is provided.
src/app/sql/page.tsx(3682,15): error TS17004: Cannot use JSX unless the '--jsx' flag is provided.
src/app/sql/page.tsx(3685,15): error TS17004: Cannot use JSX unless the '--jsx' flag is provided.
src/app/sql/page.tsx(3689,15): error TS17004: Cannot use JSX unless the '--jsx' flag is provided.
src/app/sql/page.tsx(3690,17): error TS17004: Cannot use JSX unless the '--jsx' flag is provided.
src/app/sql/page.tsx(3698,11): error TS17004: Cannot use JSX unless the '--jsx' flag is provided.
src/app/sql/page.tsx(3699,13): error TS17004: Cannot use JSX unless the '--jsx' flag is provided.
src/app/sql/page.tsx(3700,15): error TS17004: Cannot use JSX unless the '--jsx' flag is provided.
src/app/sql/page.tsx(3703,15): error TS17004: Cannot use JSX unless the '--jsx' flag is provided.
src/app/sql/page.tsx(3713,5): error TS17004: Cannot use JSX unless the '--jsx' flag is provided.
src/app/sql/page.tsx(3714,7): error TS17004: Cannot use JSX unless the '--jsx' flag is provided.
